Component: ARM Compiler 5.06 update 3 (build 300) Tool: armlink [4d35c9]

==============================================================================

Section Cross References

    main.o(i.main) refers to app.o(i.Hardware_Init) for Hardware_Init
    main.o(i.main) refers to app.o(i.Tasks_Init) for Tasks_Init
    main.o(i.main) refers to tasks.o(i.vTaskStartScheduler) for vTaskStartScheduler
    nvic.o(i.CFG_My_NVIC) refers to misc.o(i.NVIC_PriorityGroupConfig) for NVIC_PriorityGroupConfig
    stm32f10x_it.o(i.BusFault_Handler) refers to printfa.o(i.__0printf) for __2printf
    stm32f10x_it.o(i.DebugMon_Handler) refers to printfa.o(i.__0printf) for __2printf
    stm32f10x_it.o(i.MemManage_Handler) refers to printfa.o(i.__0printf) for __2printf
    stm32f10x_it.o(i.NMI_Handler) refers to printfa.o(i.__0printf) for __2printf
    stm32f10x_it.o(i.UsageFault_Handler) refers to printfa.o(i.__0printf) for __2printf
    app.o(i.FAT_Test) refers to ff.o(i.f_mount) for f_mount
    app.o(i.FAT_Test) refers to printfa.o(i.__0printf) for __2printf
    app.o(i.FAT_Test) refers to ff.o(i.f_mkfs) for f_mkfs
    app.o(i.FAT_Test) refers to ff.o(i.f_open) for f_open
    app.o(i.FAT_Test) refers to ff.o(i.f_write) for f_write
    app.o(i.FAT_Test) refers to ff.o(i.f_close) for f_close
    app.o(i.FAT_Test) refers to ff.o(i.f_read) for f_read
    app.o(i.FAT_Test) refers to f2d.o(.text) for __aeabi_f2d
    app.o(i.FAT_Test) refers to app.o(.bss) for work
    app.o(i.Hardware_Init) refers to nvic.o(i.CFG_My_NVIC) for CFG_My_NVIC
    app.o(i.Hardware_Init) refers to led.o(i.LEDs_Init) for LEDs_Init
    app.o(i.Hardware_Init) refers to usart.o(i.USART1_Init) for USART1_Init
    app.o(i.Hardware_Init) refers to usart.o(i.USART2_Init) for USART2_Init
    app.o(i.Hardware_Init) refers to diskio.o(i.disk_initialize) for disk_initialize
    app.o(i.Hardware_Init) refers to printfa.o(i.__0printf) for __2printf
    app.o(i.Hardware_Init) refers to i2c_ee.o(i.I2C_EE_Init) for I2C_EE_Init
    app.o(i.Hardware_Init) refers to ethernet.o(i.Ethernet_Init) for Ethernet_Init
    app.o(i.Hardware_Init) refers to netconf.o(i.LwIP_Init) for LwIP_Init
    app.o(i.I2C_Test) refers to printfa.o(i.__0printf) for __2printf
    app.o(i.I2C_Test) refers to i2c_ee.o(i.I2C_EE_BufferWrite) for I2C_EE_BufferWrite
    app.o(i.I2C_Test) refers to i2c_ee.o(i.I2C_EE_BufferRead) for I2C_EE_BufferRead
    app.o(i.Tasks_Init) refers to task_led_toggle.o(i.Task_Led_Toggle_Init) for Task_Led_Toggle_Init
    app.o(i.Tasks_Init) refers to task_modbus_process.o(i.Task_Modbus_Process_Init) for Task_Modbus_Process_Init
    app.o(i.flash_test) refers to w25x16.o(i.SpiFlashReadID) for SpiFlashReadID
    app.o(i.flash_test) refers to printfa.o(i.__0printf) for __2printf
    app.o(i.flash_test) refers to w25x16.o(i.SpiFlashEraseChip) for SpiFlashEraseChip
    app.o(i.flash_test) refers to w25x16.o(i.SpiFlashWrite) for SpiFlashWrite
    app.o(i.flash_test) refers to w25x16.o(i.SpiFlashRead) for SpiFlashRead
    app.o(i.flash_test) refers to memcmp.o(.text) for memcmp
    app.o(i.flash_test) refers to app.o(.bss) for write_buf
    task_led_toggle.o(i.Task_Led_Toggle) refers to tasks.o(i.vTaskDelay) for vTaskDelay
    task_led_toggle.o(i.Task_Led_Toggle_Init) refers to tasks.o(i.xTaskGenericCreate) for xTaskGenericCreate
    task_led_toggle.o(i.Task_Led_Toggle_Init) refers to task_led_toggle.o(i.Task_Led_Toggle) for Task_Led_Toggle
    task_modbus_process.o(i.DMA1_Channel4_IRQHandler) refers to queue.o(i.xQueueGiveFromISR) for xQueueGiveFromISR
    task_modbus_process.o(i.DMA1_Channel4_IRQHandler) refers to stm32f10x_dma.o(i.DMA_ClearITPendingBit) for DMA_ClearITPendingBit
    task_modbus_process.o(i.DMA1_Channel4_IRQHandler) refers to task_modbus_process.o(.data) for xHigherPriorityTaskWoken
    task_modbus_process.o(i.Modbus_Cmd_Handle) refers to modbus_slave.o(i.Crc16_Modbus) for Crc16_Modbus
    task_modbus_process.o(i.Modbus_Cmd_Handle) refers to queue.o(i.xQueueGenericReceive) for xQueueGenericReceive
    task_modbus_process.o(i.Modbus_Cmd_Handle) refers to modbus_slave.o(i.Mb_Fc01_Coil_Rd) for Mb_Fc01_Coil_Rd
    task_modbus_process.o(i.Modbus_Cmd_Handle) refers to modbus_slave.o(i.Mb_Fc02_Di_Rd) for Mb_Fc02_Di_Rd
    task_modbus_process.o(i.Modbus_Cmd_Handle) refers to modbus_slave.o(i.Mb_Fc03_Holding_Reg_Rd) for Mb_Fc03_Holding_Reg_Rd
    task_modbus_process.o(i.Modbus_Cmd_Handle) refers to modbus_slave.o(i.Mb_Fc04_In_Reg_Rd) for Mb_Fc04_In_Reg_Rd
    task_modbus_process.o(i.Modbus_Cmd_Handle) refers to modbus_slave.o(i.Mb_Fc05_Coil_Wr) for Mb_Fc05_Coil_Wr
    task_modbus_process.o(i.Modbus_Cmd_Handle) refers to modbus_slave.o(i.Mb_Fc06_Holding_Reg_Wr) for Mb_Fc06_Holding_Reg_Wr
    task_modbus_process.o(i.Modbus_Cmd_Handle) refers to modbus_slave.o(i.Mb_Fc16_Multiple_Holding_Reg_Wr) for Mb_Fc16_Multiple_Holding_Reg_Wr
    task_modbus_process.o(i.Modbus_Cmd_Handle) refers to usart.o(i.USART1_DMA_Send) for USART1_DMA_Send
[...]
    .data                                    0x20000084   Section       18  ip.o(.data)
    ip_id                                    0x20000094   Data           2  ip.o(.data)
    .data                                    0x20000098   Section        6  ip_frag.o(.data)
    reassdatagrams                           0x20000098   Data           4  ip_frag.o(.data)
    ip_reass_pbufcount                       0x2000009c   Data           2  ip_frag.o(.data)
    .data                                    0x2000009e   Section        1  etharp.o(.data)
    etharp_cached_entry                      0x2000009e   Data           1  etharp.o(.data)
    .data                                    0x200000a0   Section       20  ethernetif.o(.data)
    .data                                    0x200000b4   Section        2  i2c_ee.o(.data)
    .data                                    0x200000b8   Section       16  stm32_eth.o(.data)
    .data                                    0x200000c8   Section       60  tasks.o(.data)
    pxDelayedTaskList                        0x200000cc   Data           4  tasks.o(.data)
    pxOverflowDelayedTaskList                0x200000d0   Data           4  tasks.o(.data)
    uxDeletedTasksWaitingCleanUp             0x200000d4   Data           4  tasks.o(.data)
    uxCurrentNumberOfTasks                   0x200000d8   Data           4  tasks.o(.data)
    xTickCount                               0x200000dc   Data           4  tasks.o(.data)
    uxTopReadyPriority                       0x200000e0   Data           4  tasks.o(.data)
    xSchedulerRunning                        0x200000e4   Data           4  tasks.o(.data)
    uxPendedTicks                            0x200000e8   Data           4  tasks.o(.data)
    xYieldPending                            0x200000ec   Data           4  tasks.o(.data)
    xNumOfOverflows                          0x200000f0   Data           4  tasks.o(.data)
    uxTaskNumber                             0x200000f4   Data           4  tasks.o(.data)
    xNextTaskUnblockTime                     0x200000f8   Data           4  tasks.o(.data)
    xIdleTaskHandle                          0x200000fc   Data           4  tasks.o(.data)
    uxSchedulerSuspended                     0x20000100   Data           4  tasks.o(.data)
    .data                                    0x20000104   Section       24  heap_4.o(.data)
    xStart                                   0x20000104   Data           8  heap_4.o(.data)
    pxEnd                                    0x2000010c   Data           4  heap_4.o(.data)
    xFreeBytesRemaining                      0x20000110   Data           4  heap_4.o(.data)
    xMinimumEverFreeBytesRemaining           0x20000114   Data           4  heap_4.o(.data)
    xBlockAllocatedBit                       0x20000118   Data           4  heap_4.o(.data)
    .data                                    0x2000011c   Section        4  port.o(.data)
    uxCriticalNesting                        0x2000011c   Data           4  port.o(.data)
    .data                                    0x20000120   Section        2  diskio.o(.data)
    .data                                    0x20000122   Section        1  modbus.o(.data)
    .data                                    0x20000123   Section        1  modbus_slave.o(.data)
    .data                                    0x20000124   Section       20  stm32f10x_rcc.o(.data)
    APBAHBPrescTable                         0x20000124   Data          16  stm32f10x_rcc.o(.data)
    ADCPrescTable                            0x20000134   Data           4  stm32f10x_rcc.o(.data)
    .data                                    0x20000138   Section        4  stdout.o(.data)
    .bss                                     0x2000013c   Section       48  netconf.o(.bss)
    .bss                                     0x2000016c   Section    16013  mem.o(.bss)
    .bss                                     0x20003ffc   Section    12424  memp.o(.bss)
    memp_tab                                 0x20003ffc   Data          40  memp.o(.bss)
    memp_memory                              0x20004024   Data       12384  memp.o(.bss)
    .bss                                     0x20007084   Section      278  stats.o(.bss)
    .bss                                     0x2000719c   Section       16  tcp_in.o(.bss)
    inseg                                    0x2000719c   Data          16  tcp_in.o(.bss)
    .bss                                     0x200071ac   Section      200  etharp.o(.bss)
    arp_table                                0x200071ac   Data         200  etharp.o(.bss)
    .bss                                     0x20007274   Section     9216  ethernetif.o(.bss)
    .bss                                     0x20009674   Section     1030  usart.o(.bss)
    .bss                                     0x20009a7c   Section      220  tasks.o(.bss)
    pxReadyTasksLists                        0x20009a7c   Data         120  tasks.o(.bss)
    xDelayedTaskList1                        0x20009af4   Data          20  tasks.o(.bss)
    xDelayedTaskList2                        0x20009b08   Data          20  tasks.o(.bss)
    xPendingReadyList                        0x20009b1c   Data          20  tasks.o(.bss)
    xTasksWaitingTermination                 0x20009b30   Data          20  tasks.o(.bss)
    xSuspendedTaskList                       0x20009b44   Data          20  tasks.o(.bss)
    .bss                                     0x20009b58   Section    17408  heap_4.o(.bss)
    ucHeap                                   0x20009b58   Data       17408  heap_4.o(.bss)
    .bss                                     0x2000df58   Section     1290  modbus.o(.bss)
    STACK                                    0x2000e468   Section     1024  startup_stm32f10x_cl.o(STACK)

    Global Symbols

    Symbol Name                              Value     Ov Type        Size  Object(Section)

    BuildAttributes$$THM_ISAv4$P$D$K$B$S$PE$A:L22UL41UL21$X:L11$S22US41US21$IEEE1$IW$USESV6$~STKCKD$USESV7$~SHL$OSPACE$ROPI$EBA8$MICROLIB$REQ8$PRES8$EABIv2 0x00000000   Number         0  anon$$obj.o ABSOLUTE
    __ARM_use_no_argv                        0x00000000   Number         0  main.o ABSOLUTE
    _printf_a                                0x00000000   Number         0  stubs.o ABSOLUTE
    _printf_c                                0x00000000   Number         0  stubs.o ABSOLUTE
    _printf_charcount                        0x00000000   Number         0  stubs.o ABSOLUTE
    _printf_d                                0x00000000   Number         0  stubs.o ABSOLUTE
    _printf_e                                0x00000000   Number         0  stubs.o ABSOLUTE
    _printf_f                                0x00000000   Number         0  stubs.o ABSOLUTE
    _printf_flags                            0x00000000   Number         0  stubs.o ABSOLUTE
    _printf_fp_dec                           0x00000000   Number         0  stubs.o ABSOLUTE
    _printf_fp_hex                           0x00000000   Number         0  stubs.o ABSOLUTE
    _printf_g                                0x00000000   Number         0  stubs.o ABSOLUTE
    _printf_i                                0x00000000   Number         0  stubs.o ABSOLUTE
    _printf_int_dec                          0x00000000   Number         0  stubs.o ABSOLUTE
    _printf_l                                0x00000000   Number         0  stubs.o ABSOLUTE
    _printf_lc                               0x00000000   Number         0  stubs.o ABSOLUTE
    _printf_ll                               0x00000000   Number         0  stubs.o ABSOLUTE
    _printf_lld                              0x00000000   Number         0  stubs.o ABSOLUTE
    _printf_lli                              0x00000000   Number         0  stubs.o ABSOLUTE
    _printf_llo                              0x00000000   Number         0  stubs.o ABSOLUTE
    _printf_llu                              0x00000000   Number         0  stubs.o ABSOLUTE
    _printf_llx                              0x00000000   Number         0  stubs.o ABSOLUTE
    _printf_longlong_dec                     0x00000000   Number         0  stubs.o ABSOLUTE
    _printf_longlong_hex                     0x00000000   Number         0  stubs.o ABSOLUTE
    _printf_longlong_oct                     0x00000000   Number         0  stubs.o ABSOLUTE
    _printf_ls                               0x00000000   Number         0  stubs.o ABSOLUTE
    _printf_mbtowc                           0x00000000   Number         0  stubs.o ABSOLUTE
    _printf_n                                0x00000000   Number         0  stubs.o ABSOLUTE
    _printf_o                                0x00000000   Number         0  stubs.o ABSOLUTE
    _printf_p                                0x00000000   Number         0  stubs.o ABSOLUTE
    _printf_percent                          0x00000000   Number         0  stubs.o ABSOLUTE
    _printf_pre_padding                      0x00000000   Number         0  stubs.o ABSOLUTE
    _printf_return_value                     0x00000000   Number         0  stubs.o ABSOLUTE
    _printf_s                                0x00000000   Number         0  stubs.o ABSOLUTE
    _printf_sizespec                         0x00000000   Number         0  stubs.o ABSOLUTE
    _printf_str                              0x00000000   Number         0  stubs.o ABSOLUTE
    _printf_truncate_signed                  0x00000000   Number         0  stubs.o ABSOLUTE
    _printf_truncate_unsigned                0x00000000   Number         0  stubs.o ABSOLUTE
    _printf_u                                0x00000000   Number         0  stubs.o ABSOLUTE
    _printf_wc                               0x00000000   Number         0  stubs.o ABSOLUTE
    _printf_wctomb                           0x00000000   Number         0  stubs.o ABSOLUTE
    _printf_widthprec                        0x00000000   Number         0  stubs.o ABSOLUTE
    _printf_x                                0x00000000   Number         0  stubs.o ABSOLUTE
    __cpp_initialize__aeabi_                  - Undefined Weak Reference
    __cxa_finalize                            - Undefined Weak Reference
    _clock_init                               - Undefined Weak Reference
    _microlib_exit                            - Undefined Weak Reference
    __Vectors_Size                           0x00000150   Number         0  startup_stm32f10x_cl.o ABSOLUTE
    __Vectors                                0x08000000   Data           4  startup_stm32f10x_cl.o(RESET)
    __Vectors_End                            0x08000150   Data           0  startup_stm32f10x_cl.o(RESET)
    __main                                   0x08000151   Thumb Code     0  entry.o(.ARM.Collect$$$$00000000)
    _main_stk                                0x08000151   Thumb Code     0  entry2.o(.ARM.Collect$$$$00000001)
    _main_scatterload                        0x08000155   Thumb Code     0  entry5.o(.ARM.Collect$$$$00000004)
    __main_after_scatterload                 0x08000159   Thumb Code     0  entry5.o(.ARM.Collect$$$$00000004)
    _main_clock                              0x08000159   Thumb Code     0  entry7b.o(.ARM.Collect$$$$00000008)
    _main_cpp_init                           0x08000159   Thumb Code     0  entry8b.o(.ARM.Collect$$$$0000000A)
    _main_init                               0x08000159   Thumb Code     0  entry9a.o(.ARM.Collect$$$$0000000B)
    __rt_final_cpp                           0x08000161   Thumb Code     0  entry10a.o(.ARM.Collect$$$$0000000D)
    __rt_final_exit                          0x08000161   Thumb Code     0  entry11a.o(.ARM.Collect$$$$0000000F)
    SVC_Handler                              0x08000165   Thumb Code    32  port.o(.emb_text)
    __asm___6_port_c_39a90d8d__prvStartFirstTask 0x08000189   Thumb Code    28  port.o(.emb_text)
    SV_Handler                               0x080001a9   Thumb Code    72  port.o(.emb_text)
    vPortGetIPSR                             0x080001f5   Thumb Code     6  port.o(.emb_text)
    Reset_Handler                            0x080001fd   Thumb Code     8  startup_stm32f10x_cl.o(.text)
    PendSV_Handler                           0x08000213   Thumb Code     2  startup_stm32f10x_cl.o(.text)
    ADC1_2_IRQHandler                        0x08000217   Thumb Code     0  startup_stm32f10x_cl.o(.text)
    CAN1_RX0_IRQHandler                      0x08000217   Thumb Code     0  startup_stm32f10x_cl.o(.text)
    CAN1_RX1_IRQHandler                      0x08000217   Thumb Code     0  startup_stm32f10x_cl.o(.text)
    CAN1_SCE_IRQHandler                      0x08000217   Thumb Code     0  startup_stm32f10x_cl.o(.text)
    CAN1_TX_IRQHandler                       0x08000217   Thumb Code     0  startup_stm32f10x_cl.o(.text)
    CAN2_RX0_IRQHandler                      0x08000217   Thumb Code     0  startup_stm32f10x_cl.o(.text)
    CAN2_RX1_IRQHandler                      0x08000217   Thumb Code     0  startup_stm32f10x_cl.o(.text)
    CAN2_SCE_IRQHandler                      0x08000217   Thumb Code     0  startup_stm32f10x_cl.o(.text)
    CAN2_TX_IRQHandler                       0x08000217   Thumb Code     0  startup_stm32f10x_cl.o(.text)
    DMA1_Channel1_IRQHandler                 0x08000217   Thumb Code     0  startup_stm32f10x_cl.o(.text)
    DMA1_Channel2_IRQHandler                 0x08000217   Thumb Code     0  startup_stm32f10x_cl.o(.text)
    DMA1_Channel3_IRQHandler                 0x08000217   Thumb Code     0  startup_stm32f10x_cl.o(.text)
    DMA1_Channel5_IRQHandler                 0x08000217   Thumb Code     0  startup_stm32f10x_cl.o(.text)
    DMA1_Channel6_IRQHandler                 0x08000217   Thumb Code     0  startup_stm32f10x_cl.o(.text)
    DMA2_Channel1_IRQHandler                 0x08000217   Thumb Code     0  startup_stm32f10x_cl.o(.text)
    DMA2_Channel2_IRQHandler                 0x08000217   Thumb Code     0  startup_stm32f10x_cl.o(.text)
    DMA2_Channel3_IRQHandler                 0x08000217   Thumb Code     0  startup_stm32f10x_cl.o(.text)
    DMA2_Channel4_IRQHandler                 0x08000217   Thumb Code     0  startup_stm32f10x_cl.o(.text)
    DMA2_Channel5_IRQHandler                 0x08000217   Thumb Code     0  startup_stm32f10x_cl.o(.text)
    ETH_WKUP_IRQHandler                      0x08000217   Thumb Code     0  startup_stm32f10x_cl.o(.text)
    EXTI0_IRQHandler                         0x08000217   Thumb Code     0  startup_stm32f10x_cl.o(.text)
    EXTI15_10_IRQHandler                     0x08000217   Thumb Code     0  startup_stm32f10x_cl.o(.text)
    EXTI1_IRQHandler                         0x08000217   Thumb Code     0  startup_stm32f10x_cl.o(.text)
    EXTI2_IRQHandler                         0x08000217   Thumb Code     0  startup_stm32f10x_cl.o(.text)
    EXTI3_IRQHandler                         0x08000217   Thumb Code     0  startup_stm32f10x_cl.o(.text)
    EXTI4_IRQHandler                         0x08000217   Thumb Code     0  startup_stm32f10x_cl.o(.text)
    EXTI9_5_IRQHandler                       0x08000217   Thumb Code     0  startup_stm32f10x_cl.o(.text)
    FLASH_IRQHandler                         0x08000217   Thumb Code     0  startup_stm32f10x_cl.o(.text)
    I2C1_ER_IRQHandler                       0x08000217   Thumb Code     0  startup_stm32f10x_cl.o(.text)
    I2C1_EV_IRQHandler                       0x08000217   Thumb Code     0  startup_stm32f10x_cl.o(.text)
    I2C2_ER_IRQHandler                       0x08000217   Thumb Code     0  startup_stm32f10x_cl.o(.text)
    I2C2_EV_IRQHandler                       0x08000217   Thumb Code     0  startup_stm32f10x_cl.o(.text)
    OTG_FS_IRQHandler                        0x08000217   Thumb Code     0  startup_stm32f10x_cl.o(.text)
    OTG_FS_WKUP_IRQHandler                   0x08000217   Thumb Code     0  startup_stm32f10x_cl.o(.text)
    PVD_IRQHandler                           0x08000217   Thumb Code     0  startup_stm32f10x_cl.o(.text)
    RCC_IRQHandler                           0x08000217   Thumb Code     0  startup_stm32f10x_cl.o(.text)
    RTCAlarm_IRQHandler                      0x08000217   Thumb Code     0  startup_stm32f10x_cl.o(.text)
    RTC_IRQHandler                           0x08000217   Thumb Code     0  startup_stm32f10x_cl.o(.text)
    SPI1_IRQHandler                          0x08000217   Thumb Code     0  startup_stm32f10x_cl.o(.text)
    SPI2_IRQHandler                          0x08000217   Thumb Code     0  startup_stm32f10x_cl.o(.text)
    SPI3_IRQHandler                          0x08000217   Thumb Code     0  startup_stm32f10x_cl.o(.text)
    TAMPER_IRQHandler                        0x08000217   Thumb Code     0  startup_stm32f10x_cl.o(.text)
    TIM1_BRK_IRQHandler                      0x08000217   Thumb Code     0  startup_stm32f10x_cl.o(.text)
    TIM1_CC_IRQHandler                       0x08000217   Thumb Code     0  startup_stm32f10x_cl.o(.text)
    TIM1_TRG_COM_IRQHandler                  0x08000217   Thumb Code     0  startup_stm32f10x_cl.o(.text)
    TIM1_UP_IRQHandler                       0x08000217   Thumb Code     0  startup_stm32f10x_cl.o(.text)
    TIM2_IRQHandler                          0x08000217   Thumb Code     0  startup_stm32f10x_cl.o(.text)
    TIM3_IRQHandler                          0x08000217   Thumb Code     0  startup_stm32f10x_cl.o(.text)
    TIM4_IRQHandler                          0x08000217   Thumb Code     0  startup_stm32f10x_cl.o(.text)
    TIM5_IRQHandler                          0x08000217   Thumb Code     0  startup_stm32f10x_cl.o(.text)
    TIM6_IRQHandler                          0x08000217   Thumb Code     0  startup_stm32f10x_cl.o(.text)
    TIM7_IRQHandler                          0x08000217   Thumb Code     0  startup_stm32f10x_cl.o(.text)
    UART4_IRQHandler                         0x08000217   Thumb Code     0  startup_stm32f10x_cl.o(.text)
    UART5_IRQHandler                         0x08000217   Thumb Code     0  startup_stm32f10x_cl.o(.text)
    USART3_IRQHandler                        0x08000217   Thumb Code     0  startup_stm32f10x_cl.o(.text)
    WWDG_IRQHandler                          0x08000217   Thumb Code     0  startup_stm32f10x_cl.o(.text)
    __aeabi_memcpy                           0x08000221   Thumb Code    36  memcpya.o(.text)
    __aeabi_memcpy4                          0x08000221   Thumb Code     0  memcpya.o(.text)
    __aeabi_memcpy8                          0x08000221   Thumb Code     0  memcpya.o(.text)
    __aeabi_memset                           0x08000245   Thumb Code    14  memseta.o(.text)
    __aeabi_memset4                          0x08000245   Thumb Code     0  memseta.o(.text)
    __aeabi_memset8                          0x08000245   Thumb Code     0  memseta.o(.text)
    __aeabi_memclr                           0x08000253   Thumb Code     4  memseta.o(.text)
    __aeabi_memclr4                          0x08000253   Thumb Code     0  memseta.o(.text)
    __aeabi_memclr8                          0x08000253   Thumb Code     0  memseta.o(.text)
    _memset$wrapper                          0x08000257   Thumb Code    18  memseta.o(.text)
    memcmp                                   0x08000269   Thumb Code    26  memcmp.o(.text)
    __aeabi_uidiv                            0x08000283   Thumb Code     0  uidiv.o(.text)
    __aeabi_uidivmod                         0x08000283   Thumb Code    44  uidiv.o(.text)
    __aeabi_uldivmod                         0x080002af   Thumb Code    98  uldiv.o(.text)
    __I$use$fp                               0x08000311   Thumb Code     0  iusefp.o(.text)
    __aeabi_dadd                             0x08000311   Thumb Code   322  dadd.o(.text)
    __aeabi_dsub                             0x08000453   Thumb Code     6  dadd.o(.text)
    __aeabi_drsub                            0x08000459   Thumb Code     6  dadd.o(.text)
    __aeabi_dmul                             0x0800045f   Thumb Code   228  dmul.o(.text)
    __aeabi_ddiv                             0x08000543   Thumb Code   222  ddiv.o(.text)
    __aeabi_d2ulz                            0x08000621   Thumb Code    48  dfixul.o(.text)
    __aeabi_cdrcmple                         0x08000651   Thumb Code    48  cdrcmple.o(.text)
    __scatterload                            0x08000681   Thumb Code    28  init.o(.text)
    __scatterload_rt2                        0x08000681   Thumb Code     0  init.o(.text)
    __aeabi_llsl                             0x080006a5   Thumb Code    30  llshl.o(.text)
    _ll_shift_l                              0x080006a5   Thumb Code     0  llshl.o(.text)
    __aeabi_llsr                             0x080006c3   Thumb Code    32  llushr.o(.text)
    _ll_ushift_r                             0x080006c3   Thumb Code     0  llushr.o(.text)
    __aeabi_lasr                             0x080006e3   Thumb Code    36  llsshr.o(.text)
    _ll_sshift_r                             0x080006e3   Thumb Code     0  llsshr.o(.text)
    _double_round                            0x08000707   Thumb Code    30  depilogue.o(.text)
    _double_epilogue                         0x08000725   Thumb Code   156  depilogue.o(.text)
    __decompress                             0x080007c1   Thumb Code     0  __dczerorl2.o(.text)
    __decompress1                            0x080007c1   Thumb Code    86  __dczerorl2.o(.text)
    BusFault_Handler                         0x08000819   Thumb Code    10  stm32f10x_it.o(i.BusFault_Handler)
    CFG_My_NVIC                              0x08000835   Thumb Code    12  nvic.o(i.CFG_My_NVIC)
    Crc16_Modbus                             0x08000841   Thumb Code    58  modbus_slave.o(i.Crc16_Modbus)
    DMA1_Channel4_IRQHandler                 0x0800087d   Thumb Code    56  task_modbus_process.o(i.DMA1_Channel4_IRQHandler)
    DMA1_Channel7_IRQHandler                 0x080008c1   Thumb Code    20  usart.o(i.DMA1_Channel7_IRQHandler)
    DMA_ClearITPendingBit                    0x080008d9   Thumb Code    18  stm32f10x_dma.o(i.DMA_ClearITPendingBit)
    DMA_Cmd                                  0x080008f5   Thumb Code    24  stm32f10x_dma.o(i.DMA_Cmd)
    DMA_DeInit                               0x0800090d   Thumb Code   324  stm32f10x_dma.o(i.DMA_DeInit)
    DMA_GetCurrDataCounter                   0x08000a59   Thumb Code     8  stm32f10x_dma.o(i.DMA_GetCurrDataCounter)
    DMA_ITConfig                             0x08000a61   Thumb Code    18  stm32f10x_dma.o(i.DMA_ITConfig)
    DMA_Init                                 0x08000a73   Thumb Code    60  stm32f10x_dma.o(i.DMA_Init)
    DMA_SetCurrDataCounter                   0x08000aaf   Thumb Code     4  stm32f10x_dma.o(i.DMA_SetCurrDataCounter)
    DebugMon_Handler                         0x08000ab5   Thumb Code    10  stm32f10x_it.o(i.DebugMon_Handler)
    ETH_DMAClearITPendingBit                 0x08000ad1   Thumb Code     6  stm32_eth.o(i.ETH_DMAClearITPendingBit)
    ETH_DMAITConfig                          0x08000add   Thumb Code    26  stm32_eth.o(i.ETH_DMAITConfig)
    ETH_DMAReceptionCmd                      0x08000afd   Thumb Code    30  stm32_eth.o(i.ETH_DMAReceptionCmd)
    ETH_DMARxDescChainInit                   0x08000b21   Thumb Code    76  stm32_eth.o(i.ETH_DMARxDescChainInit)
    ETH_DMARxDescReceiveITConfig             0x08000b75   Thumb Code    22  stm32_eth.o(i.ETH_DMARxDescReceiveITConfig)
    ETH_DMATransmissionCmd                   0x08000b8d   Thumb Code    30  stm32_eth.o(i.ETH_DMATransmissionCmd)
    ETH_DMATxDescChainInit                   0x08000bb1   Thumb Code    70  stm32_eth.o(i.ETH_DMATxDescChainInit)
    ETH_DeInit                               0x08000c01   Thumb Code    22  stm32_eth.o(i.ETH_DeInit)
    ETH_FlushTransmitFIFO                    0x08000c35   Thumb Code    14  stm32_eth.o(i.ETH_FlushTransmitFIFO)
    ETH_GetCurrentTxBuffer                   0x08000c49   Thumb Code     8  ethernetif.o(i.ETH_GetCurrentTxBuffer)
    ETH_GetDMARxDescFrameLength              0x08000c55   Thumb Code    10  stm32_eth.o(i.ETH_GetDMARxDescFrameLength)
    ETH_GetRxPktSize                         0x08000c61   Thumb Code    66  stm32_eth.o(i.ETH_GetRxPktSize)
    ETH_GetSoftwareResetStatus               0x08000ca9   Thumb Code    20  stm32_eth.o(i.ETH_GetSoftwareResetStatus)
    ETH_IRQHandler                           0x08000cc1   Thumb Code    32  netconf.o(i.ETH_IRQHandler)
    ETH_Init                                 0x08000ce1   Thumb Code   652  stm32_eth.o(i.ETH_Init)
    ETH_MACAddressConfig                     0x08001061   Thumb Code    46  stm32_eth.o(i.ETH_MACAddressConfig)
    ETH_MACReceptionCmd                      0x08001095   Thumb Code    30  stm32_eth.o(i.ETH_MACReceptionCmd)
    ETH_MACTransmissionCmd                   0x080010b9   Thumb Code    30  stm32_eth.o(i.ETH_MACTransmissionCmd)
    ETH_ReadPHYRegister                      0x080010dd   Thumb Code    98  stm32_eth.o(i.ETH_ReadPHYRegister)
    ETH_RxPkt_ChainMode                      0x08001149   Thumb Code   148  ethernetif.o(i.ETH_RxPkt_ChainMode)
    ETH_SoftwareReset                        0x080011e5   Thumb Code    14  stm32_eth.o(i.ETH_SoftwareReset)
    ETH_Start                                0x080011f9   Thumb Code    32  stm32_eth.o(i.ETH_Start)
    ETH_StructInit                           0x08001219   Thumb Code   176  stm32_eth.o(i.ETH_StructInit)
    ETH_TxPkt_ChainMode                      0x080012c9   Thumb Code    94  ethernetif.o(i.ETH_TxPkt_ChainMode)
    ETH_WritePHYRegister                     0x08001331   Thumb Code    96  stm32_eth.o(i.ETH_WritePHYRegister)
    Ethernet_Init                            0x08001449   Thumb Code    24  ethernet.o(i.Ethernet_Init)
    Ethernet_MDIO_Config                     0x080014c5   Thumb Code    70  stm32_eth.o(i.Ethernet_MDIO_Config)
    Ethernet_NVIC_Configuration              0x08001521   Thumb Code    34  ethernet.o(i.Ethernet_NVIC_Configuration)
    GPIO_Configuration                       0x08001639   Thumb Code    46  i2c_ee.o(i.GPIO_Configuration)
    GPIO_ETH_MediaInterfaceConfig            0x0800166d   Thumb Code     6  stm32f10x_gpio.o(i.GPIO_ETH_MediaInterfaceConfig)
    GPIO_Init                                0x08001679   Thumb Code   278  stm32f10x_gpio.o(i.GPIO_Init)
    GPIO_PinRemapConfig                      0x08001791   Thumb Code   138  stm32f10x_gpio.o(i.GPIO_PinRemapConfig)
    GPIO_ResetBits                           0x08001821   Thumb Code     4  stm32f10x_gpio.o(i.GPIO_ResetBits)
    GPIO_SetBits                             0x08001825   Thumb Code     4  stm32f10x_gpio.o(i.GPIO_SetBits)
    HardFault_Handler                        0x08001829   Thumb Code    16  stm32f10x_it.o(i.HardFault_Handler)
    Hardware_Init                            0x0800183d   Thumb Code    60  app.o(i.Hardware_Init)
    I2C_Cmd                                  0x08001895   Thumb Code    24  stm32f10x_i2c.o(i.I2C_Cmd)
    I2C_Configuration                        0x080018ad   Thumb Code    58  i2c_ee.o(i.I2C_Configuration)
    I2C_EE_Init                              0x080018f1   Thumb Code    18  i2c_ee.o(i.I2C_EE_Init)
    I2C_Init                                 0x08001909   Thumb Code   222  stm32f10x_i2c.o(i.I2C_Init)
    LEDs_Init                                0x080019f5   Thumb Code   138  led.o(i.LEDs_Init)
    LwIP_Init                                0x08001a85   Thumb Code    80  netconf.o(i.LwIP_Init)
    LwIP_Pkt_Handle                          0x08001af1   Thumb Code    10  netconf.o(i.LwIP_Pkt_Handle)
    Mb_Fc01_Coil_Rd                          0x08001b01   Thumb Code   398  modbus_slave.o(i.Mb_Fc01_Coil_Rd)
    Mb_Fc02_Di_Rd                            0x08001c95   Thumb Code   394  modbus_slave.o(i.Mb_Fc02_Di_Rd)
    Mb_Fc03_Holding_Reg_Rd                   0x08001e25   Thumb Code   302  modbus_slave.o(i.Mb_Fc03_Holding_Reg_Rd)
    Mb_Fc04_In_Reg_Rd                        0x08001f59   Thumb Code   300  modbus_slave.o(i.Mb_Fc04_In_Reg_Rd)
    Mb_Fc05_Coil_Wr                          0x08002089   Thumb Code   246  modbus_slave.o(i.Mb_Fc05_Coil_Wr)
    Mb_Fc06_Holding_Reg_Wr                   0x08002185   Thumb Code   220  modbus_slave.o(i.Mb_Fc06_Holding_Reg_Wr)
    Mb_Fc16_Multiple_Holding_Reg_Wr          0x08002265   Thumb Code   328  modbus_slave.o(i.Mb_Fc16_Multiple_Holding_Reg_Wr)
    MemManage_Handler                        0x080023b1   Thumb Code    10  stm32f10x_it.o(i.MemManage_Handler)
    Modbus_Coil_Rd                           0x080024e5   Thumb Code    12  modbus.o(i.Modbus_Coil_Rd)
    Modbus_Coil_Wr                           0x080024f5   Thumb Code    10  modbus.o(i.Modbus_Coil_Wr)
    Modbus_Di_Rd                             0x08002505   Thumb Code    12  modbus.o(i.Modbus_Di_Rd)
    Modbus_Holding_Reg_Rd                    0x08002515   Thumb Code    16  modbus.o(i.Modbus_Holding_Reg_Rd)
    Modbus_Holding_Reg_Wr                    0x08002529   Thumb Code    14  modbus.o(i.Modbus_Holding_Reg_Wr)
    Modbus_Input_Reg_Rd                      0x0800253d   Thumb Code    14  modbus.o(i.Modbus_Input_Reg_Rd)
    NMI_Handler                              0x08002551   Thumb Code    10  stm32f10x_it.o(i.NMI_Handler)
    NVIC_Init                                0x0800256d   Thumb Code   100  misc.o(i.NVIC_Init)
    NVIC_PriorityGroupConfig                 0x080025dd   Thumb Code    10  misc.o(i.NVIC_PriorityGroupConfig)
    RCC_AHBPeriphClockCmd                    0x08002631   Thumb Code    26  stm32f10x_rcc.o(i.RCC_AHBPeriphClockCmd)
    RCC_AHBPeriphResetCmd                    0x08002651   Thumb Code    26  stm32f10x_rcc.o(i.RCC_AHBPeriphResetCmd)
    RCC_APB1PeriphClockCmd                   0x08002671   Thumb Code    26  stm32f10x_rcc.o(i.RCC_APB1PeriphClockCmd)
    RCC_APB2PeriphClockCmd                   0x08002691   Thumb Code    26  stm32f10x_rcc.o(i.RCC_APB2PeriphClockCmd)
    RCC_GetClocksFreq                        0x080026b1   Thumb Code   374  stm32f10x_rcc.o(i.RCC_GetClocksFreq)
    RCC_GetFlagStatus                        0x08002841   Thumb Code    56  stm32f10x_rcc.o(i.RCC_GetFlagStatus)
    RCC_MCOConfig                            0x0800287d   Thumb Code     6  stm32f10x_rcc.o(i.RCC_MCOConfig)
    RCC_PLL3Cmd                              0x08002889   Thumb Code     6  stm32f10x_rcc.o(i.RCC_PLL3Cmd)
    RCC_PLL3Config                           0x08002895   Thumb Code    18  stm32f10x_rcc.o(i.RCC_PLL3Config)
    SPI1_Init                                0x080028ad   Thumb Code    88  spi.o(i.SPI1_Init)
    SPI1_ReadWriteByte                       0x08002971   Thumb Code    78  spi.o(i.SPI1_ReadWriteByte)
    SPI_Cmd                                  0x080029c5   Thumb Code    24  stm32f10x_spi.o(i.SPI_Cmd)
    SPI_Init                                 0x080029dd   Thumb Code    60  stm32f10x_spi.o(i.SPI_Init)
    Set_MAC_Address                          0x08002b39   Thumb Code    40  ethernetif.o(i.Set_MAC_Address)
    SpiFlashCheck                            0x08002b65   Thumb Code    26  w25x16.o(i.SpiFlashCheck)
    SpiFlashInit                             0x08002b81   Thumb Code    22  w25x16.o(i.SpiFlashInit)
    SpiFlashReadID                           0x08002b9d   Thumb Code    78  w25x16.o(i.SpiFlashReadID)
    SysTick_Handler                          0x08002bf1   Thumb Code    46  port.o(i.SysTick_Handler)
    SystemInit                               0x08002c25   Thumb Code    92  system_stm32f10x.o(i.SystemInit)
    Task_Led_Toggle                          0x08002c91   Thumb Code    70  task_led_toggle.o(i.Task_Led_Toggle)
    Task_Led_Toggle_Init                     0x08002cdd   Thumb Code    42  task_led_toggle.o(i.Task_Led_Toggle_Init)
    Task_Modbus_Process                      0x08002d1d   Thumb Code   122  task_modbus_process.o(i.Task_Modbus_Process)
    Task_Modbus_Process_Init                 0x08002da9   Thumb Code    44  task_modbus_process.o(i.Task_Modbus_Process_Init)
    Tasks_Init                               0x08002ded   Thumb Code    12  app.o(i.Tasks_Init)
    USART1_DMA_Send                          0x08002ea9   Thumb Code    28  usart.o(i.USART1_DMA_Send)
    USART1_IRQHandler                        0x08002ec9   Thumb Code    78  task_modbus_process.o(i.USART1_IRQHandler)
    USART1_Init                              0x08002f2d   Thumb Code   142  usart.o(i.USART1_Init)
    USART2_IRQHandler                        0x080030f5   Thumb Code    52  usart.o(i.USART2_IRQHandler)
    USART2_Init                              0x08003131   Thumb Code   142  usart.o(i.USART2_Init)
    USART_ClearFlag                          0x0800324d   Thumb Code    18  stm32f10x_usart.o(i.USART_ClearFlag)
    USART_Cmd                                0x0800325f   Thumb Code    24  stm32f10x_usart.o(i.USART_Cmd)
    USART_DMACmd                             0x08003277   Thumb Code    18  stm32f10x_usart.o(i.USART_DMACmd)
    USART_GetFlagStatus                      0x08003289   Thumb Code    26  stm32f10x_usart.o(i.USART_GetFlagStatus)
    USART_GetITStatus                        0x080032a3   Thumb Code    84  stm32f10x_usart.o(i.USART_GetITStatus)
    USART_ITConfig                           0x080032f7   Thumb Code    74  stm32f10x_usart.o(i.USART_ITConfig)
    USART_Init                               0x08003341   Thumb Code   210  stm32f10x_usart.o(i.USART_Init)
    USART_SendData                           0x08003419   Thumb Code     8  stm32f10x_usart.o(i.USART_SendData)
    UsageFault_Handler                       0x08003421   Thumb Code    10  stm32f10x_it.o(i.UsageFault_Handler)
    __0printf                                0x08003481   Thumb Code    22  printfa.o(i.__0printf)
    __1printf                                0x08003481   Thumb Code     0  printfa.o(i.__0printf)
    __2printf                                0x08003481   Thumb Code     0  printfa.o(i.__0printf)
    __c89printf                              0x08003481   Thumb Code     0  printfa.o(i.__0printf)
    printf                                   0x08003481   Thumb Code     0  printfa.o(i.__0printf)
    __scatterload_copy                       0x080034a1   Thumb Code    14  handlers.o(i.__scatterload_copy)
    __scatterload_null                       0x080034af   Thumb Code     2  handlers.o(i.__scatterload_null)
    __scatterload_zeroinit                   0x080034b1   Thumb Code    14  handlers.o(i.__scatterload_zeroinit)
    disk_initialize                          0x08003d75   Thumb Code    48  diskio.o(i.disk_initialize)
    etharp_output                            0x080042d5   Thumb Code   424  etharp.o(i.etharp_output)
    etharp_query                             0x08004629   Thumb Code   486  etharp.o(i.etharp_query)
    etharp_request                           0x08004a89   Thumb Code    36  etharp.o(i.etharp_request)
    ethernet_input                           0x08004cd5   Thumb Code   244  etharp.o(i.ethernet_input)
    ethernetif_init                          0x08004e49   Thumb Code    92  ethernetif.o(i.ethernetif_init)
    ethernetif_input                         0x08004f15   Thumb Code    44  ethernetif.o(i.ethernetif_input)
    fputc                                    0x08004f41   Thumb Code    32  usart.o(i.fputc)
    icmp_dest_unreach                        0x08004f65   Thumb Code    18  icmp.o(i.icmp_dest_unreach)
    icmp_input                               0x08004f79   Thumb Code   640  icmp.o(i.icmp_input)
    icmp_time_exceeded                       0x08005469   Thumb Code    18  icmp.o(i.icmp_time_exceeded)
    inet_chksum                              0x0800547b   Thumb Code    20  inet_chksum.o(i.inet_chksum)
    inet_chksum_pbuf                         0x0800548f   Thumb Code    86  inet_chksum.o(i.inet_chksum_pbuf)
    inet_chksum_pseudo                       0x080054e5   Thumb Code   162  inet_chksum.o(i.inet_chksum_pseudo)
    ip4_addr_isbroadcast                     0x08005587   Thumb Code    78  ip_addr.o(i.ip4_addr_isbroadcast)
    ip_frag                                  0x080055d5   Thumb Code   466  ip_frag.o(i.ip_frag)
    ip_input                                 0x080058c9   Thumb Code   548  ip.o(i.ip_input)
    ip_output                                0x08005b05   Thumb Code   104  ip.o(i.ip_output)
    ip_output_if                             0x08005bd1   Thumb Code   354  ip.o(i.ip_output_if)
    ip_reass                                 0x08005dcd   Thumb Code   454  ip_frag.o(i.ip_reass)
    ip_route                                 0x08006675   Thumb Code    92  ip.o(i.ip_route)
    lwip_htonl                               0x080068dd   Thumb Code    26  def.o(i.lwip_htonl)
    lwip_htons                               0x080068f7   Thumb Code    12  def.o(i.lwip_htons)
    lwip_ntohl                               0x08006903   Thumb Code    12  def.o(i.lwip_ntohl)
    lwip_ntohs                               0x0800690f   Thumb Code    12  def.o(i.lwip_ntohs)
    main                                     0x08006979   Thumb Code    16  main.o(i.main)
    mem_free                                 0x08006989   Thumb Code   212  mem.o(i.mem_free)
    mem_init                                 0x08006b0d   Thumb Code    80  mem.o(i.mem_init)
    mem_malloc                               0x08006b71   Thumb Code   460  mem.o(i.mem_malloc)
    mem_trim                                 0x08006e0d   Thumb Code   380  mem.o(i.mem_trim)
    memp_free                                0x08007021   Thumb Code    60  memp.o(i.memp_free)
    memp_init                                0x08007065   Thumb Code   132  memp.o(i.memp_init)
    memp_malloc                              0x080070fd   Thumb Code   178  memp.o(i.memp_malloc)
    netif_add                                0x08007229   Thumb Code   128  netif.o(i.netif_add)
    netif_set_addr                           0x08007319   Thumb Code    40  netif.o(i.netif_set_addr)
    netif_set_default                        0x08007341   Thumb Code     6  netif.o(i.netif_set_default)
    netif_set_gw                             0x0800734d   Thumb Code    12  netif.o(i.netif_set_gw)
    netif_set_ipaddr                         0x08007359   Thumb Code   110  netif.o(i.netif_set_ipaddr)
    netif_set_netmask                        0x080073d1   Thumb Code    12  netif.o(i.netif_set_netmask)
    netif_set_up                             0x080073dd   Thumb Code    54  netif.o(i.netif_set_up)
    pbuf_alloc                               0x08007415   Thumb Code   572  pbuf.o(i.pbuf_alloc)
    pbuf_alloced_custom                      0x08007755   Thumb Code   132  pbuf.o(i.pbuf_alloced_custom)
    pbuf_cat                                 0x0800784d   Thumb Code   144  pbuf.o(i.pbuf_cat)
    pbuf_clen                                0x080079a5   Thumb Code    18  pbuf.o(i.pbuf_clen)
    pbuf_copy                                0x080079b9   Thumb Code   342  pbuf.o(i.pbuf_copy)
    pbuf_copy_partial                        0x08007c01   Thumb Code   186  pbuf.o(i.pbuf_copy_partial)
    pbuf_free                                0x08007d51   Thumb Code   280  pbuf.o(i.pbuf_free)
    pbuf_header                              0x08007f19   Thumb Code   204  pbuf.o(i.pbuf_header)
    pbuf_realloc                             0x08008071   Thumb Code   292  pbuf.o(i.pbuf_realloc)
    pbuf_ref                                 0x08008261   Thumb Code    10  pbuf.o(i.pbuf_ref)
    pvPortMalloc                             0x08008945   Thumb Code   188  heap_4.o(i.pvPortMalloc)
    pvTaskIncrementMutexHeldCount            0x08008a15   Thumb Code    26  tasks.o(i.pvTaskIncrementMutexHeldCount)
    pxPortInitialiseStack                    0x08008a35   Thumb Code    26  port.o(i.pxPortInitialiseStack)
    raw_input                                0x08008a55   Thumb Code   102  raw.o(i.raw_input)
    sys_timeout                              0x08008ac9   Thumb Code   182  timers.o(i.sys_timeout)
    tcp_abandon                              0x08008c19   Thumb Code   178  tcp.o(i.tcp_abandon)
    tcp_abort                                0x08008d5d   Thumb Code    14  tcp.o(i.tcp_abort)
    tcp_alloc                                0x08008d6d   Thumb Code   204  tcp.o(i.tcp_alloc)
    tcp_close                                0x08008e4d   Thumb Code    28  tcp.o(i.tcp_close)
    tcp_eff_send_mss                         0x08009181   Thumb Code    46  tcp.o(i.tcp_eff_send_mss)
    tcp_enqueue_flags                        0x080091b1   Thumb Code   468  tcp_out.o(i.tcp_enqueue_flags)
    tcp_fasttmr                              0x08009471   Thumb Code   110  tcp.o(i.tcp_fasttmr)
    tcp_input                                0x080094ed   Thumb Code  1860  tcp_in.o(i.tcp_input)
    tcp_keepalive                            0x08009c79   Thumb Code   100  tcp_out.o(i.tcp_keepalive)
    tcp_next_iss                             0x08009eb5   Thumb Code    20  tcp.o(i.tcp_next_iss)
    tcp_output                               0x08009f61   Thumb Code   508  tcp_out.o(i.tcp_output)
    tcp_pcb_purge                            0x0800a4c1   Thumb Code    72  tcp.o(i.tcp_pcb_purge)
    tcp_pcb_remove                           0x0800a509   Thumb Code   234  tcp.o(i.tcp_pcb_remove)
    tcp_process_refused_data                 0x0800ad21   Thumb Code   144  tcp.o(i.tcp_process_refused_data)
    tcp_recv_null                            0x0800bbad   Thumb Code    46  tcp.o(i.tcp_recv_null)
    tcp_recved                               0x0800bbdd   Thumb Code   140  tcp.o(i.tcp_recved)
    tcp_rexmit                               0x0800bd05   Thumb Code    90  tcp_out.o(i.tcp_rexmit)
    tcp_rexmit_fast                          0x0800bd5f   Thumb Code   112  tcp_out.o(i.tcp_rexmit_fast)
    tcp_rexmit_rto                           0x0800bdcf   Thumb Code    58  tcp_out.o(i.tcp_rexmit_rto)
    tcp_rst                                  0x0800be09   Thumb Code   188  tcp_out.o(i.tcp_rst)
    tcp_seg_copy                             0x0800bf4d   Thumb Code    36  tcp.o(i.tcp_seg_copy)
    tcp_seg_free                             0x0800bf71   Thumb Code    26  tcp.o(i.tcp_seg_free)
    tcp_segs_free                            0x0800bf8b   Thumb Code    24  tcp.o(i.tcp_segs_free)
    tcp_send_empty_ack                       0x0800bfa3   Thumb Code    96  tcp_out.o(i.tcp_send_empty_ack)
    tcp_send_fin                             0x0800c003   Thumb Code    74  tcp_out.o(i.tcp_send_fin)
    tcp_slowtmr                              0x0800c04d   Thumb Code  1440  tcp.o(i.tcp_slowtmr)
    tcp_timer_needed                         0x0800c675   Thumb Code    38  timers.o(i.tcp_timer_needed)
    tcp_tmr                                  0x0800c759   Thumb Code    30  tcp.o(i.tcp_tmr)
    tcp_update_rcv_ann_wnd                   0x0800c77d   Thumb Code   110  tcp.o(i.tcp_update_rcv_ann_wnd)
    tcp_zero_window_probe                    0x0800c859   Thumb Code   196  tcp_out.o(i.tcp_zero_window_probe)
    udp_input                                0x0800c959   Thumb Code   598  udp.o(i.udp_input)
    uxListRemove                             0x0800cc39   Thumb Code    40  list.o(i.uxListRemove)
    vListInitialise                          0x0800cc61   Thumb Code    26  list.o(i.vListInitialise)
    vListInitialiseItem                      0x0800cc7b   Thumb Code     6  list.o(i.vListInitialiseItem)
    vListInsert                              0x0800cc81   Thumb Code    52  list.o(i.vListInsert)
    vListInsertEnd                           0x0800ccb5   Thumb Code    24  list.o(i.vListInsertEnd)
    vPortEnterCritical                       0x0800cccd   Thumb Code    30  port.o(i.vPortEnterCritical)
    vPortExitCritical                        0x0800ccf1   Thumb Code    28  port.o(i.vPortExitCritical)
    vPortFree                                0x0800cd11   Thumb Code    64  heap_4.o(i.vPortFree)
    vPortSetupTimerInterrupt                 0x0800cd59   Thumb Code    14  port.o(i.vPortSetupTimerInterrupt)
    vTaskDelay                               0x0800cd6d   Thumb Code    46  tasks.o(i.vTaskDelay)
    vTaskMissedYield                         0x0800cda1   Thumb Code     8  tasks.o(i.vTaskMissedYield)
    vTaskPlaceOnEventList                    0x0800cdad   Thumb Code    28  tasks.o(i.vTaskPlaceOnEventList)
    vTaskPriorityInherit                     0x0800cdcd   Thumb Code   164  tasks.o(i.vTaskPriorityInherit)
    vTaskSetTimeOutState                     0x0800ce7d   Thumb Code    14  tasks.o(i.vTaskSetTimeOutState)
    vTaskStartScheduler                      0x0800ce95   Thumb Code    86  tasks.o(i.vTaskStartScheduler)
    vTaskSuspendAll                          0x0800cf09   Thumb Code    12  tasks.o(i.vTaskSuspendAll)
    vTaskSwitchContext                       0x0800cf19   Thumb Code    76  tasks.o(i.vTaskSwitchContext)
    xPortStartScheduler                      0x0800cf79   Thumb Code    42  port.o(i.xPortStartScheduler)
    xQueueCreateMutex                        0x0800cfad   Thumb Code    58  queue.o(i.xQueueCreateMutex)
    xQueueGenericCreate                      0x0800cfe7   Thumb Code    60  queue.o(i.xQueueGenericCreate)
    xQueueGenericReceive                     0x0800d025   Thumb Code   328  queue.o(i.xQueueGenericReceive)
    xQueueGenericReset                       0x0800d171   Thumb Code   120  queue.o(i.xQueueGenericReset)
    xQueueGenericSend                        0x0800d1ed   Thumb Code   268  queue.o(i.xQueueGenericSend)
    xQueueGiveFromISR                        0x0800d2fd   Thumb Code   110  queue.o(i.xQueueGiveFromISR)
    xTaskCheckForTimeOut                     0x0800d36d   Thumb Code    84  tasks.o(i.xTaskCheckForTimeOut)
    xTaskGenericCreate                       0x0800d3c9   Thumb Code   238  tasks.o(i.xTaskGenericCreate)
    xTaskIncrementTick                       0x0800d4d5   Thumb Code   242  tasks.o(i.xTaskIncrementTick)
    xTaskPriorityDisinherit                  0x0800d5f5   Thumb Code   122  tasks.o(i.xTaskPriorityDisinherit)
    xTaskRemoveFromEventList                 0x0800d679   Thumb Code   104  tasks.o(i.xTaskRemoveFromEventList)
    xTaskResumeAll                           0x0800d6f9   Thumb Code   202  tasks.o(i.xTaskResumeAll)
    tcp_state_str                            0x0800d810   Data          44  tcp.o(.constdata)
    tcp_backoff                              0x0800d83c   Data          13  tcp.o(.constdata)
    tcp_persist_backoff                      0x0800d849   Data           7  tcp.o(.constdata)
    tcp_pcb_lists                            0x0800d850   Data          16  tcp.o(.constdata)
    ethbroadcast                             0x0800d860   Data           6  etharp.o(.constdata)
    ethzero                                  0x0800d866   Data           6  etharp.o(.constdata)
    Region$$Table$$Base                      0x0800da9c   Number         0  anon$$obj.o(Region$$Table)
    Region$$Table$$Limit                     0x0800dabc   Number         0  anon$$obj.o(Region$$Table)
    Handler_Semaphore_Modbus                 0x20000000   Data           4  task_modbus_process.o(.data)
    Handler_Mutex_Usart_Send                 0x20000004   Data           4  task_modbus_process.o(.data)
    netif_list                               0x2000001c   Data           4  netif.o(.data)
    netif_default                            0x20000020   Data           4  netif.o(.data)
    tcp_ticks                                0x20000030   Data           4  tcp.o(.data)
    tcp_bound_pcbs                           0x20000034   Data           4  tcp.o(.data)
    tcp_listen_pcbs                          0x20000038   Data           4  tcp.o(.data)
    tcp_active_pcbs                          0x2000003c   Data           4  tcp.o(.data)
    tcp_tw_pcbs                              0x20000040   Data           4  tcp.o(.data)
    tcp_tmp_pcb                              0x20000044   Data           4  tcp.o(.data)
    tcp_active_pcbs_changed                  0x20000048   Data           1  tcp.o(.data)
    tcp_input_pcb                            0x2000006c   Data           4  tcp_in.o(.data)
    udp_pcbs                                 0x20000080   Data           4  udp.o(.data)
    current_netif                            0x20000084   Data           4  ip.o(.data)
    current_header                           0x20000088   Data           4  ip.o(.data)
    current_iphdr_src                        0x2000008c   Data           4  ip.o(.data)
    current_iphdr_dest                       0x20000090   Data           4  ip.o(.data)
    tcp_end_time                             0x200000a0   Data           4  ethernetif.o(.data)
    arp_end_time                             0x200000a4   Data           4  ethernetif.o(.data)
    MACaddr                                  0x200000a8   Data           6  ethernetif.o(.data)
    DMATxDesc                                0x200000b0   Data           4  ethernetif.o(.data)
    EEPROM_ADDRESS                           0x200000b4   Data           2  i2c_ee.o(.data)
    DMATxDescToSet                           0x200000b8   Data           4  stm32_eth.o(.data)
    DMARxDescToGet                           0x200000bc   Data           4  stm32_eth.o(.data)
    DMAPTPTxDescToSet                        0x200000c0   Data           4  stm32_eth.o(.data)
    DMAPTPRxDescToGet                        0x200000c4   Data           4  stm32_eth.o(.data)
    pxCurrentTCB                             0x200000c8   Data           4  tasks.o(.data)
    FLASH_SECTOR_COUNT                       0x20000120   Data           2  diskio.o(.data)
    aCoil_Register                           0x20000122   Data           1  modbus.o(.data)
    g_ModbusAddr                             0x20000123   Data           1  modbus_slave.o(.data)
    __stdout                                 0x20000138   Data           4  stdout.o(.data)
    xnetif                                   0x2000013c   Data          48  netconf.o(.bss)
    ram_heap                                 0x2000016c   Data       16013  mem.o(.bss)
    lwip_stats                               0x20007084   Data         278  stats.o(.bss)
    DMARxDscrTab                             0x20007274   Data          64  ethernetif.o(.bss)
    DMATxDscrTab                             0x200072b4   Data          32  ethernetif.o(.bss)
    Rx_Buff                                  0x200072d4   Data        6080  ethernetif.o(.bss)
    Tx_Buff                                  0x20008a94   Data        3040  ethernetif.o(.bss)
    stMy_Usart1                              0x20009674   Data         515  usart.o(.bss)
    stMy_Usart2                              0x20009877   Data         515  usart.o(.bss)
    aDi_Register                             0x2000df58   Data          90  modbus.o(.bss)
    aInput_Register                          0x2000dfb2   Data         500  modbus.o(.bss)
    aHolding_Register                        0x2000e1a6   Data         700  modbus.o(.bss)
    __initial_sp                             0x2000e868   Data           0  startup_stm32f10x_cl.o(STACK)



==============================================================================

Memory Map of the image

  Image Entry point : 0x08000151

  Load Region LR_IROM1 (Base: 0x08000000, Size: 0x0000dbf8, Max: 0x00040000, ABSOLUTE, COMPRESSED[0x0000dae8])

    Execution Region ER_IROM1 (Base: 0x08000000, Size: 0x0000dabc, Max: 0x00040000, ABSOLUTE)

    Base Addr    Size         Type   Attr      Idx    E Section Name        Object

    0x08000000   0x00000150   Data   RO         7876    RESET               startup_stm32f10x_cl.o
    0x08000150   0x00000000   Code   RO         7927  * .ARM.Collect$$$$00000000  mc_w.l(entry.o)
    0x08000150   0x00000004   Code   RO         8210    .ARM.Collect$$$$00000001  mc_w.l(entry2.o)
    0x08000154   0x00000004   Code   RO         8213    .ARM.Collect$$$$00000004  mc_w.l(entry5.o)
    0x08000158   0x00000000   Code   RO         8215    .ARM.Collect$$$$00000008  mc_w.l(entry7b.o)
    0x08000158   0x00000000   Code   RO         8217    .ARM.Collect$$$$0000000A  mc_w.l(entry8b.o)
    0x08000158   0x00000008   Code   RO         8218    .ARM.Collect$$$$0000000B  mc_w.l(entry9a.o)
    0x08000160   0x00000000   Code   RO         8220    .ARM.Collect$$$$0000000D  mc_w.l(entry10a.o)
    0x08000160   0x00000000   Code   RO         8222    .ARM.Collect$$$$0000000F  mc_w.l(entry11a.o)
    0x08000160   0x00000004   Code   RO         8211    .ARM.Collect$$$$00002712  mc_w.l(entry2.o)
    0x08000164   0x00000096   Code   RO         3938    .emb_text           port.o
    0x080001fa   0x00000002   PAD
    0x080001fc   0x00000024   Code   RO         7877    .text               startup_stm32f10x_cl.o
    0x08000220   0x00000024   Code   RO         7937    .text               mc_w.l(memcpya.o)
    0x08000244   0x00000024   Code   RO         7939    .text               mc_w.l(memseta.o)
    0x08000268   0x0000001a   Code   RO         7943    .text               mc_w.l(memcmp.o)
    0x08000282   0x0000002c   Code   RO         8224    .text               mc_w.l(uidiv.o)
    0x080002ae   0x00000062   Code   RO         8226    .text               mc_w.l(uldiv.o)
    0x08000310   0x00000000   Code   RO         8228    .text               mc_w.l(iusefp.o)
    0x08000310   0x0000014e   Code   RO         8229    .text               mf_w.l(dadd.o)
    0x0800045e   0x000000e4   Code   RO         8231    .text               mf_w.l(dmul.o)
    0x08000542   0x000000de   Code   RO         8233    .text               mf_w.l(ddiv.o)
    0x08000620   0x00000030   Code   RO         8235    .text               mf_w.l(dfixul.o)
    0x08000650   0x00000030   Code   RO         8237    .text               mf_w.l(cdrcmple.o)
    0x08000680   0x00000024   Code   RO         8239    .text               mc_w.l(init.o)
    0x080006a4   0x0000001e   Code   RO         8241    .text               mc_w.l(llshl.o)
    0x080006c2   0x00000020   Code   RO         8243    .text               mc_w.l(llushr.o)
    0x080006e2   0x00000024   Code   RO         8245    .text               mc_w.l(llsshr.o)
    0x08000706   0x000000ba   Code   RO         8247    .text               mf_w.l(depilogue.o)
    0x080007c0   0x00000056   Code   RO         8257    .text               mc_w.l(__dczerorl2.o)
    0x08000816   0x00000002   PAD
    0x08000818   0x0000001c   Code   RO          206    i.BusFault_Handler  stm32f10x_it.o
    0x08000834   0x0000000c   Code   RO          179    i.CFG_My_NVIC       nvic.o
    0x08000840   0x0000003a   Code   RO         4508    i.Crc16_Modbus      modbus_slave.o
    0x0800087a   0x00000002   PAD
    0x0800087c   0x00000044   Code   RO          478    i.DMA1_Channel4_IRQHandler  task_modbus_process.o
    0x080008c0   0x00000018   Code   RO         2237    i.DMA1_Channel7_IRQHandler  usart.o
    0x080008d8   0x0000001c   Code   RO         5402    i.DMA_ClearITPendingBit  stm32f10x_dma.o
    0x080008f4   0x00000018   Code   RO         5403    i.DMA_Cmd           stm32f10x_dma.o
    0x0800090c   0x0000014c   Code   RO         5404    i.DMA_DeInit        stm32f10x_dma.o
    0x08000a58   0x00000008   Code   RO         5405    i.DMA_GetCurrDataCounter  stm32f10x_dma.o
    0x08000a60   0x00000012   Code   RO         5408    i.DMA_ITConfig      stm32f10x_dma.o
    0x08000a72   0x0000003c   Code   RO         5409    i.DMA_Init          stm32f10x_dma.o
    0x08000aae   0x00000004   Code   RO         5410    i.DMA_SetCurrDataCounter  stm32f10x_dma.o
    0x08000ab2   0x00000002   PAD
    0x08000ab4   0x0000001c   Code   RO          207    i.DebugMon_Handler  stm32f10x_it.o
    0x08000ad0   0x0000000c   Code   RO         2632    i.ETH_DMAClearITPendingBit  stm32_eth.o
    0x08000adc   0x00000020   Code   RO         2633    i.ETH_DMAITConfig   stm32_eth.o
    0x08000afc   0x00000024   Code   RO         2636    i.ETH_DMAReceptionCmd  stm32_eth.o
    0x08000b20   0x00000054   Code   RO         2637    i.ETH_DMARxDescChainInit  stm32_eth.o
    0x08000b74   0x00000016   Code   RO         2639    i.ETH_DMARxDescReceiveITConfig  stm32_eth.o
    0x08000b8a   0x00000002   PAD
    0x08000b8c   0x00000024   Code   RO         2642    i.ETH_DMATransmissionCmd  stm32_eth.o
    0x08000bb0   0x00000050   Code   RO         2645    i.ETH_DMATxDescChainInit  stm32_eth.o
    0x08000c00   0x00000016   Code   RO         2654    i.ETH_DeInit        stm32_eth.o
    0x08000c16   0x0000001c   Code   RO         2655    i.ETH_Delay         stm32_eth.o
    0x08000c32   0x00000002   PAD
    0x08000c34   0x00000014   Code   RO         2660    i.ETH_FlushTransmitFIFO  stm32_eth.o
    0x08000c48   0x0000000c   Code   RO         2154    i.ETH_GetCurrentTxBuffer  ethernetif.o
    0x08000c54   0x0000000a   Code   RO         2671    i.ETH_GetDMARxDescFrameLength  stm32_eth.o
    0x08000c5e   0x00000002   PAD
    0x08000c60   0x00000048   Code   RO         2686    i.ETH_GetRxPktSize  stm32_eth.o
    0x08000ca8   0x00000018   Code   RO         2687    i.ETH_GetSoftwareResetStatus  stm32_eth.o
    0x08000cc0   0x00000020   Code   RO          546    i.ETH_IRQHandler    netconf.o
    0x08000ce0   0x00000380   Code   RO         2694    i.ETH_Init          stm32_eth.o
    0x08001060   0x00000034   Code   RO         2697    i.ETH_MACAddressConfig  stm32_eth.o
    0x08001094   0x00000024   Code   RO         2702    i.ETH_MACReceptionCmd  stm32_eth.o
    0x080010b8   0x00000024   Code   RO         2703    i.ETH_MACTransmissionCmd  stm32_eth.o
    0x080010dc   0x0000006c   Code   RO         2714    i.ETH_ReadPHYRegister  stm32_eth.o
    0x08001148   0x0000009c   Code   RO         2155    i.ETH_RxPkt_ChainMode  ethernetif.o
    0x080011e4   0x00000014   Code   RO         2725    i.ETH_SoftwareReset  stm32_eth.o
    0x080011f8   0x00000020   Code   RO         2726    i.ETH_Start         stm32_eth.o
    0x08001218   0x000000b0   Code   RO         2727    i.ETH_StructInit    stm32_eth.o
    0x080012c8   0x00000068   Code   RO         2156    i.ETH_TxPkt_ChainMode  ethernetif.o
    0x08001330   0x00000068   Code   RO         2729    i.ETH_WritePHYRegister  stm32_eth.o
    0x08001398   0x000000b0   Code   RO         3257    i.Ethernet_Configuration  ethernet.o
    0x08001448   0x00000018   Code   RO         3258    i.Ethernet_Init     ethernet.o
    0x08001460   0x00000064   Code   RO         3259    i.Ethernet_Interface_MCO_Set  ethernet.o
    0x080014c4   0x0000005c   Code   RO         2730    i.Ethernet_MDIO_Config  stm32_eth.o
    0x08001520   0x00000022   Code   RO         3260    i.Ethernet_NVIC_Configuration  ethernet.o
    0x08001542   0x00000002   PAD
    0x08001544   0x000000d4   Code   RO         3261    i.Ethernet_Pin_Init  ethernet.o
    0x08001618   0x0000001e   Code   RO         3262    i.Ethernet_RCC_Init  ethernet.o
    0x08001636   0x00000002   PAD
    0x08001638   0x00000034   Code   RO         2558    i.GPIO_Configuration  i2c_ee.o
    0x0800166c   0x0000000c   Code   RO         5871    i.GPIO_ETH_MediaInterfaceConfig  stm32f10x_gpio.o
    0x08001678   0x00000116   Code   RO         5875    i.GPIO_Init         stm32f10x_gpio.o
    0x0800178e   0x00000002   PAD
    0x08001790   0x00000090   Code   RO         5877    i.GPIO_PinRemapConfig  stm32f10x_gpio.o
    0x08001820   0x00000004   Code   RO         5882    i.GPIO_ResetBits    stm32f10x_gpio.o
    0x08001824   0x00000004   Code   RO         5883    i.GPIO_SetBits      stm32f10x_gpio.o
    0x08001828   0x00000014   Code   RO          208    i.HardFault_Handler  stm32f10x_it.o
    0x0800183c   0x00000058   Code   RO          339    i.Hardware_Init     app.o
    0x08001894   0x00000018   Code   RO         6001    i.I2C_Cmd           stm32f10x_i2c.o
    0x080018ac   0x00000044   Code   RO         2559    i.I2C_Configuration  i2c_ee.o
    0x080018f0   0x00000018   Code   RO         2563    i.I2C_EE_Init       i2c_ee.o
    0x08001908   0x000000ec   Code   RO         6015    i.I2C_Init          stm32f10x_i2c.o
    0x080019f4   0x00000090   Code   RO         2414    i.LEDs_Init         led.o
    0x08001a84   0x0000006c   Code   RO          547    i.LwIP_Init         netconf.o
    0x08001af0   0x00000010   Code   RO          549    i.LwIP_Pkt_Handle   netconf.o
    0x08001b00   0x00000194   Code   RO         4509    i.Mb_Fc01_Coil_Rd   modbus_slave.o
    0x08001c94   0x00000190   Code   RO         4510    i.Mb_Fc02_Di_Rd     modbus_slave.o
    0x08001e24   0x00000134   Code   RO         4511    i.Mb_Fc03_Holding_Reg_Rd  modbus_slave.o
    0x08001f58   0x00000130   Code   RO         4512    i.Mb_Fc04_In_Reg_Rd  modbus_slave.o
    0x08002088   0x000000fc   Code   RO         4513    i.Mb_Fc05_Coil_Wr   modbus_slave.o
    0x08002184   0x000000e0   Code   RO         4514    i.Mb_Fc06_Holding_Reg_Wr  modbus_slave.o
    0x08002264   0x0000014c   Code   RO         4515    i.Mb_Fc16_Multiple_Holding_Reg_Wr  modbus_slave.o
    0x080023b0   0x00000024   Code   RO          209    i.MemManage_Handler  stm32f10x_it.o
    0x080023d4   0x00000110   Code   RO          479    i.Modbus_Cmd_Handle  task_modbus_process.o
    0x080024e4   0x00000010   Code   RO         4418    i.Modbus_Coil_Rd    modbus.o
    0x080024f4   0x00000010   Code   RO         4419    i.Modbus_Coil_Wr    modbus.o
    0x08002504   0x00000010   Code   RO         4420    i.Modbus_Di_Rd      modbus.o
    0x08002514   0x00000014   Code   RO         4422    i.Modbus_Holding_Reg_Rd  modbus.o
    0x08002528   0x00000014   Code   RO         4424    i.Modbus_Holding_Reg_Wr  modbus.o
    0x0800253c   0x00000014   Code   RO         4426    i.Modbus_Input_Reg_Rd  modbus.o
    0x08002550   0x0000001c   Code   RO          210    i.NMI_Handler       stm32f10x_it.o
    0x0800256c   0x00000070   Code   RO         4580    i.NVIC_Init         misc.o
    0x080025dc   0x00000014   Code   RO         4581    i.NVIC_PriorityGroupConfig  misc.o
    0x080025f0   0x00000040   Code   RO         3263    i.NVIC_SystemReset  ethernet.o
    0x08002630   0x00000020   Code   RO         6338    i.RCC_AHBPeriphClockCmd  stm32f10x_rcc.o
    0x08002650   0x00000020   Code   RO         6339    i.RCC_AHBPeriphResetCmd  stm32f10x_rcc.o
    0x08002670   0x00000020   Code   RO         6340    i.RCC_APB1PeriphClockCmd  stm32f10x_rcc.o
    0x08002690   0x00000020   Code   RO         6342    i.RCC_APB2PeriphClockCmd  stm32f10x_rcc.o
    0x080026b0   0x00000190   Code   RO         6350    i.RCC_GetClocksFreq  stm32f10x_rcc.o
    0x08002840   0x0000003c   Code   RO         6351    i.RCC_GetFlagStatus  stm32f10x_rcc.o
    0x0800287c   0x0000000c   Code   RO         6362    i.RCC_MCOConfig     stm32f10x_rcc.o
    0x08002888   0x0000000c   Code   RO         6368    i.RCC_PLL3Cmd       stm32f10x_rcc.o
    0x08002894   0x00000018   Code   RO         6369    i.RCC_PLL3Config    stm32f10x_rcc.o
    0x080028ac   0x0000005c   Code   RO         2371    i.SPI1_Init         spi.o
    0x08002908   0x00000044   Code   RO         2372    i.SPI1_Pin_Init     spi.o
    0x0800294c   0x00000024   Code   RO         2373    i.SPI1_RCC_Init     spi.o
    0x08002970   0x00000054   Code   RO         2374    i.SPI1_ReadWriteByte  spi.o
    0x080029c4   0x00000018   Code   RO         6908    i.SPI_Cmd           stm32f10x_spi.o
    0x080029dc   0x0000003c   Code   RO         6921    i.SPI_Init          stm32f10x_spi.o
    0x08002a18   0x00000008   Code   RO         7884    i.SetSysClock       system_stm32f10x.o
    0x08002a20   0x00000118   Code   RO         7885    i.SetSysClockTo72   system_stm32f10x.o
    0x08002b38   0x0000002c   Code   RO         2157    i.Set_MAC_Address   ethernetif.o
    0x08002b64   0x0000001a   Code   RO         2439    i.SpiFlashCheck     w25x16.o
    0x08002b7e   0x00000002   PAD
    0x08002b80   0x0000001c   Code   RO         2442    i.SpiFlashInit      w25x16.o
    0x08002b9c   0x00000054   Code   RO         2445    i.SpiFlashReadID    w25x16.o
    0x08002bf0   0x00000034   Code   RO         3939    i.SysTick_Handler   port.o
    0x08002c24   0x0000006c   Code   RO         7887    i.SystemInit        system_stm32f10x.o
    0x08002c90   0x0000004c   Code   RO          442    i.Task_Led_Toggle   task_led_toggle.o
    0x08002cdc   0x00000040   Code   RO          443    i.Task_Led_Toggle_Init  task_led_toggle.o
    0x08002d1c   0x0000008c   Code   RO          480    i.Task_Modbus_Process  task_modbus_process.o
    0x08002da8   0x00000044   Code   RO          481    i.Task_Modbus_Process_Init  task_modbus_process.o
    0x08002dec   0x0000000c   Code   RO          341    i.Tasks_Init        app.o
    0x08002df8   0x000000b0   Code   RO         2238    i.USART1_DMA_Init   usart.o
    0x08002ea8   0x00000020   Code   RO         2239    i.USART1_DMA_Send   usart.o
    0x08002ec8   0x00000064   Code   RO          482    i.USART1_IRQHandler  task_modbus_process.o
    0x08002f2c   0x00000094   Code   RO         2240    i.USART1_Init       usart.o
    0x08002fc0   0x00000022   Code   RO         2241    i.USART1_NVICConfig_Init  usart.o
    0x08002fe2   0x00000002   PAD
    0x08002fe4   0x0000003c   Code   RO         2242    i.USART1_Pin_Init   usart.o
    0x08003020   0x00000024   Code   RO         2244    i.USART1_RCC_Init   usart.o
    0x08003044   0x000000b0   Code   RO         2245    i.USART2_DMA_Init   usart.o
    0x080030f4   0x0000003c   Code   RO         2247    i.USART2_IRQHandler  usart.o
    0x08003130   0x00000094   Code   RO         2248    i.USART2_Init       usart.o
    0x080031c4   0x00000022   Code   RO         2249    i.USART2_NVICConfig_Init  usart.o
    0x080031e6   0x00000002   PAD
    0x080031e8   0x00000038   Code   RO         2250    i.USART2_Pin_Init   usart.o
    0x08003220   0x0000002c   Code   RO         2252    i.USART2_RCC_Init   usart.o
    0x0800324c   0x00000012   Code   RO         7619    i.USART_ClearFlag   stm32f10x_usart.o
    0x0800325e   0x00000018   Code   RO         7623    i.USART_Cmd         stm32f10x_usart.o
    0x08003276   0x00000012   Code   RO         7624    i.USART_DMACmd      stm32f10x_usart.o
    0x08003288   0x0000001a   Code   RO         7626    i.USART_GetFlagStatus  stm32f10x_usart.o
    0x080032a2   0x00000054   Code   RO         7627    i.USART_GetITStatus  stm32f10x_usart.o
    0x080032f6   0x0000004a   Code   RO         7629    i.USART_ITConfig    stm32f10x_usart.o
    0x08003340   0x000000d8   Code   RO         7630    i.USART_Init        stm32f10x_usart.o
    0x08003418   0x00000008   Code   RO         7640    i.USART_SendData    stm32f10x_usart.o
    0x08003420   0x0000001c   Code   RO          211    i.UsageFault_Handler  stm32f10x_it.o
    0x0800343c   0x00000020   Code   RO         2253    i.Usart1_DMA_TX_NVIC_Init  usart.o
    0x0800345c   0x00000022   Code   RO         2254    i.Usart2_DMA_TX_NVIC_Init  usart.o
    0x0800347e   0x00000002   PAD
    0x08003480   0x00000020   Code   RO         8180    i.__0printf         mc_w.l(printfa.o)
    0x080034a0   0x0000000e   Code   RO         8251    i.__scatterload_copy  mc_w.l(handlers.o)
    0x080034ae   0x00000002   Code   RO         8252    i.__scatterload_null  mc_w.l(handlers.o)
    0x080034b0   0x0000000e   Code   RO         8253    i.__scatterload_zeroinit  mc_w.l(handlers.o)
    0x080034be   0x00000002   PAD
    0x080034c0   0x00000184   Code   RO         8187    i._fp_digits        mc_w.l(printfa.o)
    0x08003644   0x000006dc   Code   RO         8188    i._printf_core      mc_w.l(printfa.o)
    0x08003d20   0x00000024   Code   RO         8189    i._printf_post_padding  mc_w.l(printfa.o)
    0x08003d44   0x0000002e   Code   RO         8190    i._printf_pre_padding  mc_w.l(printfa.o)
    0x08003d72   0x00000002   PAD
    0x08003d74   0x00000034   Code   RO         4337    i.disk_initialize   diskio.o
    0x08003da8   0x000001ec   Code   RO         2048    i.etharp_arp_input  etharp.o
    0x08003f94   0x00000300   Code   RO         2051    i.etharp_find_entry  etharp.o
    0x08004294   0x00000040   Code   RO         2052    i.etharp_free_entry  etharp.o
    0x080042d4   0x00000238   Code   RO         2053    i.etharp_output     etharp.o
    0x0800450c   0x0000011c   Code   RO         2054    i.etharp_output_to_arp_index  etharp.o
    0x08004628   0x00000298   Code   RO         2055    i.etharp_query      etharp.o
    0x080048c0   0x000001c8   Code   RO         2056    i.etharp_raw        etharp.o
    0x08004a88   0x0000002c   Code   RO         2058    i.etharp_request    etharp.o
    0x08004ab4   0x000000b4   Code   RO         2059    i.etharp_send_ip    etharp.o
    0x08004b68   0x0000016c   Code   RO         2061    i.etharp_update_arp_entry  etharp.o
    0x08004cd4   0x00000174   Code   RO         2062    i.ethernet_input    etharp.o
    0x08004e48   0x000000cc   Code   RO         2158    i.ethernetif_init   ethernetif.o
    0x08004f14   0x0000002c   Code   RO         2159    i.ethernetif_input  ethernetif.o
    0x08004f40   0x00000024   Code   RO         2256    i.fputc             usart.o
    0x08004f64   0x00000012   Code   RO         1767    i.icmp_dest_unreach  icmp.o
    0x08004f76   0x00000002   PAD
    0x08004f78   0x000003cc   Code   RO         1768    i.icmp_input        icmp.o
    0x08005344   0x00000124   Code   RO         1769    i.icmp_send_response  icmp.o
    0x08005468   0x00000012   Code   RO         1770    i.icmp_time_exceeded  icmp.o
    0x0800547a   0x00000014   Code   RO         1815    i.inet_chksum       inet_chksum.o
    0x0800548e   0x00000056   Code   RO         1816    i.inet_chksum_pbuf  inet_chksum.o
    0x080054e4   0x000000a2   Code   RO         1817    i.inet_chksum_pseudo  inet_chksum.o
    0x08005586   0x0000004e   Code   RO         1892    i.ip4_addr_isbroadcast  ip_addr.o
    0x080055d4   0x00000254   Code   RO         1945    i.ip_frag           ip_frag.o
    0x08005828   0x0000000a   Code   RO         1946    i.ip_frag_alloc_pbuf_custom_ref  ip_frag.o
    0x08005832   0x00000002   PAD
    0x08005834   0x00000094   Code   RO         1947    i.ip_frag_free_pbuf_custom_ref  ip_frag.o
    0x080058c8   0x0000023c   Code   RO         1853    i.ip_input          ip.o
    0x08005b04   0x000000cc   Code   RO         1854    i.ip_output         ip.o
    0x08005bd0   0x000001fc   Code   RO         1855    i.ip_output_if      ip.o
    0x08005dcc   0x000001d4   Code   RO         1948    i.ip_reass          ip_frag.o
    0x08005fa0   0x00000340   Code   RO         1949    i.ip_reass_chain_frag_into_datagram_and_validate  ip_frag.o
    0x080062e0   0x000000c0   Code   RO         1950    i.ip_reass_dequeue_datagram  ip_frag.o
    0x080063a0   0x00000064   Code   RO         1951    i.ip_reass_enqueue_new_datagram  ip_frag.o
    0x08006404   0x000001f4   Code   RO         1952    i.ip_reass_free_complete_datagram  ip_frag.o
    0x080065f8   0x0000007c   Code   RO         1953    i.ip_reass_remove_oldest_datagram  ip_frag.o
    0x08006674   0x00000068   Code   RO         1856    i.ip_route          ip.o
    0x080066dc   0x000000cc   Code   RO         1955    i.ipfrag_free_pbuf_custom  ip_frag.o
    0x080067a8   0x0000008c   Code   RO         2160    i.low_level_init    ethernetif.o
    0x08006834   0x00000074   Code   RO         2161    i.low_level_input   ethernetif.o
    0x080068a8   0x00000034   Code   RO         2162    i.low_level_output  ethernetif.o
    0x080068dc   0x0000001a   Code   RO          707    i.lwip_htonl        def.o
    0x080068f6   0x0000000c   Code   RO          708    i.lwip_htons        def.o
    0x08006902   0x0000000c   Code   RO          709    i.lwip_ntohl        def.o
    0x0800690e   0x0000000c   Code   RO          710    i.lwip_ntohs        def.o
    0x0800691a   0x0000005e   Code   RO         1819    i.lwip_standard_chksum  inet_chksum.o
    0x08006978   0x00000010   Code   RO            4    i.main              main.o
    0x08006988   0x00000184   Code   RO          844    i.mem_free          mem.o
    0x08006b0c   0x00000064   Code   RO          845    i.mem_init          mem.o
    0x08006b70   0x0000029c   Code   RO          846    i.mem_malloc        mem.o
    0x08006e0c   0x00000214   Code   RO          847    i.mem_trim          mem.o
    0x08007020   0x00000044   Code   RO          888    i.memp_free         memp.o
    0x08007064   0x00000098   Code   RO          889    i.memp_init         memp.o
    0x080070fc   0x0000012c   Code   RO          890    i.memp_malloc       memp.o
    0x08007228   0x000000f0   Code   RO          930    i.netif_add         netif.o
    0x08007318   0x00000028   Code   RO          934    i.netif_set_addr    netif.o
    0x08007340   0x0000000c   Code   RO          935    i.netif_set_default  netif.o
    0x0800734c   0x0000000c   Code   RO          937    i.netif_set_gw      netif.o
    0x08007358   0x00000078   Code   RO          938    i.netif_set_ipaddr  netif.o
    0x080073d0   0x0000000c   Code   RO          941    i.netif_set_netmask  netif.o
    0x080073dc   0x00000036   Code   RO          942    i.netif_set_up      netif.o
    0x08007412   0x00000002   PAD
    0x08007414   0x00000340   Code   RO         1027    i.pbuf_alloc        pbuf.o
    0x08007754   0x000000f8   Code   RO         1028    i.pbuf_alloced_custom  pbuf.o
    0x0800784c   0x00000158   Code   RO         1029    i.pbuf_cat          pbuf.o
    0x080079a4   0x00000012   Code   RO         1031    i.pbuf_clen         pbuf.o
    0x080079b6   0x00000002   PAD
    0x080079b8   0x00000248   Code   RO         1033    i.pbuf_copy         pbuf.o
    0x08007c00   0x00000150   Code   RO         1034    i.pbuf_copy_partial  pbuf.o
    0x08007d50   0x000001c8   Code   RO         1036    i.pbuf_free         pbuf.o
    0x08007f18   0x00000158   Code   RO         1038    i.pbuf_header       pbuf.o
    0x08008070   0x000001f0   Code   RO         1041    i.pbuf_realloc      pbuf.o
    0x08008260   0x0000000a   Code   RO         1042    i.pbuf_ref          pbuf.o
    0x0800826a   0x00000002   PAD
    0x0800826c   0x000001d4   Code   RO          848    i.plug_holes        mem.o
    0x08008440   0x00000098   Code   RO         3591    i.prvAddCurrentTaskToDelayedList  tasks.o
    0x080084d8   0x00000030   Code   RO         3450    i.prvAllocateQueueMemory  queue.o
    0x08008508   0x00000044   Code   RO         3592    i.prvAllocateTCBAndStack  tasks.o
    0x0800854c   0x00000064   Code   RO         3593    i.prvCheckTasksWaitingTermination  tasks.o
    0x080085b0   0x0000002a   Code   RO         3451    i.prvCopyDataFromQueue  queue.o
    0x080085da   0x00000080   Code   RO         3452    i.prvCopyDataToQueue  queue.o
    0x0800865a   0x00000012   Code   RO         3594    i.prvDeleteTCB      tasks.o
    0x0800866c   0x0000007c   Code   RO         3889    i.prvHeapInit       heap_4.o
    0x080086e8   0x00000028   Code   RO         3595    i.prvIdleTask       tasks.o
    0x08008710   0x00000062   Code   RO         3596    i.prvInitialiseTCBVariables  tasks.o
    0x08008772   0x00000002   PAD
    0x08008774   0x00000068   Code   RO         3597    i.prvInitialiseTaskLists  tasks.o
    0x080087dc   0x00000068   Code   RO         3890    i.prvInsertBlockIntoFreeList  heap_4.o
    0x08008844   0x0000001a   Code   RO         3453    i.prvIsQueueEmpty   queue.o
    0x0800885e   0x0000001e   Code   RO         3454    i.prvIsQueueFull    queue.o
    0x0800887c   0x00000034   Code   RO         3598    i.prvResetNextTaskUnblockTime  tasks.o
    0x080088b0   0x00000016   Code   RO         3940    i.prvTaskExitError  port.o
    0x080088c6   0x0000007e   Code   RO         3455    i.prvUnlockQueue    queue.o
    0x08008944   0x000000d0   Code   RO         3891    i.pvPortMalloc      heap_4.o
    0x08008a14   0x00000020   Code   RO         3600    i.pvTaskIncrementMutexHeldCount  tasks.o
    0x08008a34   0x00000020   Code   RO         3941    i.pxPortInitialiseStack  port.o
    0x08008a54   0x00000074   Code   RO         1146    i.raw_input         raw.o
    0x08008ac8   0x00000150   Code   RO         1618    i.sys_timeout       timers.o
    0x08008c18   0x00000144   Code   RO         1224    i.tcp_abandon       tcp.o
    0x08008d5c   0x0000000e   Code   RO         1225    i.tcp_abort         tcp.o
    0x08008d6a   0x00000002   PAD
    0x08008d6c   0x000000e0   Code   RO         1228    i.tcp_alloc         tcp.o
    0x08008e4c   0x0000001c   Code   RO         1231    i.tcp_close         tcp.o
    0x08008e68   0x00000258   Code   RO         1232    i.tcp_close_shutdown  tcp.o
    0x080090c0   0x000000c0   Code   RO         1515    i.tcp_create_segment  tcp_out.o
    0x08009180   0x0000002e   Code   RO         1235    i.tcp_eff_send_mss  tcp.o
    0x080091ae   0x00000002   PAD
    0x080091b0   0x000002c0   Code   RO         1516    i.tcp_enqueue_flags  tcp_out.o
    0x08009470   0x0000007c   Code   RO         1237    i.tcp_fasttmr       tcp.o
    0x080094ec   0x0000078c   Code   RO         1459    i.tcp_input         tcp_in.o
    0x08009c78   0x00000068   Code   RO         1517    i.tcp_keepalive     tcp_out.o
    0x08009ce0   0x00000054   Code   RO         1239    i.tcp_kill_prio     tcp.o
    0x08009d34   0x0000003c   Code   RO         1240    i.tcp_kill_timewait  tcp.o
    0x08009d70   0x00000144   Code   RO         1460    i.tcp_listen_input  tcp_in.o
    0x08009eb4   0x0000001c   Code   RO         1244    i.tcp_next_iss      tcp.o
    0x08009ed0   0x00000090   Code   RO         1461    i.tcp_oos_insert_segment  tcp_in.o
    0x08009f60   0x00000294   Code   RO         1518    i.tcp_output        tcp_out.o
    0x0800a1f4   0x00000120   Code   RO         1519    i.tcp_output_alloc_header  tcp_out.o
    0x0800a314   0x000000f8   Code   RO         1520    i.tcp_output_segment  tcp_out.o
    0x0800a40c   0x000000b4   Code   RO         1462    i.tcp_parseopt      tcp_in.o
    0x0800a4c0   0x00000048   Code   RO         1245    i.tcp_pcb_purge     tcp.o
    0x0800a508   0x0000018c   Code   RO         1246    i.tcp_pcb_remove    tcp.o
    0x0800a694   0x0000068c   Code   RO         1463    i.tcp_process       tcp_in.o
    0x0800ad20   0x00000090   Code   RO         1248    i.tcp_process_refused_data  tcp.o
    0x0800adb0   0x00000dfc   Code   RO         1464    i.tcp_receive       tcp_in.o
    0x0800bbac   0x0000002e   Code   RO         1250    i.tcp_recv_null     tcp.o
    0x0800bbda   0x00000002   PAD
    0x0800bbdc   0x00000128   Code   RO         1251    i.tcp_recved        tcp.o
    0x0800bd04   0x0000005a   Code   RO         1522    i.tcp_rexmit        tcp_out.o
    0x0800bd5e   0x00000070   Code   RO         1523    i.tcp_rexmit_fast   tcp_out.o
    0x0800bdce   0x0000003a   Code   RO         1524    i.tcp_rexmit_rto    tcp_out.o
    0x0800be08   0x00000144   Code   RO         1525    i.tcp_rst           tcp_out.o
    0x0800bf4c   0x00000024   Code   RO         1252    i.tcp_seg_copy      tcp.o
    0x0800bf70   0x0000001a   Code   RO         1253    i.tcp_seg_free      tcp.o
    0x0800bf8a   0x00000018   Code   RO         1254    i.tcp_segs_free     tcp.o
    0x0800bfa2   0x00000060   Code   RO         1526    i.tcp_send_empty_ack  tcp_out.o
    0x0800c002   0x0000004a   Code   RO         1527    i.tcp_send_fin      tcp_out.o
    0x0800c04c   0x00000628   Code   RO         1258    i.tcp_slowtmr       tcp.o
    0x0800c674   0x00000038   Code   RO         1621    i.tcp_timer_needed  timers.o
    0x0800c6ac   0x000000ac   Code   RO         1465    i.tcp_timewait_input  tcp_in.o
    0x0800c758   0x00000024   Code   RO         1259    i.tcp_tmr           tcp.o
    0x0800c77c   0x000000dc   Code   RO         1260    i.tcp_update_rcv_ann_wnd  tcp.o
    0x0800c858   0x000000c8   Code   RO         1530    i.tcp_zero_window_probe  tcp_out.o
    0x0800c920   0x00000038   Code   RO         1622    i.tcpip_tcp_timer   timers.o
    0x0800c958   0x000002e0   Code   RO         1682    i.udp_input         udp.o
    0x0800cc38   0x00000028   Code   RO         3414    i.uxListRemove      list.o
    0x0800cc60   0x0000001a   Code   RO         3415    i.vListInitialise   list.o
    0x0800cc7a   0x00000006   Code   RO         3416    i.vListInitialiseItem  list.o
    0x0800cc80   0x00000034   Code   RO         3417    i.vListInsert       list.o
    0x0800ccb4   0x00000018   Code   RO         3418    i.vListInsertEnd    list.o
    0x0800cccc   0x00000024   Code   RO         3943    i.vPortEnterCritical  port.o
    0x0800ccf0   0x00000020   Code   RO         3944    i.vPortExitCritical  port.o
    0x0800cd10   0x00000048   Code   RO         3892    i.vPortFree         heap_4.o
    0x0800cd58   0x00000014   Code   RO         3945    i.vPortSetupTimerInterrupt  port.o
    0x0800cd6c   0x00000034   Code   RO         3606    i.vTaskDelay        tasks.o
    0x0800cda0   0x0000000c   Code   RO         3610    i.vTaskMissedYield  tasks.o
    0x0800cdac   0x00000020   Code   RO         3612    i.vTaskPlaceOnEventList  tasks.o
    0x0800cdcc   0x000000b0   Code   RO         3614    i.vTaskPriorityInherit  tasks.o
    0x0800ce7c   0x00000018   Code   RO         3617    i.vTaskSetTimeOutState  tasks.o
    0x0800ce94   0x00000074   Code   RO         3618    i.vTaskStartScheduler  tasks.o
    0x0800cf08   0x00000010   Code   RO         3620    i.vTaskSuspendAll   tasks.o
    0x0800cf18   0x00000060   Code   RO         3621    i.vTaskSwitchContext  tasks.o
    0x0800cf78   0x00000034   Code   RO         3946    i.xPortStartScheduler  port.o
    0x0800cfac   0x0000003a   Code   RO         3460    i.xQueueCreateMutex  queue.o
    0x0800cfe6   0x0000003c   Code   RO         3461    i.xQueueGenericCreate  queue.o
    0x0800d022   0x00000002   PAD
    0x0800d024   0x0000014c   Code   RO         3462    i.xQueueGenericReceive  queue.o
    0x0800d170   0x0000007c   Code   RO         3463    i.xQueueGenericReset  queue.o
    0x0800d1ec   0x00000110   Code   RO         3464    i.xQueueGenericSend  queue.o
    0x0800d2fc   0x0000006e   Code   RO         3466    i.xQueueGiveFromISR  queue.o
    0x0800d36a   0x00000002   PAD
    0x0800d36c   0x0000005c   Code   RO         3622    i.xTaskCheckForTimeOut  tasks.o
    0x0800d3c8   0x0000010c   Code   RO         3623    i.xTaskGenericCreate  tasks.o
    0x0800d4d4   0x00000120   Code   RO         3629    i.xTaskIncrementTick  tasks.o
    0x0800d5f4   0x00000084   Code   RO         3632    i.xTaskPriorityDisinherit  tasks.o
    0x0800d678   0x00000080   Code   RO         3633    i.xTaskRemoveFromEventList  tasks.o
    0x0800d6f8   0x000000f0   Code   RO         3635    i.xTaskResumeAll    tasks.o
    0x0800d7e8   0x00000028   Data   RO          892    .constdata          memp.o
    0x0800d810   0x00000050   Data   RO         1261    .constdata          tcp.o
    0x0800d860   0x0000000c   Data   RO         2064    .constdata          etharp.o
    0x0800d86c   0x00000075   Data   RO         1262    .conststring        tcp.o
    0x0800d8e1   0x00000003   PAD
    0x0800d8e4   0x00000055   Data   RO         1531    .conststring        tcp_out.o
    0x0800d939   0x00000003   PAD
    0x0800d93c   0x00000044   Data   RO         2065    .conststring        etharp.o
    0x0800d980   0x0000011b   Data   RO         2731    .conststring        stm32_eth.o
    0x0800da9b   0x00000001   PAD
    0x0800da9c   0x00000020   Data   RO         8249    Region$$Table       anon$$obj.o


    Execution Region RW_IRAM1 (Base: 0x20000000, Size: 0x0000e868, Max: 0x00010000, ABSOLUTE, COMPRESSED[0x0000002c])

    Base Addr    Size         Type   Attr      Idx    E Section Name        Object

    0x20000000   0x00000010   Data   RW          483    .data               task_modbus_process.o
    0x20000010   0x0000000c   Data   RW          850    .data               mem.o
    0x2000001c   0x00000009   Data   RW          943    .data               netif.o
    0x20000025   0x00000003   PAD
    0x20000028   0x00000004   Data   RW         1152    .data               raw.o
    0x2000002c   0x00000024   Data   RW         1263    .data               tcp.o
    0x20000050   0x00000020   Data   RW         1467    .data               tcp_in.o
    0x20000070   0x0000000c   Data   RW         1623    .data               timers.o
    0x2000007c   0x00000008   Data   RW         1690    .data               udp.o
    0x20000084   0x00000012   Data   RW         1857    .data               ip.o
    0x20000096   0x00000002   PAD
    0x20000098   0x00000006   Data   RW         1956    .data               ip_frag.o
    0x2000009e   0x00000001   Data   RW         2066    .data               etharp.o
    0x2000009f   0x00000001   PAD
    0x200000a0   0x00000014   Data   RW         2164    .data               ethernetif.o
    0x200000b4   0x00000002   Data   RW         2566    .data               i2c_ee.o
    0x200000b6   0x00000002   PAD
    0x200000b8   0x00000010   Data   RW         2732    .data               stm32_eth.o
    0x200000c8   0x0000003c   Data   RW         3638    .data               tasks.o
    0x20000104   0x00000018   Data   RW         3897    .data               heap_4.o
    0x2000011c   0x00000004   Data   RW         3947    .data               port.o
    0x20000120   0x00000002   Data   RW         4342    .data               diskio.o
    0x20000122   0x00000001   Data   RW         4429    .data               modbus.o
    0x20000123   0x00000001   Data   RW         4516    .data               modbus_slave.o
    0x20000124   0x00000014   Data   RW         6378    .data               stm32f10x_rcc.o
    0x20000138   0x00000004   Data   RW         7934    .data               mc_w.l(stdout.o)
    0x2000013c   0x00000030   Zero   RW          550    .bss                netconf.o
    0x2000016c   0x00003e8d   Zero   RW          849    .bss                mem.o
    0x20003ff9   0x00000003   PAD
    0x20003ffc   0x00003088   Zero   RW          891    .bss                memp.o
    0x20007084   0x00000116   Zero   RW         1201    .bss                stats.o
    0x2000719a   0x00000002   PAD
    0x2000719c   0x00000010   Zero   RW         1466    .bss                tcp_in.o
    0x200071ac   0x000000c8   Zero   RW         2063    .bss                etharp.o
    0x20007274   0x00002400   Zero   RW         2163    .bss                ethernetif.o
    0x20009674   0x00000406   Zero   RW         2257    .bss                usart.o
    0x20009a7a   0x00000002   PAD
    0x20009a7c   0x000000dc   Zero   RW         3637    .bss                tasks.o
    0x20009b58   0x00004400   Zero   RW         3896    .bss                heap_4.o
    0x2000df58   0x0000050a   Zero   RW         4428    .bss                modbus.o
    0x2000e462   0x00000006   PAD
    0x2000e468   0x00000400   Zero   RW         7874    STACK               startup_stm32f10x_cl.o


==============================================================================

Image component sizes


      Code (inc. data)   RO Data    RW Data    ZI Data      Debug   Object Name

       100         28          0          0          0      34869   app.o
        62          0          0          0          0       2084   def.o
        52          4          0          2          0        855   diskio.o
      4256       1330         80          1        200      12944   etharp.o
       640         28          0          0          0       3554   ethernet.o
       872        166          0         20       9216       7500   ethernetif.o
         0          0          0          0          0      17560   event_groups.o
       508         62          0         24      17408       4047   heap_4.o
       144         22          0          2          0       1704   i2c_ee.o
      1300        466          0          0          0       3810   icmp.o
         0          0          0          0          0       3924   inet.o
       362          0          0          0          0       3574   inet_chksum.o
         0          0          0          0          0      24019   init.o
      1388        290          0         18          0       7541   ip.o
        78          0          0          0          0       6982   ip_addr.o
      3174        958          0          6          0       9997   ip_frag.o
       144          6          0          0          0        544   led.o
       148          0          0          0          0       3246   list.o
        16          0          0          0          0     293043   main.o
      2156        772          0         12      16013       5273   mem.o
       520        150         40          0      12424       3958   memp.o
       132         22          0          0          0       1779   misc.o
       108         30          0          1       1290       4131   modbus.o
      2282         36          0          1          0      10494   modbus_slave.o
       156         34          0          0         48      11497   netconf.o
       490        128          0          9          0       6949   netif.o
        12          0          0          0          0        414   nvic.o
      3668       1488          0          0          0       9506   pbuf.o
       396         50          0          4          0       9276   port.o
      1356         12          0          0          0      11178   queue.o
       116         14          0          4          0       1556   raw.o
       280         20          0          0          0       2041   spi.o
        36          8        336          0       1024        812   startup_stm32f10x_cl.o
         0          0          0          0        278       3241   stats.o
      2030        366        283         16          0      14574   stm32_eth.o
       474         18          0          0          0       6207   stm32f10x_dma.o
       442         12          0          0          0       4842   stm32f10x_gpio.o
       260         14          0          0          0       3221   stm32f10x_i2c.o
       168        102          0          0          0      35901   stm32f10x_it.o
       636         72          0         20          0       9245   stm32f10x_rcc.o
        84          0          0          0          0       2373   stm32f10x_spi.o
       468          6          0          0          0       7374   stm32f10x_usart.o
       396         32          0          0          0       2025   system_stm32f10x.o
       140         28          0          0          0        981   task_led_toggle.o
       648         92          0         16          0       4148   task_modbus_process.o
      2336        346          0         60        220      34945   tasks.o
      4404       1256        197         36          0      24865   tcp.o
      8008       1314          0         32         16      18363   tcp_in.o
      3150        678         85          0          0      11183   tcp_out.o
       448        188          0         12          0       2141   timers.o
       736        138          0          8          0       3507   udp.o
      1130         80          0          0       1030       9831   usart.o
       138         12          0          0          0       1520   w25x16.o

    ----------------------------------------------------------------------
     51096      10878       1060        312      59180     721148   Object Totals
         0          0         32          0          0          0   (incl. Generated)
        48          0          7          8         13          0   (incl. Padding)

    ----------------------------------------------------------------------

      Code (inc. data)   RO Data    RW Data    ZI Data      Debug   Library Member Name

        86          0          0          0          0          0   __dczerorl2.o
         0          0          0          0          0          0   entry.o
         0          0          0          0          0          0   entry10a.o
         0          0          0          0          0          0   entry11a.o
         8          4          0          0          0          0   entry2.o
         4          0          0          0          0          0   entry5.o
         0          0          0          0          0          0   entry7b.o
         0          0          0          0          0          0   entry8b.o
         8          4          0          0          0          0   entry9a.o
        30          0          0          0          0          0   handlers.o
        36          8          0          0          0         68   init.o
         0          0          0          0          0          0   iusefp.o
        30          0          0          0          0         68   llshl.o
        36          0          0          0          0         68   llsshr.o
        32          0          0          0          0         68   llushr.o
        26          0          0          0          0         80   memcmp.o
        36          0          0          0          0         68   memcpya.o
        36          0          0          0          0        108   memseta.o
      2258         90          0          0          0        452   printfa.o
         0          0          0          4          0          0   stdout.o
        44          0          0          0          0         80   uidiv.o
        98          0          0          0          0         92   uldiv.o
        48          0          0          0          0         68   cdrcmple.o
       334          0          0          0          0        148   dadd.o
       222          0          0          0          0        100   ddiv.o
       186          0          0          0          0        176   depilogue.o
        48          0          0          0          0         68   dfixul.o
       228          0          0          0          0         96   dmul.o

    ----------------------------------------------------------------------
      3840        106          0          4          0       1808   Library Totals
         6          0          0          0          0          0   (incl. Padding)

    ----------------------------------------------------------------------

      Code (inc. data)   RO Data    RW Data    ZI Data      Debug   Library Name

      2768        106          0          4          0       1152   mc_w.l
      1066          0          0          0          0        656   mf_w.l

    ----------------------------------------------------------------------
      3840        106          0          4          0       1808   Library Totals

    ----------------------------------------------------------------------

==============================================================================


      Code (inc. data)   RO Data    RW Data    ZI Data      Debug   

     54936      10984       1060        316      59180     706808   Grand Totals
     54936      10984       1060         44      59180     706808   ELF Image Totals (compressed)
     54936      10984       1060         44          0          0   ROM Totals

==============================================================================

    Total RO  Size (Code + RO Data)                55996 (  54.68kB)
    Total RW  Size (RW Data + ZI Data)             59496 (  58.10kB)
    Total ROM Size (Code + RO Data + RW Data)      56040 (  54.73kB)

==============================================================================

