Component: ARM Compiler 5.05 update 2 (build 169) Tool: armlink [4d0f33]

==============================================================================

Section Cross References

    main.o(i.main) refers to app.o(i.Tasks_Init) for Tasks_Init
    main.o(i.main) refers to app.o(i.Hardware_Init) for Hardware_Init
    main.o(i.main) refers to app.o(i.flash_test) for flash_test
    main.o(i.main) refers to tasks.o(i.vTaskStartScheduler) for vTaskStartScheduler
    nvic.o(i.CFG_My_NVIC) refers to misc.o(i.NVIC_PriorityGroupConfig) for NVIC_PriorityGroupConfig
    stm32f10x_it.o(i.BusFault_Handler) refers to printfb.o(i.__0printf$bare) for __2printf
    stm32f10x_it.o(i.DebugMon_Handler) refers to printfb.o(i.__0printf$bare) for __2printf
    stm32f10x_it.o(i.MemManage_Handler) refers to printfb.o(i.__0printf$bare) for __2printf
    stm32f10x_it.o(i.NMI_Handler) refers to printfb.o(i.__0printf$bare) for __2printf
    stm32f10x_it.o(i.UsageFault_Handler) refers to printfb.o(i.__0printf$bare) for __2printf
    app.o(i.Hardware_Init) refers to nvic.o(i.CFG_My_NVIC) for CFG_My_NVIC
    app.o(i.Hardware_Init) refers to led.o(i.LEDs_Init) for LEDs_Init
    app.o(i.Hardware_Init) refers to usart.o(i.USART1_Init) for USART1_Init
    app.o(i.Hardware_Init) refers to usart.o(i.USART2_Init) for USART2_Init
    app.o(i.Hardware_Init) refers to w25x16.o(i.SpiFlashInit) for SpiFlashInit
    app.o(i.Tasks_Init) refers to task_led_toggle.o(i.Task_Led_Toggle_Init) for Task_Led_Toggle_Init
    app.o(i.Tasks_Init) refers to task_modbus_process.o(i.Task_Modbus_Process_Init) for Task_Modbus_Process_Init
    app.o(i.flash_test) refers to w25x16.o(i.SpiFlashReadID) for SpiFlashReadID
    app.o(i.flash_test) refers to printfb.o(i.__0printf$bare) for __2printf
    app.o(i.flash_test) refers to w25x16.o(i.SpiFlashEraseChip) for SpiFlashEraseChip
    app.o(i.flash_test) refers to w25x16.o(i.SpiFlashWrite) for SpiFlashWrite
    app.o(i.flash_test) refers to w25x16.o(i.SpiFlashRead) for SpiFlashRead
    app.o(i.flash_test) refers to memcmp.o(.text) for memcmp
    app.o(i.flash_test) refers to app.o(.bss) for write_buf
    task_led_toggle.o(i.Task_Led_Toggle) refers to tasks.o(i.vTaskDelay) for vTaskDelay
    task_led_toggle.o(i.Task_Led_Toggle_Init) refers to tasks.o(i.xTaskGenericCreate) for xTaskGenericCreate
    task_led_toggle.o(i.Task_Led_Toggle_Init) refers to task_led_toggle.o(i.Task_Led_Toggle) for Task_Led_Toggle
    task_modbus_process.o(i.DMA1_Channel4_IRQHandler) refers to queue.o(i.xQueueGiveFromISR) for xQueueGiveFromISR
    task_modbus_process.o(i.DMA1_Channel4_IRQHandler) refers to stm32f10x_dma.o(i.DMA_ClearITPendingBit) for DMA_ClearITPendingBit
    task_modbus_process.o(i.DMA1_Channel4_IRQHandler) refers to task_modbus_process.o(.data) for xHigherPriorityTaskWoken
    task_modbus_process.o(i.Modbus_Cmd_Handle) refers to modbus_slave.o(i.Crc16_Modbus) for Crc16_Modbus
    task_modbus_process.o(i.Modbus_Cmd_Handle) refers to queue.o(i.xQueueGenericReceive) for xQueueGenericReceive
    task_modbus_process.o(i.Modbus_Cmd_Handle) refers to modbus_slave.o(i.Mb_Fc01_Coil_Rd) for Mb_Fc01_Coil_Rd
    task_modbus_process.o(i.Modbus_Cmd_Handle) refers to modbus_slave.o(i.Mb_Fc02_Di_Rd) for Mb_Fc02_Di_Rd
    task_modbus_process.o(i.Modbus_Cmd_Handle) refers to modbus_slave.o(i.Mb_Fc03_Holding_Reg_Rd) for Mb_Fc03_Holding_Reg_Rd
    task_modbus_process.o(i.Modbus_Cmd_Handle) refers to modbus_slave.o(i.Mb_Fc04_In_Reg_Rd) for Mb_Fc04_In_Reg_Rd
    task_modbus_process.o(i.Modbus_Cmd_Handle) refers to modbus_slave.o(i.Mb_Fc05_Coil_Wr) for Mb_Fc05_Coil_Wr
    task_modbus_process.o(i.Modbus_Cmd_Handle) refers to modbus_slave.o(i.Mb_Fc06_Holding_Reg_Wr) for Mb_Fc06_Holding_Reg_Wr
    task_modbus_process.o(i.Modbus_Cmd_Handle) refers to modbus_slave.o(i.Mb_Fc16_Multiple_Holding_Reg_Wr) for Mb_Fc16_Multiple_Holding_Reg_Wr
    task_modbus_process.o(i.Modbus_Cmd_Handle) refers to usart.o(i.USART1_DMA_Send) for USART1_DMA_Send
    task_modbus_process.o(i.Modbus_Cmd_Handle) refers to modbus_slave.o(.data) for g_ModbusAddr
    task_modbus_process.o(i.Modbus_Cmd_Handle) refers to task_modbus_process.o(.data) for Handler_Mutex_Usart_Send
    task_modbus_process.o(i.Modbus_Cmd_Handle) refers to usart.o(.bss) for stMy_Usart1
    task_modbus_process.o(i.Task_Modbus_Process) refers to queue.o(i.xQueueGenericCreate) for xQueueGenericCreate
    task_modbus_process.o(i.Task_Modbus_Process) refers to queue.o(i.xQueueCreateMutex) for xQueueCreateMutex
    task_modbus_process.o(i.Task_Modbus_Process) refers to queue.o(i.xQueueGenericReceive) for xQueueGenericReceive
    task_modbus_process.o(i.Task_Modbus_Process) refers to stm32f10x_dma.o(i.DMA_GetCurrDataCounter) for DMA_GetCurrDataCounter
    task_modbus_process.o(i.Task_Modbus_Process) refers to task_modbus_process.o(i.Modbus_Cmd_Handle) for Modbus_Cmd_Handle
    task_modbus_process.o(i.Task_Modbus_Process) refers to stm32f10x_dma.o(i.DMA_SetCurrDataCounter) for DMA_SetCurrDataCounter
[...]
    Removing stm32f10x_tim.o(i.TIM_ForcedOC2Config), (26 bytes).
    Removing stm32f10x_tim.o(i.TIM_ForcedOC3Config), (18 bytes).
    Removing stm32f10x_tim.o(i.TIM_ForcedOC4Config), (26 bytes).
    Removing stm32f10x_tim.o(i.TIM_GenerateEvent), (4 bytes).
    Removing stm32f10x_tim.o(i.TIM_GetCapture1), (6 bytes).
    Removing stm32f10x_tim.o(i.TIM_GetCapture2), (6 bytes).
    Removing stm32f10x_tim.o(i.TIM_GetCapture3), (6 bytes).
    Removing stm32f10x_tim.o(i.TIM_GetCapture4), (8 bytes).
    Removing stm32f10x_tim.o(i.TIM_GetCounter), (6 bytes).
    Removing stm32f10x_tim.o(i.TIM_GetFlagStatus), (18 bytes).
    Removing stm32f10x_tim.o(i.TIM_GetITStatus), (34 bytes).
    Removing stm32f10x_tim.o(i.TIM_GetPrescaler), (6 bytes).
    Removing stm32f10x_tim.o(i.TIM_ICInit), (172 bytes).
    Removing stm32f10x_tim.o(i.TIM_ICStructInit), (18 bytes).
    Removing stm32f10x_tim.o(i.TIM_ITConfig), (18 bytes).
    Removing stm32f10x_tim.o(i.TIM_ITRxExternalClockConfig), (24 bytes).
    Removing stm32f10x_tim.o(i.TIM_InternalClockConfig), (12 bytes).
    Removing stm32f10x_tim.o(i.TIM_OC1FastConfig), (18 bytes).
    Removing stm32f10x_tim.o(i.TIM_OC1Init), (152 bytes).
    Removing stm32f10x_tim.o(i.TIM_OC1NPolarityConfig), (18 bytes).
    Removing stm32f10x_tim.o(i.TIM_OC1PolarityConfig), (18 bytes).
    Removing stm32f10x_tim.o(i.TIM_OC1PreloadConfig), (18 bytes).
    Removing stm32f10x_tim.o(i.TIM_OC2FastConfig), (26 bytes).
    Removing stm32f10x_tim.o(i.TIM_OC2Init), (164 bytes).
    Removing stm32f10x_tim.o(i.TIM_OC2NPolarityConfig), (26 bytes).
    Removing stm32f10x_tim.o(i.TIM_OC2PolarityConfig), (26 bytes).
    Removing stm32f10x_tim.o(i.TIM_OC2PreloadConfig), (26 bytes).
    Removing stm32f10x_tim.o(i.TIM_OC3FastConfig), (18 bytes).
    Removing stm32f10x_tim.o(i.TIM_OC3Init), (160 bytes).
    Removing stm32f10x_tim.o(i.TIM_OC3NPolarityConfig), (26 bytes).
    Removing stm32f10x_tim.o(i.TIM_OC3PolarityConfig), (26 bytes).
    Removing stm32f10x_tim.o(i.TIM_OC3PreloadConfig), (18 bytes).
    Removing stm32f10x_tim.o(i.TIM_OC4FastConfig), (26 bytes).
    Removing stm32f10x_tim.o(i.TIM_OC4Init), (124 bytes).
    Removing stm32f10x_tim.o(i.TIM_OC4PolarityConfig), (26 bytes).
    Removing stm32f10x_tim.o(i.TIM_OC4PreloadConfig), (26 bytes).
    Removing stm32f10x_tim.o(i.TIM_OCStructInit), (20 bytes).
    Removing stm32f10x_tim.o(i.TIM_PWMIConfig), (124 bytes).
    Removing stm32f10x_tim.o(i.TIM_PrescalerConfig), (6 bytes).
    Removing stm32f10x_tim.o(i.TIM_SelectCCDMA), (24 bytes).
    Removing stm32f10x_tim.o(i.TIM_SelectCOM), (24 bytes).
    Removing stm32f10x_tim.o(i.TIM_SelectHallSensor), (24 bytes).
    Removing stm32f10x_tim.o(i.TIM_SelectInputTrigger), (18 bytes).
    Removing stm32f10x_tim.o(i.TIM_SelectMasterSlaveMode), (18 bytes).
    Removing stm32f10x_tim.o(i.TIM_SelectOCxM), (82 bytes).
    Removing stm32f10x_tim.o(i.TIM_SelectOnePulseMode), (18 bytes).
    Removing stm32f10x_tim.o(i.TIM_SelectOutputTrigger), (18 bytes).
    Removing stm32f10x_tim.o(i.TIM_SelectSlaveMode), (18 bytes).
    Removing stm32f10x_tim.o(i.TIM_SetAutoreload), (4 bytes).
    Removing stm32f10x_tim.o(i.TIM_SetClockDivision), (18 bytes).
    Removing stm32f10x_tim.o(i.TIM_SetCompare1), (4 bytes).
    Removing stm32f10x_tim.o(i.TIM_SetCompare2), (4 bytes).
    Removing stm32f10x_tim.o(i.TIM_SetCompare3), (4 bytes).
    Removing stm32f10x_tim.o(i.TIM_SetCompare4), (6 bytes).
    Removing stm32f10x_tim.o(i.TIM_SetCounter), (4 bytes).
    Removing stm32f10x_tim.o(i.TIM_SetIC1Prescaler), (18 bytes).
    Removing stm32f10x_tim.o(i.TIM_SetIC2Prescaler), (26 bytes).
    Removing stm32f10x_tim.o(i.TIM_SetIC3Prescaler), (18 bytes).
    Removing stm32f10x_tim.o(i.TIM_SetIC4Prescaler), (26 bytes).
    Removing stm32f10x_tim.o(i.TIM_TIxExternalClockConfig), (62 bytes).
    Removing stm32f10x_tim.o(i.TIM_TimeBaseInit), (164 bytes).
    Removing stm32f10x_tim.o(i.TIM_TimeBaseStructInit), (18 bytes).
    Removing stm32f10x_tim.o(i.TIM_UpdateDisableConfig), (24 bytes).
    Removing stm32f10x_tim.o(i.TIM_UpdateRequestConfig), (24 bytes).
    Removing stm32f10x_usart.o(.rev16_text), (4 bytes).
    Removing stm32f10x_usart.o(.revsh_text), (4 bytes).
    Removing stm32f10x_usart.o(.rrx_text), (6 bytes).
    Removing stm32f10x_usart.o(i.USART_ClearITPendingBit), (30 bytes).
    Removing stm32f10x_usart.o(i.USART_ClockInit), (34 bytes).
    Removing stm32f10x_usart.o(i.USART_ClockStructInit), (12 bytes).
    Removing stm32f10x_usart.o(i.USART_DeInit), (156 bytes).
    Removing stm32f10x_usart.o(i.USART_HalfDuplexCmd), (24 bytes).
    Removing stm32f10x_usart.o(i.USART_IrDACmd), (24 bytes).
    Removing stm32f10x_usart.o(i.USART_IrDAConfig), (18 bytes).
    Removing stm32f10x_usart.o(i.USART_LINBreakDetectLengthConfig), (18 bytes).
    Removing stm32f10x_usart.o(i.USART_LINCmd), (24 bytes).
    Removing stm32f10x_usart.o(i.USART_OneBitMethodCmd), (24 bytes).
    Removing stm32f10x_usart.o(i.USART_OverSampling8Cmd), (22 bytes).
    Removing stm32f10x_usart.o(i.USART_ReceiveData), (10 bytes).
    Removing stm32f10x_usart.o(i.USART_ReceiverWakeUpCmd), (24 bytes).
    Removing stm32f10x_usart.o(i.USART_SendBreak), (10 bytes).
    Removing stm32f10x_usart.o(i.USART_SetAddress), (18 bytes).
    Removing stm32f10x_usart.o(i.USART_SetGuardTime), (16 bytes).
    Removing stm32f10x_usart.o(i.USART_SetPrescaler), (16 bytes).
    Removing stm32f10x_usart.o(i.USART_SmartCardCmd), (24 bytes).
    Removing stm32f10x_usart.o(i.USART_SmartCardNACKCmd), (24 bytes).
    Removing stm32f10x_usart.o(i.USART_StructInit), (24 bytes).
    Removing stm32f10x_usart.o(i.USART_WakeUpConfig), (18 bytes).
    Removing stm32f10x_wwdg.o(.rev16_text), (4 bytes).
    Removing stm32f10x_wwdg.o(.revsh_text), (4 bytes).
    Removing stm32f10x_wwdg.o(.rrx_text), (6 bytes).
    Removing stm32f10x_wwdg.o(i.WWDG_ClearFlag), (12 bytes).
    Removing stm32f10x_wwdg.o(i.WWDG_DeInit), (22 bytes).
    Removing stm32f10x_wwdg.o(i.WWDG_Enable), (16 bytes).
    Removing stm32f10x_wwdg.o(i.WWDG_EnableIT), (12 bytes).
    Removing stm32f10x_wwdg.o(i.WWDG_GetFlagStatus), (12 bytes).
    Removing stm32f10x_wwdg.o(i.WWDG_SetCounter), (16 bytes).
    Removing stm32f10x_wwdg.o(i.WWDG_SetPrescaler), (24 bytes).
    Removing stm32f10x_wwdg.o(i.WWDG_SetWindowValue), (40 bytes).
    Removing startup_stm32f10x_cl.o(HEAP), (512 bytes).
    Removing system_stm32f10x.o(.rev16_text), (4 bytes).
    Removing system_stm32f10x.o(.revsh_text), (4 bytes).
    Removing system_stm32f10x.o(.rrx_text), (6 bytes).
    Removing system_stm32f10x.o(i.SystemCoreClockUpdate), (256 bytes).
    Removing system_stm32f10x.o(.data), (20 bytes).
    Removing dadd.o(.text), (334 bytes).
    Removing dmul.o(.text), (228 bytes).
    Removing ddiv.o(.text), (222 bytes).
    Removing dfixul.o(.text), (48 bytes).
    Removing cdrcmple.o(.text), (48 bytes).
    Removing depilogue.o(.text), (186 bytes).

638 unused section(s) (total 24128 bytes) removed from the image.

==============================================================================

Image Symbol Table

    Local Symbols

    Symbol Name                              Value     Ov Type        Size  Object(Section)

    ../clib/microlib/division.c              0x00000000   Number         0  uidiv.o ABSOLUTE
    ../clib/microlib/division.c              0x00000000   Number         0  uldiv.o ABSOLUTE
    ../clib/microlib/init/entry.s            0x00000000   Number         0  entry9b.o ABSOLUTE
    ../clib/microlib/init/entry.s            0x00000000   Number         0  entry2.o ABSOLUTE
    ../clib/microlib/init/entry.s            0x00000000   Number         0  entry9a.o ABSOLUTE
    ../clib/microlib/init/entry.s            0x00000000   Number         0  entry10b.o ABSOLUTE
    ../clib/microlib/init/entry.s            0x00000000   Number         0  entry.o ABSOLUTE
    ../clib/microlib/init/entry.s            0x00000000   Number         0  entry8a.o ABSOLUTE
    ../clib/microlib/init/entry.s            0x00000000   Number         0  entry7b.o ABSOLUTE
    ../clib/microlib/init/entry.s            0x00000000   Number         0  entry8b.o ABSOLUTE
    ../clib/microlib/init/entry.s            0x00000000   Number         0  entry7a.o ABSOLUTE
    ../clib/microlib/init/entry.s            0x00000000   Number         0  entry5.o ABSOLUTE
    ../clib/microlib/init/entry.s            0x00000000   Number         0  entry10a.o ABSOLUTE
    ../clib/microlib/init/entry.s            0x00000000   Number         0  entry11a.o ABSOLUTE
    ../clib/microlib/init/entry.s            0x00000000   Number         0  entry11b.o ABSOLUTE
    ../clib/microlib/longlong.c              0x00000000   Number         0  llshl.o ABSOLUTE
    ../clib/microlib/longlong.c              0x00000000   Number         0  llushr.o ABSOLUTE
    ../clib/microlib/longlong.c              0x00000000   Number         0  llsshr.o ABSOLUTE
    ../clib/microlib/printf/printf.c         0x00000000   Number         0  printf4.o ABSOLUTE
    ../clib/microlib/printf/printf.c         0x00000000   Number         0  printf3.o ABSOLUTE
    ../clib/microlib/printf/printf.c         0x00000000   Number         0  printf1.o ABSOLUTE
    ../clib/microlib/printf/printf.c         0x00000000   Number         0  printf0.o ABSOLUTE
    ../clib/microlib/printf/printf.c         0x00000000   Number         0  printfb.o ABSOLUTE
    ../clib/microlib/printf/printf.c         0x00000000   Number         0  printf2.o ABSOLUTE
    ../clib/microlib/printf/printf.c         0x00000000   Number         0  printf7.o ABSOLUTE
    ../clib/microlib/printf/printf.c         0x00000000   Number         0  printfa.o ABSOLUTE
    ../clib/microlib/printf/printf.c         0x00000000   Number         0  printf8.o ABSOLUTE
    ../clib/microlib/printf/printf.c         0x00000000   Number         0  printf6.o ABSOLUTE
    ../clib/microlib/printf/printf.c         0x00000000   Number         0  printf5.o ABSOLUTE
    ../clib/microlib/stdio/putc.c            0x00000000   Number         0  putc.o ABSOLUTE
    ../clib/microlib/stdio/streams.c         0x00000000   Number         0  stdout.o ABSOLUTE
    ../clib/microlib/string/memcmp.c         0x00000000   Number         0  memcmp.o ABSOLUTE
    ../clib/microlib/string/memcpy.c         0x00000000   Number         0  memcpya.o ABSOLUTE
    ../clib/microlib/string/memcpy.c         0x00000000   Number         0  memcpyb.o ABSOLUTE
    ../clib/microlib/stubs.s                 0x00000000   Number         0  iusefp.o ABSOLUTE
    ../fplib/microlib/fpadd.c                0x00000000   Number         0  dadd.o ABSOLUTE
    ../fplib/microlib/fpdiv.c                0x00000000   Number         0  ddiv.o ABSOLUTE
    ../fplib/microlib/fpepilogue.c           0x00000000   Number         0  depilogue.o ABSOLUTE
    ../fplib/microlib/fpfix.c                0x00000000   Number         0  dfixul.o ABSOLUTE
    ../fplib/microlib/fpmul.c                0x00000000   Number         0  dmul.o ABSOLUTE
    ..\\src\\app\\app.c                      0x00000000   Number         0  app.o ABSOLUTE
    ..\\src\\app\\task_led_toggle.c          0x00000000   Number         0  task_led_toggle.o ABSOLUTE
    ..\\src\\app\\task_modbus_process.c      0x00000000   Number         0  task_modbus_process.o ABSOLUTE
    ..\\src\\drivers\\bsp\\led.c             0x00000000   Number         0  led.o ABSOLUTE
    ..\\src\\drivers\\bsp\\w25x16.c          0x00000000   Number         0  w25x16.o ABSOLUTE
    ..\\src\\drivers\\mcu\\spi.c             0x00000000   Number         0  spi.o ABSOLUTE
    ..\\src\\drivers\\mcu\\usart.c           0x00000000   Number         0  usart.o ABSOLUTE
    ..\\src\\main.c                          0x00000000   Number         0  main.o ABSOLUTE
    ..\\src\\nvic.c                          0x00000000   Number         0  nvic.o ABSOLUTE
    ..\\src\\protocol\\modbus\\modbus.c      0x00000000   Number         0  modbus.o ABSOLUTE
    ..\\src\\protocol\\modbus\\modbus_slave.c 0x00000000   Number         0  modbus_slave.o ABSOLUTE
    ..\\src\\rtos\\freertos9_0_0\\Source\\portable\\RVDS\\ARM_CM3\\port.c 0x00000000   Number         0  port.o ABSOLUTE
    ..\\src\\stm32f10x_it.c                  0x00000000   Number         0  stm32f10x_it.o ABSOLUTE
    ..\\src\\utils\\global.c                 0x00000000   Number         0  global.o ABSOLUTE
    ..\src\app\app.c                         0x00000000   Number         0  app.o ABSOLUTE
    ..\src\app\task_led_toggle.c             0x00000000   Number         0  task_led_toggle.o ABSOLUTE
    ..\src\app\task_modbus_process.c         0x00000000   Number         0  task_modbus_process.o ABSOLUTE
    ..\src\drivers\bsp\led.c                 0x00000000   Number         0  led.o ABSOLUTE
    ..\src\drivers\bsp\w25x16.c              0x00000000   Number         0  w25x16.o ABSOLUTE
    ..\src\drivers\mcu\spi.c                 0x00000000   Number         0  spi.o ABSOLUTE
    ..\src\drivers\mcu\usart.c               0x00000000   Number         0  usart.o ABSOLUTE
    ..\src\main.c                            0x00000000   Number         0  main.o ABSOLUTE
    ..\src\nvic.c                            0x00000000   Number         0  nvic.o ABSOLUTE
    ..\src\protocol\modbus\modbus.c          0x00000000   Number         0  modbus.o ABSOLUTE
    ..\src\protocol\modbus\modbus_slave.c    0x00000000   Number         0  modbus_slave.o ABSOLUTE
    ..\src\rtos\freertos9_0_0\Source\croutine.c 0x00000000   Number         0  croutine.o ABSOLUTE
    ..\src\rtos\freertos9_0_0\Source\event_groups.c 0x00000000   Number         0  event_groups.o ABSOLUTE
    ..\src\rtos\freertos9_0_0\Source\list.c  0x00000000   Number         0  list.o ABSOLUTE
    ..\src\rtos\freertos9_0_0\Source\portable\MemMang\heap_4.c 0x00000000   Number         0  heap_4.o ABSOLUTE
    ..\src\rtos\freertos9_0_0\Source\portable\RVDS\ARM_CM3\port.c 0x00000000   Number         0  port.o ABSOLUTE
    ..\src\rtos\freertos9_0_0\Source\queue.c 0x00000000   Number         0  queue.o ABSOLUTE
    ..\src\rtos\freertos9_0_0\Source\tasks.c 0x00000000   Number         0  tasks.o ABSOLUTE
    ..\src\rtos\freertos9_0_0\Source\timers.c 0x00000000   Number         0  timers.o ABSOLUTE
    ..\src\stm32f10x_it.c                    0x00000000   Number         0  stm32f10x_it.o ABSOLUTE
    ..\src\utils\global.c                    0x00000000   Number         0  global.o ABSOLUTE
    D:\WorkSoftware\Keil_v5\ARM\PACK\Keil\STM32F1xx_DFP\2.1.0\Device\StdPeriph_Driver\src\misc.c 0x00000000   Number         0  misc.o ABSOLUTE
    D:\WorkSoftware\Keil_v5\ARM\PACK\Keil\STM32F1xx_DFP\2.1.0\Device\StdPeriph_Driver\src\stm32f10x_adc.c 0x00000000   Number         0  stm32f10x_adc.o ABSOLUTE
    D:\WorkSoftware\Keil_v5\ARM\PACK\Keil\STM32F1xx_DFP\2.1.0\Device\StdPeriph_Driver\src\stm32f10x_bkp.c 0x00000000   Number         0  stm32f10x_bkp.o ABSOLUTE
    D:\WorkSoftware\Keil_v5\ARM\PACK\Keil\STM32F1xx_DFP\2.1.0\Device\StdPeriph_Driver\src\stm32f10x_can.c 0x00000000   Number         0  stm32f10x_can.o ABSOLUTE
    D:\WorkSoftware\Keil_v5\ARM\PACK\Keil\STM32F1xx_DFP\2.1.0\Device\StdPeriph_Driver\src\stm32f10x_cec.c 0x00000000   Number         0  stm32f10x_cec.o ABSOLUTE
    D:\WorkSoftware\Keil_v5\ARM\PACK\Keil\STM32F1xx_DFP\2.1.0\Device\StdPeriph_Driver\src\stm32f10x_crc.c 0x00000000   Number         0  stm32f10x_crc.o ABSOLUTE
    D:\WorkSoftware\Keil_v5\ARM\PACK\Keil\STM32F1xx_DFP\2.1.0\Device\StdPeriph_Driver\src\stm32f10x_dac.c 0x00000000   Number         0  stm32f10x_dac.o ABSOLUTE
    D:\WorkSoftware\Keil_v5\ARM\PACK\Keil\STM32F1xx_DFP\2.1.0\Device\StdPeriph_Driver\src\stm32f10x_dbgmcu.c 0x00000000   Number         0  stm32f10x_dbgmcu.o ABSOLUTE
    D:\WorkSoftware\Keil_v5\ARM\PACK\Keil\STM32F1xx_DFP\2.1.0\Device\StdPeriph_Driver\src\stm32f10x_dma.c 0x00000000   Number         0  stm32f10x_dma.o ABSOLUTE
    D:\WorkSoftware\Keil_v5\ARM\PACK\Keil\STM32F1xx_DFP\2.1.0\Device\StdPeriph_Driver\src\stm32f10x_exti.c 0x00000000   Number         0  stm32f10x_exti.o ABSOLUTE
    D:\WorkSoftware\Keil_v5\ARM\PACK\Keil\STM32F1xx_DFP\2.1.0\Device\StdPeriph_Driver\src\stm32f10x_flash.c 0x00000000   Number         0  stm32f10x_flash.o ABSOLUTE
    D:\WorkSoftware\Keil_v5\ARM\PACK\Keil\STM32F1xx_DFP\2.1.0\Device\StdPeriph_Driver\src\stm32f10x_fsmc.c 0x00000000   Number         0  stm32f10x_fsmc.o ABSOLUTE
    D:\WorkSoftware\Keil_v5\ARM\PACK\Keil\STM32F1xx_DFP\2.1.0\Device\StdPeriph_Driver\src\stm32f10x_gpio.c 0x00000000   Number         0  stm32f10x_gpio.o ABSOLUTE
    D:\WorkSoftware\Keil_v5\ARM\PACK\Keil\STM32F1xx_DFP\2.1.0\Device\StdPeriph_Driver\src\stm32f10x_i2c.c 0x00000000   Number         0  stm32f10x_i2c.o ABSOLUTE
    D:\WorkSoftware\Keil_v5\ARM\PACK\Keil\STM32F1xx_DFP\2.1.0\Device\StdPeriph_Driver\src\stm32f10x_iwdg.c 0x00000000   Number         0  stm32f10x_iwdg.o ABSOLUTE
    D:\WorkSoftware\Keil_v5\ARM\PACK\Keil\STM32F1xx_DFP\2.1.0\Device\StdPeriph_Driver\src\stm32f10x_pwr.c 0x00000000   Number         0  stm32f10x_pwr.o ABSOLUTE
    D:\WorkSoftware\Keil_v5\ARM\PACK\Keil\STM32F1xx_DFP\2.1.0\Device\StdPeriph_Driver\src\stm32f10x_rcc.c 0x00000000   Number         0  stm32f10x_rcc.o ABSOLUTE
    D:\WorkSoftware\Keil_v5\ARM\PACK\Keil\STM32F1xx_DFP\2.1.0\Device\StdPeriph_Driver\src\stm32f10x_rtc.c 0x00000000   Number         0  stm32f10x_rtc.o ABSOLUTE
    D:\WorkSoftware\Keil_v5\ARM\PACK\Keil\STM32F1xx_DFP\2.1.0\Device\StdPeriph_Driver\src\stm32f10x_sdio.c 0x00000000   Number         0  stm32f10x_sdio.o ABSOLUTE
    D:\WorkSoftware\Keil_v5\ARM\PACK\Keil\STM32F1xx_DFP\2.1.0\Device\StdPeriph_Driver\src\stm32f10x_spi.c 0x00000000   Number         0  stm32f10x_spi.o ABSOLUTE
    D:\WorkSoftware\Keil_v5\ARM\PACK\Keil\STM32F1xx_DFP\2.1.0\Device\StdPeriph_Driver\src\stm32f10x_tim.c 0x00000000   Number         0  stm32f10x_tim.o ABSOLUTE
    D:\WorkSoftware\Keil_v5\ARM\PACK\Keil\STM32F1xx_DFP\2.1.0\Device\StdPeriph_Driver\src\stm32f10x_usart.c 0x00000000   Number         0  stm32f10x_usart.o ABSOLUTE
    D:\WorkSoftware\Keil_v5\ARM\PACK\Keil\STM32F1xx_DFP\2.1.0\Device\StdPeriph_Driver\src\stm32f10x_wwdg.c 0x00000000   Number         0  stm32f10x_wwdg.o ABSOLUTE
    D:\\WorkSoftware\\Keil_v5\\ARM\\PACK\\Keil\\STM32F1xx_DFP\\2.1.0\\Device\\StdPeriph_Driver\\src\\misc.c 0x00000000   Number         0  misc.o ABSOLUTE
    D:\\WorkSoftware\\Keil_v5\\ARM\\PACK\\Keil\\STM32F1xx_DFP\\2.1.0\\Device\\StdPeriph_Driver\\src\\stm32f10x_adc.c 0x00000000   Number         0  stm32f10x_adc.o ABSOLUTE
    D:\\WorkSoftware\\Keil_v5\\ARM\\PACK\\Keil\\STM32F1xx_DFP\\2.1.0\\Device\\StdPeriph_Driver\\src\\stm32f10x_bkp.c 0x00000000   Number         0  stm32f10x_bkp.o ABSOLUTE
    D:\\WorkSoftware\\Keil_v5\\ARM\\PACK\\Keil\\STM32F1xx_DFP\\2.1.0\\Device\\StdPeriph_Driver\\src\\stm32f10x_can.c 0x00000000   Number         0  stm32f10x_can.o ABSOLUTE
    D:\\WorkSoftware\\Keil_v5\\ARM\\PACK\\Keil\\STM32F1xx_DFP\\2.1.0\\Device\\StdPeriph_Driver\\src\\stm32f10x_cec.c 0x00000000   Number         0  stm32f10x_cec.o ABSOLUTE
    D:\\WorkSoftware\\Keil_v5\\ARM\\PACK\\Keil\\STM32F1xx_DFP\\2.1.0\\Device\\StdPeriph_Driver\\src\\stm32f10x_crc.c 0x00000000   Number         0  stm32f10x_crc.o ABSOLUTE
    D:\\WorkSoftware\\Keil_v5\\ARM\\PACK\\Keil\\STM32F1xx_DFP\\2.1.0\\Device\\StdPeriph_Driver\\src\\stm32f10x_dac.c 0x00000000   Number         0  stm32f10x_dac.o ABSOLUTE
    D:\\WorkSoftware\\Keil_v5\\ARM\\PACK\\Keil\\STM32F1xx_DFP\\2.1.0\\Device\\StdPeriph_Driver\\src\\stm32f10x_dbgmcu.c 0x00000000   Number         0  stm32f10x_dbgmcu.o ABSOLUTE
    D:\\WorkSoftware\\Keil_v5\\ARM\\PACK\\Keil\\STM32F1xx_DFP\\2.1.0\\Device\\StdPeriph_Driver\\src\\stm32f10x_dma.c 0x00000000   Number         0  stm32f10x_dma.o ABSOLUTE
    D:\\WorkSoftware\\Keil_v5\\ARM\\PACK\\Keil\\STM32F1xx_DFP\\2.1.0\\Device\\StdPeriph_Driver\\src\\stm32f10x_exti.c 0x00000000   Number         0  stm32f10x_exti.o ABSOLUTE
    D:\\WorkSoftware\\Keil_v5\\ARM\\PACK\\Keil\\STM32F1xx_DFP\\2.1.0\\Device\\StdPeriph_Driver\\src\\stm32f10x_flash.c 0x00000000   Number         0  stm32f10x_flash.o ABSOLUTE
    D:\\WorkSoftware\\Keil_v5\\ARM\\PACK\\Keil\\STM32F1xx_DFP\\2.1.0\\Device\\StdPeriph_Driver\\src\\stm32f10x_fsmc.c 0x00000000   Number         0  stm32f10x_fsmc.o ABSOLUTE
    D:\\WorkSoftware\\Keil_v5\\ARM\\PACK\\Keil\\STM32F1xx_DFP\\2.1.0\\Device\\StdPeriph_Driver\\src\\stm32f10x_gpio.c 0x00000000   Number         0  stm32f10x_gpio.o ABSOLUTE
    D:\\WorkSoftware\\Keil_v5\\ARM\\PACK\\Keil\\STM32F1xx_DFP\\2.1.0\\Device\\StdPeriph_Driver\\src\\stm32f10x_i2c.c 0x00000000   Number         0  stm32f10x_i2c.o ABSOLUTE
    D:\\WorkSoftware\\Keil_v5\\ARM\\PACK\\Keil\\STM32F1xx_DFP\\2.1.0\\Device\\StdPeriph_Driver\\src\\stm32f10x_iwdg.c 0x00000000   Number         0  stm32f10x_iwdg.o ABSOLUTE
    D:\\WorkSoftware\\Keil_v5\\ARM\\PACK\\Keil\\STM32F1xx_DFP\\2.1.0\\Device\\StdPeriph_Driver\\src\\stm32f10x_pwr.c 0x00000000   Number         0  stm32f10x_pwr.o ABSOLUTE
    D:\\WorkSoftware\\Keil_v5\\ARM\\PACK\\Keil\\STM32F1xx_DFP\\2.1.0\\Device\\StdPeriph_Driver\\src\\stm32f10x_rcc.c 0x00000000   Number         0  stm32f10x_rcc.o ABSOLUTE
    D:\\WorkSoftware\\Keil_v5\\ARM\\PACK\\Keil\\STM32F1xx_DFP\\2.1.0\\Device\\StdPeriph_Driver\\src\\stm32f10x_rtc.c 0x00000000   Number         0  stm32f10x_rtc.o ABSOLUTE
    D:\\WorkSoftware\\Keil_v5\\ARM\\PACK\\Keil\\STM32F1xx_DFP\\2.1.0\\Device\\StdPeriph_Driver\\src\\stm32f10x_sdio.c 0x00000000   Number         0  stm32f10x_sdio.o ABSOLUTE
    D:\\WorkSoftware\\Keil_v5\\ARM\\PACK\\Keil\\STM32F1xx_DFP\\2.1.0\\Device\\StdPeriph_Driver\\src\\stm32f10x_spi.c 0x00000000   Number         0  stm32f10x_spi.o ABSOLUTE
    D:\\WorkSoftware\\Keil_v5\\ARM\\PACK\\Keil\\STM32F1xx_DFP\\2.1.0\\Device\\StdPeriph_Driver\\src\\stm32f10x_tim.c 0x00000000   Number         0  stm32f10x_tim.o ABSOLUTE
    D:\\WorkSoftware\\Keil_v5\\ARM\\PACK\\Keil\\STM32F1xx_DFP\\2.1.0\\Device\\StdPeriph_Driver\\src\\stm32f10x_usart.c 0x00000000   Number         0  stm32f10x_usart.o ABSOLUTE
    D:\\WorkSoftware\\Keil_v5\\ARM\\PACK\\Keil\\STM32F1xx_DFP\\2.1.0\\Device\\StdPeriph_Driver\\src\\stm32f10x_wwdg.c 0x00000000   Number         0  stm32f10x_wwdg.o ABSOLUTE
    RTE\Device\STM32F107VC\startup_stm32f10x_cl.s 0x00000000   Number         0  startup_stm32f10x_cl.o ABSOLUTE
    RTE\Device\STM32F107VC\system_stm32f10x.c 0x00000000   Number         0  system_stm32f10x.o ABSOLUTE
    RTE\\Device\\STM32F107VC\\system_stm32f10x.c 0x00000000   Number         0  system_stm32f10x.o ABSOLUTE
    cdrcmple.s                               0x00000000   Number         0  cdrcmple.o ABSOLUTE
    dc.s                                     0x00000000   Number         0  dc.o ABSOLUTE
    handlers.s                               0x00000000   Number         0  handlers.o ABSOLUTE
    init.s                                   0x00000000   Number         0  init.o ABSOLUTE
    RESET                                    0x08000000   Section      336  startup_stm32f10x_cl.o(RESET)
    .ARM.Collect$$$$00000000                 0x08000150   Section        0  entry.o(.ARM.Collect$$$$00000000)
    .ARM.Collect$$$$00000001                 0x08000150   Section        4  entry2.o(.ARM.Collect$$$$00000001)
    .ARM.Collect$$$$00000004                 0x08000154   Section        4  entry5.o(.ARM.Collect$$$$00000004)
    .ARM.Collect$$$$00000008                 0x08000158   Section        0  entry7b.o(.ARM.Collect$$$$00000008)
    .ARM.Collect$$$$0000000A                 0x08000158   Section        0  entry8b.o(.ARM.Collect$$$$0000000A)
    .ARM.Collect$$$$0000000B                 0x08000158   Section        8  entry9a.o(.ARM.Collect$$$$0000000B)
    .ARM.Collect$$$$0000000D                 0x08000160   Section        0  entry10a.o(.ARM.Collect$$$$0000000D)
    .ARM.Collect$$$$0000000F                 0x08000160   Section        0  entry11a.o(.ARM.Collect$$$$0000000F)
    .ARM.Collect$$$$00002712                 0x08000160   Section        4  entry2.o(.ARM.Collect$$$$00002712)
    __lit__00000000                          0x08000160   Data           4  entry2.o(.ARM.Collect$$$$00002712)
    .emb_text                                0x08000164   Section      150  port.o(.emb_text)
    .text                                    0x080001fc   Section       36  startup_stm32f10x_cl.o(.text)
    .text                                    0x08000220   Section        0  memcpya.o(.text)
    .text                                    0x08000244   Section        0  memcmp.o(.text)
    .text                                    0x08000260   Section       36  init.o(.text)
    i.BusFault_Handler                       0x08000284   Section        0  stm32f10x_it.o(i.BusFault_Handler)
    i.CFG_My_NVIC                            0x080002a0   Section        0  nvic.o(i.CFG_My_NVIC)
    i.Crc16_Modbus                           0x080002ac   Section        0  modbus_slave.o(i.Crc16_Modbus)
    i.DMA1_Channel4_IRQHandler               0x080002e8   Section        0  task_modbus_process.o(i.DMA1_Channel4_IRQHandler)
    i.DMA1_Channel7_IRQHandler               0x0800032c   Section        0  usart.o(i.DMA1_Channel7_IRQHandler)
    i.DMA_ClearITPendingBit                  0x08000344   Section        0  stm32f10x_dma.o(i.DMA_ClearITPendingBit)
    i.DMA_Cmd                                0x08000360   Section        0  stm32f10x_dma.o(i.DMA_Cmd)
    i.DMA_DeInit                             0x08000378   Section        0  stm32f10x_dma.o(i.DMA_DeInit)
    i.DMA_GetCurrDataCounter                 0x080004c4   Section        0  stm32f10x_dma.o(i.DMA_GetCurrDataCounter)
    i.DMA_ITConfig                           0x080004cc   Section        0  stm32f10x_dma.o(i.DMA_ITConfig)
    i.DMA_Init                               0x080004de   Section        0  stm32f10x_dma.o(i.DMA_Init)
    i.DMA_SetCurrDataCounter                 0x0800051a   Section        0  stm32f10x_dma.o(i.DMA_SetCurrDataCounter)
    i.DebugMon_Handler                       0x08000520   Section        0  stm32f10x_it.o(i.DebugMon_Handler)
    i.GPIO_Init                              0x0800053c   Section        0  stm32f10x_gpio.o(i.GPIO_Init)
    i.GPIO_PinRemapConfig                    0x08000654   Section        0  stm32f10x_gpio.o(i.GPIO_PinRemapConfig)
    i.GPIO_ResetBits                         0x080006e4   Section        0  stm32f10x_gpio.o(i.GPIO_ResetBits)
    i.GPIO_SetBits                           0x080006e8   Section        0  stm32f10x_gpio.o(i.GPIO_SetBits)
    i.HardFault_Handler                      0x080006ec   Section        0  stm32f10x_it.o(i.HardFault_Handler)
    i.Hardware_Init                          0x08000700   Section        0  app.o(i.Hardware_Init)
    i.LEDs_Init                              0x08000720   Section        0  led.o(i.LEDs_Init)
    i.Mb_Fc01_Coil_Rd                        0x080007b0   Section        0  modbus_slave.o(i.Mb_Fc01_Coil_Rd)
    i.Mb_Fc02_Di_Rd                          0x08000944   Section        0  modbus_slave.o(i.Mb_Fc02_Di_Rd)
    i.Mb_Fc03_Holding_Reg_Rd                 0x08000ad4   Section        0  modbus_slave.o(i.Mb_Fc03_Holding_Reg_Rd)
    i.Mb_Fc04_In_Reg_Rd                      0x08000c08   Section        0  modbus_slave.o(i.Mb_Fc04_In_Reg_Rd)
    i.Mb_Fc05_Coil_Wr                        0x08000d38   Section        0  modbus_slave.o(i.Mb_Fc05_Coil_Wr)
    i.Mb_Fc06_Holding_Reg_Wr                 0x08000e34   Section        0  modbus_slave.o(i.Mb_Fc06_Holding_Reg_Wr)
    i.Mb_Fc16_Multiple_Holding_Reg_Wr        0x08000f14   Section        0  modbus_slave.o(i.Mb_Fc16_Multiple_Holding_Reg_Wr)
    i.MemManage_Handler                      0x08001060   Section        0  stm32f10x_it.o(i.MemManage_Handler)
    i.Modbus_Cmd_Handle                      0x08001084   Section        0  task_modbus_process.o(i.Modbus_Cmd_Handle)
    Modbus_Cmd_Handle                        0x08001085   Thumb Code   256  task_modbus_process.o(i.Modbus_Cmd_Handle)
    i.Modbus_Coil_Rd                         0x08001194   Section        0  modbus.o(i.Modbus_Coil_Rd)
    i.Modbus_Coil_Wr                         0x080011a4   Section        0  modbus.o(i.Modbus_Coil_Wr)
    i.Modbus_Di_Rd                           0x080011b4   Section        0  modbus.o(i.Modbus_Di_Rd)
    i.Modbus_Holding_Reg_Rd                  0x080011c4   Section        0  modbus.o(i.Modbus_Holding_Reg_Rd)
    i.Modbus_Holding_Reg_Wr                  0x080011d8   Section        0  modbus.o(i.Modbus_Holding_Reg_Wr)
    i.Modbus_Input_Reg_Rd                    0x080011ec   Section        0  modbus.o(i.Modbus_Input_Reg_Rd)
    i.NMI_Handler                            0x08001200   Section        0  stm32f10x_it.o(i.NMI_Handler)
    i.NVIC_Init                              0x0800121c   Section        0  misc.o(i.NVIC_Init)
    i.NVIC_PriorityGroupConfig               0x0800128c   Section        0  misc.o(i.NVIC_PriorityGroupConfig)
    i.RCC_AHBPeriphClockCmd                  0x080012a0   Section        0  stm32f10x_rcc.o(i.RCC_AHBPeriphClockCmd)
    i.RCC_APB1PeriphClockCmd                 0x080012c0   Section        0  stm32f10x_rcc.o(i.RCC_APB1PeriphClockCmd)
    i.RCC_APB2PeriphClockCmd                 0x080012e0   Section        0  stm32f10x_rcc.o(i.RCC_APB2PeriphClockCmd)
    i.RCC_GetClocksFreq                      0x08001300   Section        0  stm32f10x_rcc.o(i.RCC_GetClocksFreq)
    i.SPI1_Init                              0x08001490   Section        0  spi.o(i.SPI1_Init)
    i.SPI1_Pin_Init                          0x080014ec   Section        0  spi.o(i.SPI1_Pin_Init)
    SPI1_Pin_Init                            0x080014ed   Thumb Code    58  spi.o(i.SPI1_Pin_Init)
    i.SPI1_RCC_Init                          0x08001530   Section        0  spi.o(i.SPI1_RCC_Init)
    SPI1_RCC_Init                            0x08001531   Thumb Code    36  spi.o(i.SPI1_RCC_Init)
    i.SPI1_ReadWriteByte                     0x08001554   Section        0  spi.o(i.SPI1_ReadWriteByte)
    i.SPIFlashWritePage                      0x080015a8   Section        0  w25x16.o(i.SPIFlashWritePage)
    i.SPI_Cmd                                0x0800160c   Section        0  stm32f10x_spi.o(i.SPI_Cmd)
    i.SPI_Init                               0x08001624   Section        0  stm32f10x_spi.o(i.SPI_Init)
    i.SetSysClock                            0x08001660   Section        0  system_stm32f10x.o(i.SetSysClock)
    SetSysClock                              0x08001661   Thumb Code     8  system_stm32f10x.o(i.SetSysClock)
    i.SetSysClockTo72                        0x08001668   Section        0  system_stm32f10x.o(i.SetSysClockTo72)
    SetSysClockTo72                          0x08001669   Thumb Code   264  system_stm32f10x.o(i.SetSysClockTo72)
    i.SpiFlashEraseChip                      0x08001780   Section        0  w25x16.o(i.SpiFlashEraseChip)
    i.SpiFlashEraseSector                    0x080017b8   Section        0  w25x16.o(i.SpiFlashEraseSector)
    i.SpiFlashInit                           0x08001808   Section        0  w25x16.o(i.SpiFlashInit)
    i.SpiFlashRead                           0x08001824   Section        0  w25x16.o(i.SpiFlashRead)
    i.SpiFlashReadID                         0x08001884   Section        0  w25x16.o(i.SpiFlashReadID)
    i.SpiFlashReadSR                         0x080018d8   Section        0  w25x16.o(i.SpiFlashReadSR)
    i.SpiFlashWaitBusy                       0x08001910   Section        0  w25x16.o(i.SpiFlashWaitBusy)
    i.SpiFlashWrite                          0x08001924   Section        0  w25x16.o(i.SpiFlashWrite)
    i.SpiFlashWriteEnable                    0x080019d8   Section        0  w25x16.o(i.SpiFlashWriteEnable)
    i.SpiFlashWriteNoCheck                   0x08001a04   Section        0  w25x16.o(i.SpiFlashWriteNoCheck)
    i.SystemInit                             0x08001a4c   Section        0  system_stm32f10x.o(i.SystemInit)
    i.Task_Led_Toggle                        0x08001ab8   Section        0  task_led_toggle.o(i.Task_Led_Toggle)
    i.Task_Led_Toggle_Init                   0x08001b04   Section        0  task_led_toggle.o(i.Task_Led_Toggle_Init)
    i.Task_Modbus_Process                    0x08001b44   Section        0  task_modbus_process.o(i.Task_Modbus_Process)
    i.Task_Modbus_Process_Init               0x08001bd0   Section        0  task_modbus_process.o(i.Task_Modbus_Process_Init)
    i.Tasks_Init                             0x08001c14   Section        0  app.o(i.Tasks_Init)
    i.USART1_DMA_Init                        0x08001c20   Section        0  usart.o(i.USART1_DMA_Init)
    USART1_DMA_Init                          0x08001c21   Thumb Code   158  usart.o(i.USART1_DMA_Init)
    i.USART1_DMA_Send                        0x08001cd0   Section        0  usart.o(i.USART1_DMA_Send)
    i.USART1_IRQHandler                      0x08001cf0   Section        0  task_modbus_process.o(i.USART1_IRQHandler)
    i.USART1_Init                            0x08001d54   Section        0  usart.o(i.USART1_Init)
    i.USART1_NVICConfig_Init                 0x08001de8   Section        0  usart.o(i.USART1_NVICConfig_Init)
    USART1_NVICConfig_Init                   0x08001de9   Thumb Code    34  usart.o(i.USART1_NVICConfig_Init)
    i.USART1_Pin_Init                        0x08001e0c   Section        0  usart.o(i.USART1_Pin_Init)
    USART1_Pin_Init                          0x08001e0d   Thumb Code    54  usart.o(i.USART1_Pin_Init)
    i.USART1_RCC_Init                        0x08001e48   Section        0  usart.o(i.USART1_RCC_Init)
    USART1_RCC_Init                          0x08001e49   Thumb Code    36  usart.o(i.USART1_RCC_Init)
    i.USART2_DMA_Init                        0x08001e6c   Section        0  usart.o(i.USART2_DMA_Init)
    USART2_DMA_Init                          0x08001e6d   Thumb Code   158  usart.o(i.USART2_DMA_Init)
    i.USART2_IRQHandler                      0x08001f1c   Section        0  usart.o(i.USART2_IRQHandler)
    i.USART2_Init                            0x08001f58   Section        0  usart.o(i.USART2_Init)
    i.USART2_NVICConfig_Init                 0x08001fec   Section        0  usart.o(i.USART2_NVICConfig_Init)
    USART2_NVICConfig_Init                   0x08001fed   Thumb Code    34  usart.o(i.USART2_NVICConfig_Init)
    i.USART2_Pin_Init                        0x08002010   Section        0  usart.o(i.USART2_Pin_Init)
    USART2_Pin_Init                          0x08002011   Thumb Code    50  usart.o(i.USART2_Pin_Init)
    i.USART2_RCC_Init                        0x08002048   Section        0  usart.o(i.USART2_RCC_Init)
    USART2_RCC_Init                          0x08002049   Thumb Code    44  usart.o(i.USART2_RCC_Init)
    i.USART_ClearFlag                        0x08002074   Section        0  stm32f10x_usart.o(i.USART_ClearFlag)
    i.USART_Cmd                              0x08002086   Section        0  stm32f10x_usart.o(i.USART_Cmd)
    i.USART_DMACmd                           0x0800209e   Section        0  stm32f10x_usart.o(i.USART_DMACmd)
    i.USART_GetFlagStatus                    0x080020b0   Section        0  stm32f10x_usart.o(i.USART_GetFlagStatus)
    i.USART_GetITStatus                      0x080020ca   Section        0  stm32f10x_usart.o(i.USART_GetITStatus)
    i.USART_ITConfig                         0x0800211e   Section        0  stm32f10x_usart.o(i.USART_ITConfig)
    i.USART_Init                             0x08002168   Section        0  stm32f10x_usart.o(i.USART_Init)
    i.USART_SendData                         0x08002240   Section        0  stm32f10x_usart.o(i.USART_SendData)
    i.UsageFault_Handler                     0x08002248   Section        0  stm32f10x_it.o(i.UsageFault_Handler)
    i.Usart1_DMA_TX_NVIC_Init                0x08002264   Section        0  usart.o(i.Usart1_DMA_TX_NVIC_Init)
    Usart1_DMA_TX_NVIC_Init                  0x08002265   Thumb Code    32  usart.o(i.Usart1_DMA_TX_NVIC_Init)
    i.Usart2_DMA_TX_NVIC_Init                0x08002284   Section        0  usart.o(i.Usart2_DMA_TX_NVIC_Init)
    Usart2_DMA_TX_NVIC_Init                  0x08002285   Thumb Code    34  usart.o(i.Usart2_DMA_TX_NVIC_Init)
    i.__0printf$bare                         0x080022a8   Section        0  printfb.o(i.__0printf$bare)
    i.__scatterload_copy                     0x080022b8   Section       14  handlers.o(i.__scatterload_copy)
    i.__scatterload_null                     0x080022c6   Section        2  handlers.o(i.__scatterload_null)
    i.__scatterload_zeroinit                 0x080022c8   Section       14  handlers.o(i.__scatterload_zeroinit)
    i._printf_core                           0x080022d6   Section        0  printfb.o(i._printf_core)
    _printf_core                             0x080022d7   Thumb Code    34  printfb.o(i._printf_core)
    i.flash_test                             0x080022f8   Section        0  app.o(i.flash_test)
    i.fputc                                  0x080023dc   Section        0  usart.o(i.fputc)
    i.main                                   0x08002400   Section        0  main.o(i.main)
    i.prvAddCurrentTaskToDelayedList         0x08002414   Section        0  tasks.o(i.prvAddCurrentTaskToDelayedList)
    prvAddCurrentTaskToDelayedList           0x08002415   Thumb Code   124  tasks.o(i.prvAddCurrentTaskToDelayedList)
    i.prvAllocateQueueMemory                 0x080024ac   Section        0  queue.o(i.prvAllocateQueueMemory)
    prvAllocateQueueMemory                   0x080024ad   Thumb Code    48  queue.o(i.prvAllocateQueueMemory)
    i.prvAllocateTCBAndStack                 0x080024dc   Section        0  tasks.o(i.prvAllocateTCBAndStack)
    prvAllocateTCBAndStack                   0x080024dd   Thumb Code    68  tasks.o(i.prvAllocateTCBAndStack)
    i.prvCheckTasksWaitingTermination        0x08002520   Section        0  tasks.o(i.prvCheckTasksWaitingTermination)
    prvCheckTasksWaitingTermination          0x08002521   Thumb Code    86  tasks.o(i.prvCheckTasksWaitingTermination)
    i.prvCopyDataFromQueue                   0x08002584   Section        0  queue.o(i.prvCopyDataFromQueue)
    prvCopyDataFromQueue                     0x08002585   Thumb Code    42  queue.o(i.prvCopyDataFromQueue)
    i.prvCopyDataToQueue                     0x080025ae   Section        0  queue.o(i.prvCopyDataToQueue)
    prvCopyDataToQueue                       0x080025af   Thumb Code   128  queue.o(i.prvCopyDataToQueue)
    i.prvDeleteTCB                           0x0800262e   Section        0  tasks.o(i.prvDeleteTCB)
    prvDeleteTCB                             0x0800262f   Thumb Code    18  tasks.o(i.prvDeleteTCB)
    i.prvHeapInit                            0x08002640   Section        0  heap_4.o(i.prvHeapInit)
    prvHeapInit                              0x08002641   Thumb Code    98  heap_4.o(i.prvHeapInit)
    i.prvIdleTask                            0x080026bc   Section        0  tasks.o(i.prvIdleTask)
    prvIdleTask                              0x080026bd   Thumb Code    32  tasks.o(i.prvIdleTask)
    i.prvInitialiseTCBVariables              0x080026e4   Section        0  tasks.o(i.prvInitialiseTCBVariables)
    prvInitialiseTCBVariables                0x080026e5   Thumb Code    98  tasks.o(i.prvInitialiseTCBVariables)
    i.prvInitialiseTaskLists                 0x08002748   Section        0  tasks.o(i.prvInitialiseTaskLists)
    prvInitialiseTaskLists                   0x08002749   Thumb Code    70  tasks.o(i.prvInitialiseTaskLists)
    i.prvInsertBlockIntoFreeList             0x080027b0   Section        0  heap_4.o(i.prvInsertBlockIntoFreeList)
    prvInsertBlockIntoFreeList               0x080027b1   Thumb Code    96  heap_4.o(i.prvInsertBlockIntoFreeList)
    i.prvIsQueueEmpty                        0x08002818   Section        0  queue.o(i.prvIsQueueEmpty)
    prvIsQueueEmpty                          0x08002819   Thumb Code    26  queue.o(i.prvIsQueueEmpty)
    i.prvIsQueueFull                         0x08002832   Section        0  queue.o(i.prvIsQueueFull)
    prvIsQueueFull                           0x08002833   Thumb Code    30  queue.o(i.prvIsQueueFull)
    i.prvResetNextTaskUnblockTime            0x08002850   Section        0  tasks.o(i.prvResetNextTaskUnblockTime)
    prvResetNextTaskUnblockTime              0x08002851   Thumb Code    42  tasks.o(i.prvResetNextTaskUnblockTime)
    i.prvTaskExitError                       0x08002884   Section        0  port.o(i.prvTaskExitError)
    prvTaskExitError                         0x08002885   Thumb Code    22  port.o(i.prvTaskExitError)
    i.prvUnlockQueue                         0x0800289a   Section        0  queue.o(i.prvUnlockQueue)
    prvUnlockQueue                           0x0800289b   Thumb Code   126  queue.o(i.prvUnlockQueue)
    i.pvPortMalloc                           0x08002918   Section        0  heap_4.o(i.pvPortMalloc)
    i.pvTaskIncrementMutexHeldCount          0x080029e8   Section        0  tasks.o(i.pvTaskIncrementMutexHeldCount)
    i.pxPortInitialiseStack                  0x08002a08   Section        0  port.o(i.pxPortInitialiseStack)
    i.uxListRemove                           0x08002a28   Section        0  list.o(i.uxListRemove)
    i.vListInitialise                        0x08002a50   Section        0  list.o(i.vListInitialise)
    i.vListInitialiseItem                    0x08002a6a   Section        0  list.o(i.vListInitialiseItem)
    i.vListInsert                            0x08002a70   Section        0  list.o(i.vListInsert)
    i.vListInsertEnd                         0x08002aa4   Section        0  list.o(i.vListInsertEnd)
    i.vPortEnterCritical                     0x08002abc   Section        0  port.o(i.vPortEnterCritical)
    i.vPortExitCritical                      0x08002ae0   Section        0  port.o(i.vPortExitCritical)
    i.vPortFree                              0x08002b00   Section        0  heap_4.o(i.vPortFree)
    i.vPortSetupTimerInterrupt               0x08002b48   Section        0  port.o(i.vPortSetupTimerInterrupt)
    i.vTaskDelay                             0x08002b5c   Section        0  tasks.o(i.vTaskDelay)
    i.vTaskMissedYield                       0x08002b90   Section        0  tasks.o(i.vTaskMissedYield)
    i.vTaskPlaceOnEventList                  0x08002b9c   Section        0  tasks.o(i.vTaskPlaceOnEventList)
    i.vTaskPriorityInherit                   0x08002bbc   Section        0  tasks.o(i.vTaskPriorityInherit)
    i.vTaskSetTimeOutState                   0x08002c6c   Section        0  tasks.o(i.vTaskSetTimeOutState)
    i.vTaskStartScheduler                    0x08002c84   Section        0  tasks.o(i.vTaskStartScheduler)
    i.vTaskSuspendAll                        0x08002cf8   Section        0  tasks.o(i.vTaskSuspendAll)
    i.vTaskSwitchContext                     0x08002d08   Section        0  tasks.o(i.vTaskSwitchContext)
    i.xPortStartScheduler                    0x08002d68   Section        0  port.o(i.xPortStartScheduler)
    i.xPortSysTickHandler                    0x08002d9c   Section        0  port.o(i.xPortSysTickHandler)
    i.xQueueCreateMutex                      0x08002dd0   Section        0  queue.o(i.xQueueCreateMutex)
    i.xQueueGenericCreate                    0x08002e0a   Section        0  queue.o(i.xQueueGenericCreate)
    i.xQueueGenericReceive                   0x08002e48   Section        0  queue.o(i.xQueueGenericReceive)
    i.xQueueGenericReset                     0x08002f94   Section        0  queue.o(i.xQueueGenericReset)
    i.xQueueGenericSend                      0x08003010   Section        0  queue.o(i.xQueueGenericSend)
    i.xQueueGiveFromISR                      0x08003120   Section        0  queue.o(i.xQueueGiveFromISR)
    i.xTaskCheckForTimeOut                   0x08003190   Section        0  tasks.o(i.xTaskCheckForTimeOut)
    i.xTaskGenericCreate                     0x080031ec   Section        0  tasks.o(i.xTaskGenericCreate)
    i.xTaskIncrementTick                     0x080032f8   Section        0  tasks.o(i.xTaskIncrementTick)
    i.xTaskPriorityDisinherit                0x08003418   Section        0  tasks.o(i.xTaskPriorityDisinherit)
    i.xTaskRemoveFromEventList               0x0800349c   Section        0  tasks.o(i.xTaskRemoveFromEventList)
    i.xTaskResumeAll                         0x0800351c   Section        0  tasks.o(i.xTaskResumeAll)
    .data                                    0x20000000   Section       16  task_modbus_process.o(.data)
    xHigherPriorityTaskWoken                 0x20000008   Data           4  task_modbus_process.o(.data)
    xHigherPriorityTaskWoken                 0x2000000c   Data           4  task_modbus_process.o(.data)
    .data                                    0x20000010   Section       60  tasks.o(.data)
    pxDelayedTaskList                        0x20000014   Data           4  tasks.o(.data)
    pxOverflowDelayedTaskList                0x20000018   Data           4  tasks.o(.data)
    uxDeletedTasksWaitingCleanUp             0x2000001c   Data           4  tasks.o(.data)
    uxCurrentNumberOfTasks                   0x20000020   Data           4  tasks.o(.data)
    xTickCount                               0x20000024   Data           4  tasks.o(.data)
    uxTopReadyPriority                       0x20000028   Data           4  tasks.o(.data)
    xSchedulerRunning                        0x2000002c   Data           4  tasks.o(.data)
    uxPendedTicks                            0x20000030   Data           4  tasks.o(.data)
    xYieldPending                            0x20000034   Data           4  tasks.o(.data)
    xNumOfOverflows                          0x20000038   Data           4  tasks.o(.data)
    uxTaskNumber                             0x2000003c   Data           4  tasks.o(.data)
    xNextTaskUnblockTime                     0x20000040   Data           4  tasks.o(.data)
    xIdleTaskHandle                          0x20000044   Data           4  tasks.o(.data)
    uxSchedulerSuspended                     0x20000048   Data           4  tasks.o(.data)
    .data                                    0x2000004c   Section       24  heap_4.o(.data)
    xStart                                   0x2000004c   Data           8  heap_4.o(.data)
    pxEnd                                    0x20000054   Data           4  heap_4.o(.data)
    xFreeBytesRemaining                      0x20000058   Data           4  heap_4.o(.data)
    xMinimumEverFreeBytesRemaining           0x2000005c   Data           4  heap_4.o(.data)
    xBlockAllocatedBit                       0x20000060   Data           4  heap_4.o(.data)
    .data                                    0x20000064   Section        4  port.o(.data)
    uxCriticalNesting                        0x20000064   Data           4  port.o(.data)
    .data                                    0x20000068   Section        1  modbus.o(.data)
    .data                                    0x20000069   Section        1  modbus_slave.o(.data)
    .data                                    0x2000006a   Section       20  stm32f10x_rcc.o(.data)
    APBAHBPrescTable                         0x2000006a   Data          16  stm32f10x_rcc.o(.data)
    ADCPrescTable                            0x2000007a   Data           4  stm32f10x_rcc.o(.data)
    .data                                    0x20000080   Section        4  stdout.o(.data)
    .bss                                     0x20000084   Section    10000  app.o(.bss)
    .bss                                     0x20002794   Section     1030  usart.o(.bss)
    .bss                                     0x20002b9a   Section     4096  w25x16.o(.bss)
    .bss                                     0x20003b9c   Section      220  tasks.o(.bss)
    pxReadyTasksLists                        0x20003b9c   Data         120  tasks.o(.bss)
    xDelayedTaskList1                        0x20003c14   Data          20  tasks.o(.bss)
    xDelayedTaskList2                        0x20003c28   Data          20  tasks.o(.bss)
    xPendingReadyList                        0x20003c3c   Data          20  tasks.o(.bss)
    xTasksWaitingTermination                 0x20003c50   Data          20  tasks.o(.bss)
    xSuspendedTaskList                       0x20003c64   Data          20  tasks.o(.bss)
    .bss                                     0x20003c78   Section    17408  heap_4.o(.bss)
    ucHeap                                   0x20003c78   Data       17408  heap_4.o(.bss)
    .bss                                     0x20008078   Section     1290  modbus.o(.bss)
    STACK                                    0x20008588   Section     1024  startup_stm32f10x_cl.o(STACK)

    Global Symbols

    Symbol Name                              Value     Ov Type        Size  Object(Section)

    BuildAttributes$$THM_ISAv4$P$D$K$B$S$PE$A:L22UL41UL21$X:L11$S22US41US21$IEEE1$IW$USESV6$~STKCKD$USESV7$~SHL$OSPACE$ROPI$EBA8$MICROLIB$REQ8$PRES8$EABIv2 0x00000000   Number         0  anon$$obj.o ABSOLUTE
    __ARM_use_no_argv                        0x00000000   Number         0  main.o ABSOLUTE
    __cpp_initialize__aeabi_                  - Undefined Weak Reference
    __cxa_finalize                            - Undefined Weak Reference
    __decompress                              - Undefined Weak Reference
    _clock_init                               - Undefined Weak Reference
    _microlib_exit                            - Undefined Weak Reference
    __Vectors_Size                           0x00000150   Number         0  startup_stm32f10x_cl.o ABSOLUTE
    __Vectors                                0x08000000   Data           4  startup_stm32f10x_cl.o(RESET)
    __Vectors_End                            0x08000150   Data           0  startup_stm32f10x_cl.o(RESET)
    __main                                   0x08000151   Thumb Code     0  entry.o(.ARM.Collect$$$$00000000)
    _main_stk                                0x08000151   Thumb Code     0  entry2.o(.ARM.Collect$$$$00000001)
    _main_scatterload                        0x08000155   Thumb Code     0  entry5.o(.ARM.Collect$$$$00000004)
    __main_after_scatterload                 0x08000159   Thumb Code     0  entry5.o(.ARM.Collect$$$$00000004)
    _main_clock                              0x08000159   Thumb Code     0  entry7b.o(.ARM.Collect$$$$00000008)
    _main_cpp_init                           0x08000159   Thumb Code     0  entry8b.o(.ARM.Collect$$$$0000000A)
    _main_init                               0x08000159   Thumb Code     0  entry9a.o(.ARM.Collect$$$$0000000B)
    __rt_final_cpp                           0x08000161   Thumb Code     0  entry10a.o(.ARM.Collect$$$$0000000D)
    __rt_final_exit                          0x08000161   Thumb Code     0  entry11a.o(.ARM.Collect$$$$0000000F)
    vPortSVCHandler                          0x08000165   Thumb Code    32  port.o(.emb_text)
    __asm___6_port_c_39a90d8d__prvStartFirstTask 0x08000189   Thumb Code    28  port.o(.emb_text)
    xPortPendSVHandler                       0x080001a9   Thumb Code    72  port.o(.emb_text)
    vPortGetIPSR                             0x080001f5   Thumb Code     6  port.o(.emb_text)
    Reset_Handler                            0x080001fd   Thumb Code     8  startup_stm32f10x_cl.o(.text)
    SVC_Handler                              0x0800020f   Thumb Code     2  startup_stm32f10x_cl.o(.text)
    PendSV_Handler                           0x08000213   Thumb Code     2  startup_stm32f10x_cl.o(.text)
    ADC1_2_IRQHandler                        0x08000217   Thumb Code     0  startup_stm32f10x_cl.o(.text)
    CAN1_RX0_IRQHandler                      0x08000217   Thumb Code     0  startup_stm32f10x_cl.o(.text)
    CAN1_RX1_IRQHandler                      0x08000217   Thumb Code     0  startup_stm32f10x_cl.o(.text)
    CAN1_SCE_IRQHandler                      0x08000217   Thumb Code     0  startup_stm32f10x_cl.o(.text)
    CAN1_TX_IRQHandler                       0x08000217   Thumb Code     0  startup_stm32f10x_cl.o(.text)
    CAN2_RX0_IRQHandler                      0x08000217   Thumb Code     0  startup_stm32f10x_cl.o(.text)
    CAN2_RX1_IRQHandler                      0x08000217   Thumb Code     0  startup_stm32f10x_cl.o(.text)
    CAN2_SCE_IRQHandler                      0x08000217   Thumb Code     0  startup_stm32f10x_cl.o(.text)
    CAN2_TX_IRQHandler                       0x08000217   Thumb Code     0  startup_stm32f10x_cl.o(.text)
    DMA1_Channel1_IRQHandler                 0x08000217   Thumb Code     0  startup_stm32f10x_cl.o(.text)
    DMA1_Channel2_IRQHandler                 0x08000217   Thumb Code     0  startup_stm32f10x_cl.o(.text)
    DMA1_Channel3_IRQHandler                 0x08000217   Thumb Code     0  startup_stm32f10x_cl.o(.text)
    DMA1_Channel5_IRQHandler                 0x08000217   Thumb Code     0  startup_stm32f10x_cl.o(.text)
    DMA1_Channel6_IRQHandler                 0x08000217   Thumb Code     0  startup_stm32f10x_cl.o(.text)
    DMA2_Channel1_IRQHandler                 0x08000217   Thumb Code     0  startup_stm32f10x_cl.o(.text)
    DMA2_Channel2_IRQHandler                 0x08000217   Thumb Code     0  startup_stm32f10x_cl.o(.text)
    DMA2_Channel3_IRQHandler                 0x08000217   Thumb Code     0  startup_stm32f10x_cl.o(.text)
    DMA2_Channel4_IRQHandler                 0x08000217   Thumb Code     0  startup_stm32f10x_cl.o(.text)
    DMA2_Channel5_IRQHandler                 0x08000217   Thumb Code     0  startup_stm32f10x_cl.o(.text)
    ETH_IRQHandler                           0x08000217   Thumb Code     0  startup_stm32f10x_cl.o(.text)
    ETH_WKUP_IRQHandler                      0x08000217   Thumb Code     0  startup_stm32f10x_cl.o(.text)
    EXTI0_IRQHandler                         0x08000217   Thumb Code     0  startup_stm32f10x_cl.o(.text)
    EXTI15_10_IRQHandler                     0x08000217   Thumb Code     0  startup_stm32f10x_cl.o(.text)
    EXTI1_IRQHandler                         0x08000217   Thumb Code     0  startup_stm32f10x_cl.o(.text)
    EXTI2_IRQHandler                         0x08000217   Thumb Code     0  startup_stm32f10x_cl.o(.text)
    EXTI3_IRQHandler                         0x08000217   Thumb Code     0  startup_stm32f10x_cl.o(.text)
    EXTI4_IRQHandler                         0x08000217   Thumb Code     0  startup_stm32f10x_cl.o(.text)
    EXTI9_5_IRQHandler                       0x08000217   Thumb Code     0  startup_stm32f10x_cl.o(.text)
    FLASH_IRQHandler                         0x08000217   Thumb Code     0  startup_stm32f10x_cl.o(.text)
    I2C1_ER_IRQHandler                       0x08000217   Thumb Code     0  startup_stm32f10x_cl.o(.text)
    I2C1_EV_IRQHandler                       0x08000217   Thumb Code     0  startup_stm32f10x_cl.o(.text)
    I2C2_ER_IRQHandler                       0x08000217   Thumb Code     0  startup_stm32f10x_cl.o(.text)
    I2C2_EV_IRQHandler                       0x08000217   Thumb Code     0  startup_stm32f10x_cl.o(.text)
    OTG_FS_IRQHandler                        0x08000217   Thumb Code     0  startup_stm32f10x_cl.o(.text)
    OTG_FS_WKUP_IRQHandler                   0x08000217   Thumb Code     0  startup_stm32f10x_cl.o(.text)
    PVD_IRQHandler                           0x08000217   Thumb Code     0  startup_stm32f10x_cl.o(.text)
    RCC_IRQHandler                           0x08000217   Thumb Code     0  startup_stm32f10x_cl.o(.text)
    RTCAlarm_IRQHandler                      0x08000217   Thumb Code     0  startup_stm32f10x_cl.o(.text)
    RTC_IRQHandler                           0x08000217   Thumb Code     0  startup_stm32f10x_cl.o(.text)
    SPI1_IRQHandler                          0x08000217   Thumb Code     0  startup_stm32f10x_cl.o(.text)
    SPI2_IRQHandler                          0x08000217   Thumb Code     0  startup_stm32f10x_cl.o(.text)
    SPI3_IRQHandler                          0x08000217   Thumb Code     0  startup_stm32f10x_cl.o(.text)
    TAMPER_IRQHandler                        0x08000217   Thumb Code     0  startup_stm32f10x_cl.o(.text)
    TIM1_BRK_IRQHandler                      0x08000217   Thumb Code     0  startup_stm32f10x_cl.o(.text)
    TIM1_CC_IRQHandler                       0x08000217   Thumb Code     0  startup_stm32f10x_cl.o(.text)
    TIM1_TRG_COM_IRQHandler                  0x08000217   Thumb Code     0  startup_stm32f10x_cl.o(.text)
    TIM1_UP_IRQHandler                       0x08000217   Thumb Code     0  startup_stm32f10x_cl.o(.text)
    TIM2_IRQHandler                          0x08000217   Thumb Code     0  startup_stm32f10x_cl.o(.text)
    TIM3_IRQHandler                          0x08000217   Thumb Code     0  startup_stm32f10x_cl.o(.text)
    TIM4_IRQHandler                          0x08000217   Thumb Code     0  startup_stm32f10x_cl.o(.text)
    TIM5_IRQHandler                          0x08000217   Thumb Code     0  startup_stm32f10x_cl.o(.text)
    TIM6_IRQHandler                          0x08000217   Thumb Code     0  startup_stm32f10x_cl.o(.text)
    TIM7_IRQHandler                          0x08000217   Thumb Code     0  startup_stm32f10x_cl.o(.text)
    UART4_IRQHandler                         0x08000217   Thumb Code     0  startup_stm32f10x_cl.o(.text)
    UART5_IRQHandler                         0x08000217   Thumb Code     0  startup_stm32f10x_cl.o(.text)
    USART3_IRQHandler                        0x08000217   Thumb Code     0  startup_stm32f10x_cl.o(.text)
    WWDG_IRQHandler                          0x08000217   Thumb Code     0  startup_stm32f10x_cl.o(.text)
    __aeabi_memcpy                           0x08000221   Thumb Code    36  memcpya.o(.text)
    __aeabi_memcpy4                          0x08000221   Thumb Code     0  memcpya.o(.text)
    __aeabi_memcpy8                          0x08000221   Thumb Code     0  memcpya.o(.text)
    memcmp                                   0x08000245   Thumb Code    26  memcmp.o(.text)
    __scatterload                            0x08000261   Thumb Code    28  init.o(.text)
    __scatterload_rt2                        0x08000261   Thumb Code     0  init.o(.text)
    BusFault_Handler                         0x08000285   Thumb Code    10  stm32f10x_it.o(i.BusFault_Handler)
    CFG_My_NVIC                              0x080002a1   Thumb Code    12  nvic.o(i.CFG_My_NVIC)
    Crc16_Modbus                             0x080002ad   Thumb Code    58  modbus_slave.o(i.Crc16_Modbus)
    DMA1_Channel4_IRQHandler                 0x080002e9   Thumb Code    56  task_modbus_process.o(i.DMA1_Channel4_IRQHandler)
    DMA1_Channel7_IRQHandler                 0x0800032d   Thumb Code    20  usart.o(i.DMA1_Channel7_IRQHandler)
    DMA_ClearITPendingBit                    0x08000345   Thumb Code    18  stm32f10x_dma.o(i.DMA_ClearITPendingBit)
    DMA_Cmd                                  0x08000361   Thumb Code    24  stm32f10x_dma.o(i.DMA_Cmd)
    DMA_DeInit                               0x08000379   Thumb Code   324  stm32f10x_dma.o(i.DMA_DeInit)
    DMA_GetCurrDataCounter                   0x080004c5   Thumb Code     8  stm32f10x_dma.o(i.DMA_GetCurrDataCounter)
    DMA_ITConfig                             0x080004cd   Thumb Code    18  stm32f10x_dma.o(i.DMA_ITConfig)
    DMA_Init                                 0x080004df   Thumb Code    60  stm32f10x_dma.o(i.DMA_Init)
    DMA_SetCurrDataCounter                   0x0800051b   Thumb Code     4  stm32f10x_dma.o(i.DMA_SetCurrDataCounter)
    DebugMon_Handler                         0x08000521   Thumb Code    10  stm32f10x_it.o(i.DebugMon_Handler)
    GPIO_Init                                0x0800053d   Thumb Code   278  stm32f10x_gpio.o(i.GPIO_Init)
    GPIO_PinRemapConfig                      0x08000655   Thumb Code   138  stm32f10x_gpio.o(i.GPIO_PinRemapConfig)
    GPIO_ResetBits                           0x080006e5   Thumb Code     4  stm32f10x_gpio.o(i.GPIO_ResetBits)
    GPIO_SetBits                             0x080006e9   Thumb Code     4  stm32f10x_gpio.o(i.GPIO_SetBits)
    HardFault_Handler                        0x080006ed   Thumb Code    16  stm32f10x_it.o(i.HardFault_Handler)
    Hardware_Init                            0x08000701   Thumb Code    32  app.o(i.Hardware_Init)
    LEDs_Init                                0x08000721   Thumb Code   138  led.o(i.LEDs_Init)
    Mb_Fc01_Coil_Rd                          0x080007b1   Thumb Code   398  modbus_slave.o(i.Mb_Fc01_Coil_Rd)
    Mb_Fc02_Di_Rd                            0x08000945   Thumb Code   394  modbus_slave.o(i.Mb_Fc02_Di_Rd)
    Mb_Fc03_Holding_Reg_Rd                   0x08000ad5   Thumb Code   302  modbus_slave.o(i.Mb_Fc03_Holding_Reg_Rd)
    Mb_Fc04_In_Reg_Rd                        0x08000c09   Thumb Code   300  modbus_slave.o(i.Mb_Fc04_In_Reg_Rd)
    Mb_Fc05_Coil_Wr                          0x08000d39   Thumb Code   246  modbus_slave.o(i.Mb_Fc05_Coil_Wr)
    Mb_Fc06_Holding_Reg_Wr                   0x08000e35   Thumb Code   220  modbus_slave.o(i.Mb_Fc06_Holding_Reg_Wr)
    Mb_Fc16_Multiple_Holding_Reg_Wr          0x08000f15   Thumb Code   328  modbus_slave.o(i.Mb_Fc16_Multiple_Holding_Reg_Wr)
    MemManage_Handler                        0x08001061   Thumb Code    10  stm32f10x_it.o(i.MemManage_Handler)
    Modbus_Coil_Rd                           0x08001195   Thumb Code    12  modbus.o(i.Modbus_Coil_Rd)
    Modbus_Coil_Wr                           0x080011a5   Thumb Code    10  modbus.o(i.Modbus_Coil_Wr)
    Modbus_Di_Rd                             0x080011b5   Thumb Code    12  modbus.o(i.Modbus_Di_Rd)
    Modbus_Holding_Reg_Rd                    0x080011c5   Thumb Code    16  modbus.o(i.Modbus_Holding_Reg_Rd)
    Modbus_Holding_Reg_Wr                    0x080011d9   Thumb Code    14  modbus.o(i.Modbus_Holding_Reg_Wr)
    Modbus_Input_Reg_Rd                      0x080011ed   Thumb Code    14  modbus.o(i.Modbus_Input_Reg_Rd)
    NMI_Handler                              0x08001201   Thumb Code    10  stm32f10x_it.o(i.NMI_Handler)
    NVIC_Init                                0x0800121d   Thumb Code   100  misc.o(i.NVIC_Init)
    NVIC_PriorityGroupConfig                 0x0800128d   Thumb Code    10  misc.o(i.NVIC_PriorityGroupConfig)
    RCC_AHBPeriphClockCmd                    0x080012a1   Thumb Code    26  stm32f10x_rcc.o(i.RCC_AHBPeriphClockCmd)
    RCC_APB1PeriphClockCmd                   0x080012c1   Thumb Code    26  stm32f10x_rcc.o(i.RCC_APB1PeriphClockCmd)
    RCC_APB2PeriphClockCmd                   0x080012e1   Thumb Code    26  stm32f10x_rcc.o(i.RCC_APB2PeriphClockCmd)
    RCC_GetClocksFreq                        0x08001301   Thumb Code   374  stm32f10x_rcc.o(i.RCC_GetClocksFreq)
    SPI1_Init                                0x08001491   Thumb Code    88  spi.o(i.SPI1_Init)
    SPI1_ReadWriteByte                       0x08001555   Thumb Code    78  spi.o(i.SPI1_ReadWriteByte)
    SPIFlashWritePage                        0x080015a9   Thumb Code    96  w25x16.o(i.SPIFlashWritePage)
    SPI_Cmd                                  0x0800160d   Thumb Code    24  stm32f10x_spi.o(i.SPI_Cmd)
    SPI_Init                                 0x08001625   Thumb Code    60  stm32f10x_spi.o(i.SPI_Init)
    SpiFlashEraseChip                        0x08001781   Thumb Code    50  w25x16.o(i.SpiFlashEraseChip)
    SpiFlashEraseSector                      0x080017b9   Thumb Code    76  w25x16.o(i.SpiFlashEraseSector)
    SpiFlashInit                             0x08001809   Thumb Code    22  w25x16.o(i.SpiFlashInit)
    SpiFlashRead                             0x08001825   Thumb Code    90  w25x16.o(i.SpiFlashRead)
    SpiFlashReadID                           0x08001885   Thumb Code    78  w25x16.o(i.SpiFlashReadID)
    SpiFlashReadSR                           0x080018d9   Thumb Code    50  w25x16.o(i.SpiFlashReadSR)
    SpiFlashWaitBusy                         0x08001911   Thumb Code    18  w25x16.o(i.SpiFlashWaitBusy)
    SpiFlashWrite                            0x08001925   Thumb Code   176  w25x16.o(i.SpiFlashWrite)
    SpiFlashWriteEnable                      0x080019d9   Thumb Code    38  w25x16.o(i.SpiFlashWriteEnable)
    SpiFlashWriteNoCheck                     0x08001a05   Thumb Code    70  w25x16.o(i.SpiFlashWriteNoCheck)
    SystemInit                               0x08001a4d   Thumb Code    92  system_stm32f10x.o(i.SystemInit)
    Task_Led_Toggle                          0x08001ab9   Thumb Code    70  task_led_toggle.o(i.Task_Led_Toggle)
    Task_Led_Toggle_Init                     0x08001b05   Thumb Code    42  task_led_toggle.o(i.Task_Led_Toggle_Init)
    Task_Modbus_Process                      0x08001b45   Thumb Code   122  task_modbus_process.o(i.Task_Modbus_Process)
    Task_Modbus_Process_Init                 0x08001bd1   Thumb Code    44  task_modbus_process.o(i.Task_Modbus_Process_Init)
    Tasks_Init                               0x08001c15   Thumb Code    12  app.o(i.Tasks_Init)
    USART1_DMA_Send                          0x08001cd1   Thumb Code    28  usart.o(i.USART1_DMA_Send)
    USART1_IRQHandler                        0x08001cf1   Thumb Code    78  task_modbus_process.o(i.USART1_IRQHandler)
    USART1_Init                              0x08001d55   Thumb Code   142  usart.o(i.USART1_Init)
    USART2_IRQHandler                        0x08001f1d   Thumb Code    52  usart.o(i.USART2_IRQHandler)
    USART2_Init                              0x08001f59   Thumb Code   142  usart.o(i.USART2_Init)
    USART_ClearFlag                          0x08002075   Thumb Code    18  stm32f10x_usart.o(i.USART_ClearFlag)
    USART_Cmd                                0x08002087   Thumb Code    24  stm32f10x_usart.o(i.USART_Cmd)
    USART_DMACmd                             0x0800209f   Thumb Code    18  stm32f10x_usart.o(i.USART_DMACmd)
    USART_GetFlagStatus                      0x080020b1   Thumb Code    26  stm32f10x_usart.o(i.USART_GetFlagStatus)
    USART_GetITStatus                        0x080020cb   Thumb Code    84  stm32f10x_usart.o(i.USART_GetITStatus)
    USART_ITConfig                           0x0800211f   Thumb Code    74  stm32f10x_usart.o(i.USART_ITConfig)
    USART_Init                               0x08002169   Thumb Code   210  stm32f10x_usart.o(i.USART_Init)
    USART_SendData                           0x08002241   Thumb Code     8  stm32f10x_usart.o(i.USART_SendData)
    UsageFault_Handler                       0x08002249   Thumb Code    10  stm32f10x_it.o(i.UsageFault_Handler)
    __0printf$bare                           0x080022a9   Thumb Code     8  printfb.o(i.__0printf$bare)
    __1printf$bare                           0x080022a9   Thumb Code     0  printfb.o(i.__0printf$bare)
    __2printf                                0x080022a9   Thumb Code     0  printfb.o(i.__0printf$bare)
    __scatterload_copy                       0x080022b9   Thumb Code    14  handlers.o(i.__scatterload_copy)
    __scatterload_null                       0x080022c7   Thumb Code     2  handlers.o(i.__scatterload_null)
    __scatterload_zeroinit                   0x080022c9   Thumb Code    14  handlers.o(i.__scatterload_zeroinit)
    flash_test                               0x080022f9   Thumb Code   112  app.o(i.flash_test)
    fputc                                    0x080023dd   Thumb Code    32  usart.o(i.fputc)
    main                                     0x08002401   Thumb Code    20  main.o(i.main)
    pvPortMalloc                             0x08002919   Thumb Code   188  heap_4.o(i.pvPortMalloc)
    pvTaskIncrementMutexHeldCount            0x080029e9   Thumb Code    26  tasks.o(i.pvTaskIncrementMutexHeldCount)
    pxPortInitialiseStack                    0x08002a09   Thumb Code    26  port.o(i.pxPortInitialiseStack)
    uxListRemove                             0x08002a29   Thumb Code    40  list.o(i.uxListRemove)
    vListInitialise                          0x08002a51   Thumb Code    26  list.o(i.vListInitialise)
    vListInitialiseItem                      0x08002a6b   Thumb Code     6  list.o(i.vListInitialiseItem)
    vListInsert                              0x08002a71   Thumb Code    52  list.o(i.vListInsert)
    vListInsertEnd                           0x08002aa5   Thumb Code    24  list.o(i.vListInsertEnd)
    vPortEnterCritical                       0x08002abd   Thumb Code    30  port.o(i.vPortEnterCritical)
    vPortExitCritical                        0x08002ae1   Thumb Code    28  port.o(i.vPortExitCritical)
    vPortFree                                0x08002b01   Thumb Code    64  heap_4.o(i.vPortFree)
    vPortSetupTimerInterrupt                 0x08002b49   Thumb Code    14  port.o(i.vPortSetupTimerInterrupt)
    vTaskDelay                               0x08002b5d   Thumb Code    46  tasks.o(i.vTaskDelay)
    vTaskMissedYield                         0x08002b91   Thumb Code     8  tasks.o(i.vTaskMissedYield)
    vTaskPlaceOnEventList                    0x08002b9d   Thumb Code    28  tasks.o(i.vTaskPlaceOnEventList)
    vTaskPriorityInherit                     0x08002bbd   Thumb Code   164  tasks.o(i.vTaskPriorityInherit)
    vTaskSetTimeOutState                     0x08002c6d   Thumb Code    14  tasks.o(i.vTaskSetTimeOutState)
    vTaskStartScheduler                      0x08002c85   Thumb Code    86  tasks.o(i.vTaskStartScheduler)
    vTaskSuspendAll                          0x08002cf9   Thumb Code    12  tasks.o(i.vTaskSuspendAll)
    vTaskSwitchContext                       0x08002d09   Thumb Code    76  tasks.o(i.vTaskSwitchContext)
    xPortStartScheduler                      0x08002d69   Thumb Code    42  port.o(i.xPortStartScheduler)
    xPortSysTickHandler                      0x08002d9d   Thumb Code    46  port.o(i.xPortSysTickHandler)
    xQueueCreateMutex                        0x08002dd1   Thumb Code    58  queue.o(i.xQueueCreateMutex)
    xQueueGenericCreate                      0x08002e0b   Thumb Code    60  queue.o(i.xQueueGenericCreate)
    xQueueGenericReceive                     0x08002e49   Thumb Code   328  queue.o(i.xQueueGenericReceive)
    xQueueGenericReset                       0x08002f95   Thumb Code   120  queue.o(i.xQueueGenericReset)
    xQueueGenericSend                        0x08003011   Thumb Code   268  queue.o(i.xQueueGenericSend)
    xQueueGiveFromISR                        0x08003121   Thumb Code   110  queue.o(i.xQueueGiveFromISR)
    xTaskCheckForTimeOut                     0x08003191   Thumb Code    84  tasks.o(i.xTaskCheckForTimeOut)
    xTaskGenericCreate                       0x080031ed   Thumb Code   238  tasks.o(i.xTaskGenericCreate)
    xTaskIncrementTick                       0x080032f9   Thumb Code   242  tasks.o(i.xTaskIncrementTick)
    xTaskPriorityDisinherit                  0x08003419   Thumb Code   122  tasks.o(i.xTaskPriorityDisinherit)
    xTaskRemoveFromEventList                 0x0800349d   Thumb Code   104  tasks.o(i.xTaskRemoveFromEventList)
    xTaskResumeAll                           0x0800351d   Thumb Code   202  tasks.o(i.xTaskResumeAll)
    Region$$Table$$Base                      0x0800360c   Number         0  anon$$obj.o(Region$$Table)
    Region$$Table$$Limit                     0x0800362c   Number         0  anon$$obj.o(Region$$Table)
    Handler_Semaphore_Modbus                 0x20000000   Data           4  task_modbus_process.o(.data)
    Handler_Mutex_Usart_Send                 0x20000004   Data           4  task_modbus_process.o(.data)
    pxCurrentTCB                             0x20000010   Data           4  tasks.o(.data)
    aCoil_Register                           0x20000068   Data           1  modbus.o(.data)
    g_ModbusAddr                             0x20000069   Data           1  modbus_slave.o(.data)
    __stdout                                 0x20000080   Data           4  stdout.o(.data)
    write_buf                                0x20000084   Data        5000  app.o(.bss)
    read_buf                                 0x2000140c   Data        5000  app.o(.bss)
    stMy_Usart1                              0x20002794   Data         515  usart.o(.bss)
    stMy_Usart2                              0x20002997   Data         515  usart.o(.bss)
    SPI_FLASH_BUF                            0x20002b9a   Data        4096  w25x16.o(.bss)
    aDi_Register                             0x20008078   Data          90  modbus.o(.bss)
    aInput_Register                          0x200080d2   Data         500  modbus.o(.bss)
    aHolding_Register                        0x200082c6   Data         700  modbus.o(.bss)
    __initial_sp                             0x20008988   Data           0  startup_stm32f10x_cl.o(STACK)



==============================================================================

Memory Map of the image

  Image Entry point : 0x08000151

  Load Region LR_IROM1 (Base: 0x08000000, Size: 0x000036b0, Max: 0x00040000, ABSOLUTE)

    Execution Region ER_IROM1 (Base: 0x08000000, Size: 0x0000362c, Max: 0x00040000, ABSOLUTE)

    Base Addr    Size         Type   Attr      Idx    E Section Name        Object

    0x08000000   0x00000150   Data   RO         4964    RESET               startup_stm32f10x_cl.o
    0x08000150   0x00000000   Code   RO         5015  * .ARM.Collect$$$$00000000  mc_w.l(entry.o)
    0x08000150   0x00000004   Code   RO         5287    .ARM.Collect$$$$00000001  mc_w.l(entry2.o)
    0x08000154   0x00000004   Code   RO         5290    .ARM.Collect$$$$00000004  mc_w.l(entry5.o)
    0x08000158   0x00000000   Code   RO         5292    .ARM.Collect$$$$00000008  mc_w.l(entry7b.o)
    0x08000158   0x00000000   Code   RO         5294    .ARM.Collect$$$$0000000A  mc_w.l(entry8b.o)
    0x08000158   0x00000008   Code   RO         5295    .ARM.Collect$$$$0000000B  mc_w.l(entry9a.o)
    0x08000160   0x00000000   Code   RO         5297    .ARM.Collect$$$$0000000D  mc_w.l(entry10a.o)
    0x08000160   0x00000000   Code   RO         5299    .ARM.Collect$$$$0000000F  mc_w.l(entry11a.o)
    0x08000160   0x00000004   Code   RO         5288    .ARM.Collect$$$$00002712  mc_w.l(entry2.o)
    0x08000164   0x00000096   Code   RO         1431    .emb_text           port.o
    0x080001fa   0x00000002   PAD
    0x080001fc   0x00000024   Code   RO         4965    .text               startup_stm32f10x_cl.o
    0x08000220   0x00000024   Code   RO         5021    .text               mc_w.l(memcpya.o)
    0x08000244   0x0000001a   Code   RO         5023    .text               mc_w.l(memcmp.o)
    0x0800025e   0x00000002   PAD
    0x08000260   0x00000024   Code   RO         5316    .text               mc_w.l(init.o)
    0x08000284   0x0000001c   Code   RO          209    i.BusFault_Handler  stm32f10x_it.o
    0x080002a0   0x0000000c   Code   RO          182    i.CFG_My_NVIC       nvic.o
    0x080002ac   0x0000003a   Code   RO         1596    i.Crc16_Modbus      modbus_slave.o
    0x080002e6   0x00000002   PAD
    0x080002e8   0x00000044   Code   RO          439    i.DMA1_Channel4_IRQHandler  task_modbus_process.o
    0x0800032c   0x00000018   Code   RO          503    i.DMA1_Channel7_IRQHandler  usart.o
    0x08000344   0x0000001c   Code   RO         2490    i.DMA_ClearITPendingBit  stm32f10x_dma.o
    0x08000360   0x00000018   Code   RO         2491    i.DMA_Cmd           stm32f10x_dma.o
    0x08000378   0x0000014c   Code   RO         2492    i.DMA_DeInit        stm32f10x_dma.o
    0x080004c4   0x00000008   Code   RO         2493    i.DMA_GetCurrDataCounter  stm32f10x_dma.o
    0x080004cc   0x00000012   Code   RO         2496    i.DMA_ITConfig      stm32f10x_dma.o
    0x080004de   0x0000003c   Code   RO         2497    i.DMA_Init          stm32f10x_dma.o
    0x0800051a   0x00000004   Code   RO         2498    i.DMA_SetCurrDataCounter  stm32f10x_dma.o
    0x0800051e   0x00000002   PAD
    0x08000520   0x0000001c   Code   RO          210    i.DebugMon_Handler  stm32f10x_it.o
    0x0800053c   0x00000116   Code   RO         2963    i.GPIO_Init         stm32f10x_gpio.o
    0x08000652   0x00000002   PAD
    0x08000654   0x00000090   Code   RO         2965    i.GPIO_PinRemapConfig  stm32f10x_gpio.o
    0x080006e4   0x00000004   Code   RO         2970    i.GPIO_ResetBits    stm32f10x_gpio.o
    0x080006e8   0x00000004   Code   RO         2971    i.GPIO_SetBits      stm32f10x_gpio.o
    0x080006ec   0x00000014   Code   RO          211    i.HardFault_Handler  stm32f10x_it.o
    0x08000700   0x00000020   Code   RO          342    i.Hardware_Init     app.o
    0x08000720   0x00000090   Code   RO          680    i.LEDs_Init         led.o
    0x080007b0   0x00000194   Code   RO         1597    i.Mb_Fc01_Coil_Rd   modbus_slave.o
    0x08000944   0x00000190   Code   RO         1598    i.Mb_Fc02_Di_Rd     modbus_slave.o
    0x08000ad4   0x00000134   Code   RO         1599    i.Mb_Fc03_Holding_Reg_Rd  modbus_slave.o
    0x08000c08   0x00000130   Code   RO         1600    i.Mb_Fc04_In_Reg_Rd  modbus_slave.o
    0x08000d38   0x000000fc   Code   RO         1601    i.Mb_Fc05_Coil_Wr   modbus_slave.o
    0x08000e34   0x000000e0   Code   RO         1602    i.Mb_Fc06_Holding_Reg_Wr  modbus_slave.o
    0x08000f14   0x0000014c   Code   RO         1603    i.Mb_Fc16_Multiple_Holding_Reg_Wr  modbus_slave.o
    0x08001060   0x00000024   Code   RO          212    i.MemManage_Handler  stm32f10x_it.o
    0x08001084   0x00000110   Code   RO          440    i.Modbus_Cmd_Handle  task_modbus_process.o
    0x08001194   0x00000010   Code   RO         1506    i.Modbus_Coil_Rd    modbus.o
    0x080011a4   0x00000010   Code   RO         1507    i.Modbus_Coil_Wr    modbus.o
    0x080011b4   0x00000010   Code   RO         1508    i.Modbus_Di_Rd      modbus.o
    0x080011c4   0x00000014   Code   RO         1510    i.Modbus_Holding_Reg_Rd  modbus.o
    0x080011d8   0x00000014   Code   RO         1512    i.Modbus_Holding_Reg_Wr  modbus.o
    0x080011ec   0x00000014   Code   RO         1514    i.Modbus_Input_Reg_Rd  modbus.o
    0x08001200   0x0000001c   Code   RO          213    i.NMI_Handler       stm32f10x_it.o
    0x0800121c   0x00000070   Code   RO         1668    i.NVIC_Init         misc.o
    0x0800128c   0x00000014   Code   RO         1669    i.NVIC_PriorityGroupConfig  misc.o
    0x080012a0   0x00000020   Code   RO         3426    i.RCC_AHBPeriphClockCmd  stm32f10x_rcc.o
    0x080012c0   0x00000020   Code   RO         3428    i.RCC_APB1PeriphClockCmd  stm32f10x_rcc.o
    0x080012e0   0x00000020   Code   RO         3430    i.RCC_APB2PeriphClockCmd  stm32f10x_rcc.o
    0x08001300   0x00000190   Code   RO         3438    i.RCC_GetClocksFreq  stm32f10x_rcc.o
    0x08001490   0x0000005c   Code   RO          637    i.SPI1_Init         spi.o
    0x080014ec   0x00000044   Code   RO          638    i.SPI1_Pin_Init     spi.o
    0x08001530   0x00000024   Code   RO          639    i.SPI1_RCC_Init     spi.o
    0x08001554   0x00000054   Code   RO          640    i.SPI1_ReadWriteByte  spi.o
    0x080015a8   0x00000064   Code   RO          704    i.SPIFlashWritePage  w25x16.o
    0x0800160c   0x00000018   Code   RO         3996    i.SPI_Cmd           stm32f10x_spi.o
    0x08001624   0x0000003c   Code   RO         4009    i.SPI_Init          stm32f10x_spi.o
    0x08001660   0x00000008   Code   RO         4972    i.SetSysClock       system_stm32f10x.o
    0x08001668   0x00000118   Code   RO         4973    i.SetSysClockTo72   system_stm32f10x.o
    0x08001780   0x00000038   Code   RO          706    i.SpiFlashEraseChip  w25x16.o
    0x080017b8   0x00000050   Code   RO          707    i.SpiFlashEraseSector  w25x16.o
    0x08001808   0x0000001c   Code   RO          708    i.SpiFlashInit      w25x16.o
    0x08001824   0x00000060   Code   RO          710    i.SpiFlashRead      w25x16.o
    0x08001884   0x00000054   Code   RO          711    i.SpiFlashReadID    w25x16.o
    0x080018d8   0x00000038   Code   RO          712    i.SpiFlashReadSR    w25x16.o
    0x08001910   0x00000012   Code   RO          713    i.SpiFlashWaitBusy  w25x16.o
    0x08001922   0x00000002   PAD
    0x08001924   0x000000b4   Code   RO          715    i.SpiFlashWrite     w25x16.o
    0x080019d8   0x0000002c   Code   RO          717    i.SpiFlashWriteEnable  w25x16.o
    0x08001a04   0x00000046   Code   RO          718    i.SpiFlashWriteNoCheck  w25x16.o
    0x08001a4a   0x00000002   PAD
    0x08001a4c   0x0000006c   Code   RO         4975    i.SystemInit        system_stm32f10x.o
    0x08001ab8   0x0000004c   Code   RO          403    i.Task_Led_Toggle   task_led_toggle.o
    0x08001b04   0x00000040   Code   RO          404    i.Task_Led_Toggle_Init  task_led_toggle.o
    0x08001b44   0x0000008c   Code   RO          441    i.Task_Modbus_Process  task_modbus_process.o
    0x08001bd0   0x00000044   Code   RO          442    i.Task_Modbus_Process_Init  task_modbus_process.o
    0x08001c14   0x0000000c   Code   RO          343    i.Tasks_Init        app.o
    0x08001c20   0x000000b0   Code   RO          504    i.USART1_DMA_Init   usart.o
    0x08001cd0   0x00000020   Code   RO          505    i.USART1_DMA_Send   usart.o
    0x08001cf0   0x00000064   Code   RO          443    i.USART1_IRQHandler  task_modbus_process.o
    0x08001d54   0x00000094   Code   RO          506    i.USART1_Init       usart.o
    0x08001de8   0x00000022   Code   RO          507    i.USART1_NVICConfig_Init  usart.o
    0x08001e0a   0x00000002   PAD
    0x08001e0c   0x0000003c   Code   RO          508    i.USART1_Pin_Init   usart.o
    0x08001e48   0x00000024   Code   RO          510    i.USART1_RCC_Init   usart.o
    0x08001e6c   0x000000b0   Code   RO          511    i.USART2_DMA_Init   usart.o
    0x08001f1c   0x0000003c   Code   RO          513    i.USART2_IRQHandler  usart.o
    0x08001f58   0x00000094   Code   RO          514    i.USART2_Init       usart.o
    0x08001fec   0x00000022   Code   RO          515    i.USART2_NVICConfig_Init  usart.o
    0x0800200e   0x00000002   PAD
    0x08002010   0x00000038   Code   RO          516    i.USART2_Pin_Init   usart.o
    0x08002048   0x0000002c   Code   RO          518    i.USART2_RCC_Init   usart.o
    0x08002074   0x00000012   Code   RO         4707    i.USART_ClearFlag   stm32f10x_usart.o
    0x08002086   0x00000018   Code   RO         4711    i.USART_Cmd         stm32f10x_usart.o
    0x0800209e   0x00000012   Code   RO         4712    i.USART_DMACmd      stm32f10x_usart.o
    0x080020b0   0x0000001a   Code   RO         4714    i.USART_GetFlagStatus  stm32f10x_usart.o
    0x080020ca   0x00000054   Code   RO         4715    i.USART_GetITStatus  stm32f10x_usart.o
    0x0800211e   0x0000004a   Code   RO         4717    i.USART_ITConfig    stm32f10x_usart.o
    0x08002168   0x000000d8   Code   RO         4718    i.USART_Init        stm32f10x_usart.o
    0x08002240   0x00000008   Code   RO         4728    i.USART_SendData    stm32f10x_usart.o
    0x08002248   0x0000001c   Code   RO          215    i.UsageFault_Handler  stm32f10x_it.o
    0x08002264   0x00000020   Code   RO          519    i.Usart1_DMA_TX_NVIC_Init  usart.o
    0x08002284   0x00000022   Code   RO          520    i.Usart2_DMA_TX_NVIC_Init  usart.o
    0x080022a6   0x00000002   PAD
    0x080022a8   0x00000010   Code   RO         5028    i.__0printf$bare    mc_w.l(printfb.o)
    0x080022b8   0x0000000e   Code   RO         5328    i.__scatterload_copy  mc_w.l(handlers.o)
    0x080022c6   0x00000002   Code   RO         5329    i.__scatterload_null  mc_w.l(handlers.o)
    0x080022c8   0x0000000e   Code   RO         5330    i.__scatterload_zeroinit  mc_w.l(handlers.o)
    0x080022d6   0x00000022   Code   RO         5035    i._printf_core      mc_w.l(printfb.o)
    0x080022f8   0x000000e4   Code   RO          344    i.flash_test        app.o
    0x080023dc   0x00000024   Code   RO          522    i.fputc             usart.o
    0x08002400   0x00000014   Code   RO            4    i.main              main.o
    0x08002414   0x00000098   Code   RO         1084    i.prvAddCurrentTaskToDelayedList  tasks.o
    0x080024ac   0x00000030   Code   RO          955    i.prvAllocateQueueMemory  queue.o
    0x080024dc   0x00000044   Code   RO         1085    i.prvAllocateTCBAndStack  tasks.o
    0x08002520   0x00000064   Code   RO         1086    i.prvCheckTasksWaitingTermination  tasks.o
    0x08002584   0x0000002a   Code   RO          956    i.prvCopyDataFromQueue  queue.o
    0x080025ae   0x00000080   Code   RO          957    i.prvCopyDataToQueue  queue.o
    0x0800262e   0x00000012   Code   RO         1087    i.prvDeleteTCB      tasks.o
    0x08002640   0x0000007c   Code   RO         1382    i.prvHeapInit       heap_4.o
    0x080026bc   0x00000028   Code   RO         1088    i.prvIdleTask       tasks.o
    0x080026e4   0x00000062   Code   RO         1089    i.prvInitialiseTCBVariables  tasks.o
    0x08002746   0x00000002   PAD
    0x08002748   0x00000068   Code   RO         1090    i.prvInitialiseTaskLists  tasks.o
    0x080027b0   0x00000068   Code   RO         1383    i.prvInsertBlockIntoFreeList  heap_4.o
    0x08002818   0x0000001a   Code   RO          958    i.prvIsQueueEmpty   queue.o
    0x08002832   0x0000001e   Code   RO          959    i.prvIsQueueFull    queue.o
    0x08002850   0x00000034   Code   RO         1091    i.prvResetNextTaskUnblockTime  tasks.o
    0x08002884   0x00000016   Code   RO         1432    i.prvTaskExitError  port.o
    0x0800289a   0x0000007e   Code   RO          960    i.prvUnlockQueue    queue.o
    0x08002918   0x000000d0   Code   RO         1384    i.pvPortMalloc      heap_4.o
    0x080029e8   0x00000020   Code   RO         1093    i.pvTaskIncrementMutexHeldCount  tasks.o
    0x08002a08   0x00000020   Code   RO         1433    i.pxPortInitialiseStack  port.o
    0x08002a28   0x00000028   Code   RO          919    i.uxListRemove      list.o
    0x08002a50   0x0000001a   Code   RO          920    i.vListInitialise   list.o
    0x08002a6a   0x00000006   Code   RO          921    i.vListInitialiseItem  list.o
    0x08002a70   0x00000034   Code   RO          922    i.vListInsert       list.o
    0x08002aa4   0x00000018   Code   RO          923    i.vListInsertEnd    list.o
    0x08002abc   0x00000024   Code   RO         1435    i.vPortEnterCritical  port.o
    0x08002ae0   0x00000020   Code   RO         1436    i.vPortExitCritical  port.o
    0x08002b00   0x00000048   Code   RO         1385    i.vPortFree         heap_4.o
    0x08002b48   0x00000014   Code   RO         1437    i.vPortSetupTimerInterrupt  port.o
    0x08002b5c   0x00000034   Code   RO         1099    i.vTaskDelay        tasks.o
    0x08002b90   0x0000000c   Code   RO         1103    i.vTaskMissedYield  tasks.o
    0x08002b9c   0x00000020   Code   RO         1105    i.vTaskPlaceOnEventList  tasks.o
    0x08002bbc   0x000000b0   Code   RO         1107    i.vTaskPriorityInherit  tasks.o
    0x08002c6c   0x00000018   Code   RO         1110    i.vTaskSetTimeOutState  tasks.o
    0x08002c84   0x00000074   Code   RO         1111    i.vTaskStartScheduler  tasks.o
    0x08002cf8   0x00000010   Code   RO         1113    i.vTaskSuspendAll   tasks.o
    0x08002d08   0x00000060   Code   RO         1114    i.vTaskSwitchContext  tasks.o
    0x08002d68   0x00000034   Code   RO         1438    i.xPortStartScheduler  port.o
    0x08002d9c   0x00000034   Code   RO         1439    i.xPortSysTickHandler  port.o
    0x08002dd0   0x0000003a   Code   RO          965    i.xQueueCreateMutex  queue.o
    0x08002e0a   0x0000003c   Code   RO          966    i.xQueueGenericCreate  queue.o
    0x08002e46   0x00000002   PAD
    0x08002e48   0x0000014c   Code   RO          967    i.xQueueGenericReceive  queue.o
    0x08002f94   0x0000007c   Code   RO          968    i.xQueueGenericReset  queue.o
    0x08003010   0x00000110   Code   RO          969    i.xQueueGenericSend  queue.o
    0x08003120   0x0000006e   Code   RO          971    i.xQueueGiveFromISR  queue.o
    0x0800318e   0x00000002   PAD
    0x08003190   0x0000005c   Code   RO         1115    i.xTaskCheckForTimeOut  tasks.o
    0x080031ec   0x0000010c   Code   RO         1116    i.xTaskGenericCreate  tasks.o
    0x080032f8   0x00000120   Code   RO         1122    i.xTaskIncrementTick  tasks.o
    0x08003418   0x00000084   Code   RO         1125    i.xTaskPriorityDisinherit  tasks.o
    0x0800349c   0x00000080   Code   RO         1126    i.xTaskRemoveFromEventList  tasks.o
    0x0800351c   0x000000f0   Code   RO         1128    i.xTaskResumeAll    tasks.o
    0x0800360c   0x00000020   Data   RO         5326    Region$$Table       anon$$obj.o


    Execution Region RW_IRAM1 (Base: 0x20000000, Size: 0x00008988, Max: 0x00010000, ABSOLUTE)

    Base Addr    Size         Type   Attr      Idx    E Section Name        Object

    0x20000000   0x00000010   Data   RW          444    .data               task_modbus_process.o
    0x20000010   0x0000003c   Data   RW         1131    .data               tasks.o
    0x2000004c   0x00000018   Data   RW         1390    .data               heap_4.o
    0x20000064   0x00000004   Data   RW         1440    .data               port.o
    0x20000068   0x00000001   Data   RW         1517    .data               modbus.o
    0x20000069   0x00000001   Data   RW         1604    .data               modbus_slave.o
    0x2000006a   0x00000014   Data   RW         3466    .data               stm32f10x_rcc.o
    0x2000007e   0x00000002   PAD
    0x20000080   0x00000004   Data   RW         5020    .data               mc_w.l(stdout.o)
    0x20000084   0x00002710   Zero   RW          345    .bss                app.o
    0x20002794   0x00000406   Zero   RW          523    .bss                usart.o
    0x20002b9a   0x00001000   Zero   RW          720    .bss                w25x16.o
    0x20003b9a   0x00000002   PAD
    0x20003b9c   0x000000dc   Zero   RW         1130    .bss                tasks.o
    0x20003c78   0x00004400   Zero   RW         1389    .bss                heap_4.o
    0x20008078   0x0000050a   Zero   RW         1516    .bss                modbus.o
    0x20008582   0x00000006   PAD
    0x20008588   0x00000400   Zero   RW         4962    STACK               startup_stm32f10x_cl.o


==============================================================================

Image component sizes


      Code (inc. data)   RO Data    RW Data    ZI Data      Debug   Object Name

       272        116          0          0      10000       2767   app.o
         0          0          0          0          0      17556   event_groups.o
       508         62          0         24      17408       4007   heap_4.o
       144          6          0          0          0        540   led.o
       148          0          0          0          0       3218   list.o
        20          0          0          0          0     284943   main.o
       132         22          0          0          0       1779   misc.o
       108         30          0          1       1290       4067   modbus.o
      2282         36          0          1          0      10314   modbus_slave.o
        12          0          0          0          0        414   nvic.o
       396         50          0          4          0       9264   port.o
      1356         12          0          0          0      10854   queue.o
       280         20          0          0          0       2021   spi.o
        36          8        336          0       1024        812   startup_stm32f10x_cl.o
       474         18          0          0          0       6195   stm32f10x_dma.o
       430          6          0          0          0       4210   stm32f10x_gpio.o
       168        102          0          0          0       2537   stm32f10x_it.o
       496         44          0         20          0       6162   stm32f10x_rcc.o
        84          0          0          0          0       2373   stm32f10x_spi.o
       468          6          0          0          0       7322   stm32f10x_usart.o
       396         32          0          0          0       2017   system_stm32f10x.o
       140         28          0          0          0        973   task_led_toggle.o
       648         92          0         16          0       4120   task_modbus_process.o
      2336        346          0         60        220      34665   tasks.o
      1130         80          0          0       1030       9723   usart.o
       812         48          0          0       4096       6862   w25x16.o

    ----------------------------------------------------------------------
     13300       1164        368        128      35076     439715   Object Totals
         0          0         32          0          0          0   (incl. Generated)
        24          0          0          2          8          0   (incl. Padding)

    ----------------------------------------------------------------------

      Code (inc. data)   RO Data    RW Data    ZI Data      Debug   Library Member Name

         0          0          0          0          0          0   entry.o
         0          0          0          0          0          0   entry10a.o
         0          0          0          0          0          0   entry11a.o
         8          4          0          0          0          0   entry2.o
         4          0          0          0          0          0   entry5.o
         0          0          0          0          0          0   entry7b.o
         0          0          0          0          0          0   entry8b.o
         8          4          0          0          0          0   entry9a.o
        30          0          0          0          0          0   handlers.o
        36          8          0          0          0         68   init.o
        26          0          0          0          0         80   memcmp.o
        36          0          0          0          0         68   memcpya.o
        50          8          0          0          0        152   printfb.o
         0          0          0          4          0          0   stdout.o

    ----------------------------------------------------------------------
       200         24          0          4          0        368   Library Totals
         2          0          0          0          0          0   (incl. Padding)

    ----------------------------------------------------------------------

      Code (inc. data)   RO Data    RW Data    ZI Data      Debug   Library Name

       198         24          0          4          0        368   mc_w.l

    ----------------------------------------------------------------------
       200         24          0          4          0        368   Library Totals

    ----------------------------------------------------------------------

==============================================================================


      Code (inc. data)   RO Data    RW Data    ZI Data      Debug   

     13500       1188        368        132      35076     432695   Grand Totals
     13500       1188        368        132      35076     432695   ELF Image Totals
     13500       1188        368        132          0          0   ROM Totals

==============================================================================

    Total RO  Size (Code + RO Data)                13868 (  13.54kB)
    Total RW  Size (RW Data + ZI Data)             35208 (  34.38kB)
    Total ROM Size (Code + RO Data + RW Data)      14000 (  13.67kB)

==============================================================================

